Component: ARM Compiler 5.06 update 6 (build 750) Tool: armlink [4d35ed]

==============================================================================

Section Cross References

    main.o(i.SendTimer_handler) refers to main.o(i.advertising_start) for advertising_start
    main.o(i.advertising_config_get) refers to memseta.o(.text) for __aeabi_memclr4
    main.o(i.advertising_init) refers to memseta.o(.text) for __aeabi_memclr4
    main.o(i.advertising_init) refers to ble_advertising.o(i.ble_advertising_init) for ble_advertising_init
    main.o(i.advertising_init) refers to app_error.o(i.app_error_handler_bare) for app_error_handler_bare
    main.o(i.advertising_init) refers to ble_advertising.o(i.ble_advertising_conn_cfg_tag_set) for ble_advertising_conn_cfg_tag_set
    main.o(i.advertising_init) refers to main.o(.data) for m_adv_uuids
    main.o(i.advertising_init) refers to main.o(i.on_adv_evt) for on_adv_evt
    main.o(i.advertising_init) refers to main.o(.bss) for m_advertising
    main.o(i.advertising_start) refers to ble_advertising.o(i.ble_advertising_start) for ble_advertising_start
    main.o(i.advertising_start) refers to app_error.o(i.app_error_handler_bare) for app_error_handler_bare
    main.o(i.advertising_start) refers to main.o(.bss) for m_advertising
    main.o(i.assert_nrf_callback) refers to app_error_handler_keil.o(.emb_text) for app_error_handler
    main.o(i.ble_dfu_evt_handler) refers to main.o(i.advertising_config_get) for advertising_config_get
    main.o(i.ble_dfu_evt_handler) refers to ble_advertising.o(i.ble_advertising_modes_config_set) for ble_advertising_modes_config_set
    main.o(i.ble_dfu_evt_handler) refers to ble_conn_state.o(i.ble_conn_state_for_each_connected) for ble_conn_state_for_each_connected
    main.o(i.ble_dfu_evt_handler) refers to main.o(.bss) for m_advertising
    main.o(i.ble_dfu_evt_handler) refers to main.o(i.disconnect) for disconnect
    main.o(i.ble_evt_handler) refers to bsp.o(i.bsp_indication_set) for bsp_indication_set
    main.o(i.ble_evt_handler) refers to app_error.o(i.app_error_handler_bare) for app_error_handler_bare
    main.o(i.ble_evt_handler) refers to nrf_ble_qwr.o(i.nrf_ble_qwr_conn_handle_assign) for nrf_ble_qwr_conn_handle_assign
    main.o(i.ble_evt_handler) refers to main.o(.data) for m_conn_handle
    main.o(i.ble_evt_handler) refers to main.o(.bss) for m_qwr
    main.o(i.ble_stack_init) refers to nrf_sdh.o(i.nrf_sdh_enable_request) for nrf_sdh_enable_request
    main.o(i.ble_stack_init) refers to app_error.o(i.app_error_handler_bare) for app_error_handler_bare
    main.o(i.ble_stack_init) refers to nrf_sdh_ble.o(i.nrf_sdh_ble_default_cfg_set) for nrf_sdh_ble_default_cfg_set
    main.o(i.ble_stack_init) refers to nrf_sdh_ble.o(i.nrf_sdh_ble_enable) for nrf_sdh_ble_enable
    main.o(i.bsp_event_handler) refers to main.o(i.sleep_mode_enter) for sleep_mode_enter
    main.o(i.bsp_event_handler) refers to app_error.o(i.app_error_handler_bare) for app_error_handler_bare
    main.o(i.bsp_event_handler) refers to ble_advertising.o(i.ble_advertising_restart_without_whitelist) for ble_advertising_restart_without_whitelist
    main.o(i.bsp_event_handler) refers to main.o(.data) for m_conn_handle
    main.o(i.bsp_event_handler) refers to main.o(.bss) for m_advertising
    main.o(i.buttons_leds_init) refers to bsp.o(i.bsp_init) for bsp_init
    main.o(i.buttons_leds_init) refers to app_error.o(i.app_error_handler_bare) for app_error_handler_bare
    main.o(i.buttons_leds_init) refers to bsp_btn_ble.o(i.bsp_btn_ble_init) for bsp_btn_ble_init
    main.o(i.buttons_leds_init) refers to main.o(i.bsp_event_handler) for bsp_event_handler
    main.o(i.conn_params_error_handler) refers to app_error.o(i.app_error_handler_bare) for app_error_handler_bare
    main.o(i.conn_params_init) refers to memseta.o(.text) for __aeabi_memclr4
    main.o(i.conn_params_init) refers to ble_conn_params.o(i.ble_conn_params_init) for ble_conn_params_init
    main.o(i.conn_params_init) refers to app_error.o(i.app_error_handler_bare) for app_error_handler_bare
    main.o(i.conn_params_init) refers to main.o(i.on_conn_params_evt) for on_conn_params_evt
    main.o(i.conn_params_init) refers to main.o(i.conn_params_error_handler) for conn_params_error_handler
    main.o(i.gap_params_init) refers to app_error.o(i.app_error_handler_bare) for app_error_handler_bare
    main.o(i.gatt_evt_handler) refers to main.o(.data) for m_conn_handle
    main.o(i.gatt_init) refers to nrf_ble_gatt.o(i.nrf_ble_gatt_init) for nrf_ble_gatt_init
    main.o(i.gatt_init) refers to app_error.o(i.app_error_handler_bare) for app_error_handler_bare
    main.o(i.gatt_init) refers to nrf_ble_gatt.o(i.nrf_ble_gatt_att_mtu_periph_set) for nrf_ble_gatt_att_mtu_periph_set
    main.o(i.gatt_init) refers to main.o(i.gatt_evt_handler) for gatt_evt_handler
    main.o(i.gatt_init) refers to main.o(.bss) for m_gatt
    main.o(i.idle_state_handle) refers to nrf_pwr_mgmt.o(i.nrf_pwr_mgmt_run) for nrf_pwr_mgmt_run
[...]
    current_long_push_pin_no                 0x200041c4   Data           1  bsp.o(.data)
    release_event_at_push                    0x200041c5   Data           4  bsp.o(.data)
    .data                                    0x200041cc   Section        8  bsp_btn_ble.o(.data)
    m_error_handler                          0x200041cc   Data           4  bsp_btn_ble.o(.data)
    m_num_connections                        0x200041d0   Data           4  bsp_btn_ble.o(.data)
    .data                                    0x200041d4   Section        8  ble_conn_params.o(.data)
    m_preferred_conn_params                  0x200041d4   Data           8  ble_conn_params.o(.data)
    .data                                    0x200041dc   Section       74  ble_dis.o(.data)
    service_handle                           0x200041dc   Data           2  ble_dis.o(.data)
    manufact_name_handles                    0x200041de   Data           8  ble_dis.o(.data)
    model_num_handles                        0x200041e6   Data           8  ble_dis.o(.data)
    serial_num_handles                       0x200041ee   Data           8  ble_dis.o(.data)
    hw_rev_handles                           0x200041f6   Data           8  ble_dis.o(.data)
    fw_rev_handles                           0x200041fe   Data           8  ble_dis.o(.data)
    sw_rev_handles                           0x20004206   Data           8  ble_dis.o(.data)
    sys_id_handles                           0x2000420e   Data           8  ble_dis.o(.data)
    reg_cert_data_list_handles               0x20004216   Data           8  ble_dis.o(.data)
    pnp_id_handles                           0x2000421e   Data           8  ble_dis.o(.data)
    .data                                    0x20004228   Section        9  nrf_drv_uart.o(.data)
    m_handlers                               0x20004228   Data           4  nrf_drv_uart.o(.data)
    m_contexts                               0x2000422c   Data           4  nrf_drv_uart.o(.data)
    .data                                    0x20004234   Section        8  nrfx_clock.o(.data)
    m_clock_cb                               0x20004234   Data           8  nrfx_clock.o(.data)
    .data                                    0x2000423c   Section        8  nrfx_prs.o(.data)
    m_prs_box_4                              0x2000423c   Data           8  nrfx_prs.o(.data)
    .data                                    0x20004244   Section        5  nrfx_ppi.o(.data)
    m_channels_allocated                     0x20004244   Data           4  nrfx_ppi.o(.data)
    m_groups_allocated                       0x20004248   Data           1  nrfx_ppi.o(.data)
    .data                                    0x20004249   Section        1  nrf_drv_ppi.o(.data)
    m_drv_state                              0x20004249   Data           1  nrf_drv_ppi.o(.data)
    .data                                    0x20004250   Section       36  app_timer2.o(.data)
    m_rtc_inst                               0x20004250   Data           8  app_timer2.o(.data)
    mp_active_timer                          0x20004258   Data           4  app_timer2.o(.data)
    m_global_active                          0x2000425c   Data           1  app_timer2.o(.data)
    m_base_counter                           0x20004260   Data           8  app_timer2.o(.data)
    m_stamp64                                0x20004268   Data           8  app_timer2.o(.data)
    m_app_timer_sortlist_sortlist_cb         0x20004270   Data           4  app_timer2.o(.data)
    .data                                    0x20004274   Section       27  app_uart_fifo.o(.data)
    app_uart_inst                            0x20004274   Data          20  app_uart_fifo.o(.data)
    m_event_handler                          0x20004288   Data           4  app_uart_fifo.o(.data)
    tx_buffer                                0x2000428c   Data           1  app_uart_fifo.o(.data)
    rx_buffer                                0x2000428d   Data           1  app_uart_fifo.o(.data)
    m_rx_ovf                                 0x2000428e   Data           1  app_uart_fifo.o(.data)
    .data                                    0x20004290   Section       12  drv_rtc.o(.data)
    m_handlers                               0x20004290   Data           4  drv_rtc.o(.data)
    m_cb                                     0x20004294   Data           8  drv_rtc.o(.data)
    .data                                    0x2000429c   Section        9  nrf_pwr_mgmt.o(.data)
    m_pwr_mgmt_evt                           0x2000429c   Data           1  nrf_pwr_mgmt.o(.data)
    m_sysoff_mtx                             0x200042a0   Data           4  nrf_pwr_mgmt.o(.data)
    m_shutdown_started                       0x200042a4   Data           1  nrf_pwr_mgmt.o(.data)
    .data                                    0x200042a5   Section        3  nrf_sdh.o(.data)
    m_nrf_sdh_enabled                        0x200042a5   Data           1  nrf_sdh.o(.data)
    m_nrf_sdh_suspended                      0x200042a6   Data           1  nrf_sdh.o(.data)
    m_nrf_sdh_continue                       0x200042a7   Data           1  nrf_sdh.o(.data)
    .data                                    0x200042a8   Section        1  nrf_sdh_ble.o(.data)
    m_stack_is_enabled                       0x200042a8   Data           1  nrf_sdh_ble.o(.data)
    .data                                    0x200042ac   Section        4  ble_dfu_unbonded.o(.data)
    .data                                    0x200042b0   Section        4  system_nrf52.o(.data)
    __tagsym$$used                           0x200042b0   Number         0  system_nrf52.o(.data)
    .bss                                     0x200042b8   Section     1900  main.o(.bss)
    m_gatt                                   0x200042b8   Data          20  main.o(.bss)
    m_qwr                                    0x200042cc   Data          12  main.o(.bss)
    m_advertising                            0x200042d8   Data        1076  main.o(.bss)
    SendTimer_data                           0x20004710   Data          32  main.o(.bss)
    data_array                               0x20004730   Data         244  main.o(.bss)
    rx_buf                                   0x20004824   Data         256  main.o(.bss)
    tx_buf                                   0x20004924   Data         256  main.o(.bss)
    .bss                                     0x20004a28   Section      112  bsp.o(.bss)
    m_bsp_leds_tmr_data                      0x20004a28   Data          32  bsp.o(.bss)
    m_bsp_alert_tmr_data                     0x20004a48   Data          32  bsp.o(.bss)
    m_events_list                            0x20004a68   Data          12  bsp.o(.bss)
    m_bsp_button_tmr_data                    0x20004a78   Data          32  bsp.o(.bss)
    .bss                                     0x20004a98   Section       80  ble_conn_params.o(.bss)
    m_timer_data                             0x20004a98   Data          32  ble_conn_params.o(.bss)
    m_conn_params_instances                  0x20004ab8   Data          20  ble_conn_params.o(.bss)
    m_conn_params_config                     0x20004acc   Data          28  ble_conn_params.o(.bss)
    .bss                                     0x20004ae8   Section      124  ble_conn_state.o(.bss)
    m_bcs                                    0x20004ae8   Data         124  ble_conn_state.o(.bss)
    .bss                                     0x20004b64   Section       20  nrf_drv_clock.o(.bss)
    m_clock_cb                               0x20004b64   Data          20  nrf_drv_clock.o(.bss)
    .bss                                     0x20004b78   Section       92  nrfx_gpiote.o(.bss)
    m_cb                                     0x20004b78   Data          92  nrfx_gpiote.o(.bss)
    .bss                                     0x20004bd4   Section       44  nrfx_uart.o(.bss)
    m_cb                                     0x20004bd4   Data          44  nrfx_uart.o(.bss)
    .bss                                     0x20004c00   Section       36  nrfx_uarte.o(.bss)
    m_cb                                     0x20004c00   Data          36  nrfx_uarte.o(.bss)
    .bss                                     0x20004c24   Section       24  nrfx_timer.o(.bss)
    m_cb                                     0x20004c24   Data          24  nrfx_timer.o(.bss)
    .bss                                     0x20004c3c   Section      104  app_timer2.o(.bss)
    m_req_fifo_data                          0x20004c3c   Data          88  app_timer2.o(.bss)
    m_req_fifo_inst                          0x20004c94   Data          16  app_timer2.o(.bss)
    .bss                                     0x20004ca4   Section       32  app_uart_fifo.o(.bss)
    m_rx_fifo                                0x20004ca4   Data          16  app_uart_fifo.o(.bss)
    m_tx_fifo                                0x20004cb4   Data          16  app_uart_fifo.o(.bss)
    .bss                                     0x20004cc4   Section       12  app_util_platform.o(.bss)
    .bss                                     0x20004cd0   Section       12  nrf_pwr_mgmt.o(.bss)
    m_handlers_iter                          0x20004cd0   Data          12  nrf_pwr_mgmt.o(.bss)
    .bss                                     0x20004cdc   Section       28  ble_dfu.o(.bss)
    m_dfu                                    0x20004cdc   Data          28  ble_dfu.o(.bss)
    .bss                                     0x20004cf8   Section       40  ble_dfu_unbonded.o(.bss)
    nrf_dfu_set_adv_name_svci_async_def      0x20004cf8   Data          12  ble_dfu_unbonded.o(.bss)
    m_adv_name                               0x20004d04   Data          28  ble_dfu_unbonded.o(.bss)
    STACK                                    0x20004d20   Section     8192  arm_startup_nrf52.o(STACK)

    Global Symbols

    Symbol Name                              Value     Ov Type        Size  Object(Section)

    BuildAttributes$$THM_ISAv4$E$P$D$K$B$S$7EM$VFPi3$EXTD16$VFPS$VFMA$PE$A:L22UL41UL21$X:L11$S22US41US21$IEEE1$IW$USESV6$~STKCKD$USESV7$~SHL$OSPACE$EBA8$MICROLIB$REQ8$EABIv2 0x00000000   Number         0  anon$$obj.o ABSOLUTE
    __ARM_use_no_argv                        0x00000000   Number         0  main.o ABSOLUTE
    __cpp_initialize__aeabi_                  - Undefined Weak Reference
    __cxa_finalize                            - Undefined Weak Reference
    _clock_init                               - Undefined Weak Reference
    _microlib_exit                            - Undefined Weak Reference
    pwr_mgmt_data0$$Base                      - Undefined Reference
    pwr_mgmt_data0$$Limit                     - Undefined Reference
    pwr_mgmt_data1$$Base                      - Undefined Reference
    pwr_mgmt_data1$$Limit                     - Undefined Reference
    pwr_mgmt_data2$$Base                      - Undefined Reference
    pwr_mgmt_data2$$Limit                     - Undefined Reference
    sdh_req_observers0$$Base                  - Undefined Reference
    sdh_req_observers0$$Limit                 - Undefined Reference
    sdh_req_observers1$$Base                  - Undefined Reference
    sdh_req_observers1$$Limit                 - Undefined Reference
    sdh_stack_observers1$$Base                - Undefined Reference
    sdh_stack_observers1$$Limit               - Undefined Reference
    sdh_state_observers1$$Base                - Undefined Reference
    sdh_state_observers1$$Limit               - Undefined Reference
    __Vectors_Size                           0x00000200   Number         0  arm_startup_nrf52.o ABSOLUTE
    Load$$LR$$LR_IROM1$$Base                 0x00026000   Number         0  anon$$obj.o ABSOLUTE
    __Vectors                                0x00026000   Data           4  arm_startup_nrf52.o(RESET)
    __Vectors_End                            0x00026200   Data           0  arm_startup_nrf52.o(RESET)
    __main                                   0x00026201   Thumb Code     0  entry.o(.ARM.Collect$$$$00000000)
    _main_stk                                0x00026201   Thumb Code     0  entry2.o(.ARM.Collect$$$$00000001)
    _main_scatterload                        0x00026205   Thumb Code     0  entry5.o(.ARM.Collect$$$$00000004)
    __main_after_scatterload                 0x00026209   Thumb Code     0  entry5.o(.ARM.Collect$$$$00000004)
    _main_clock                              0x00026209   Thumb Code     0  entry7b.o(.ARM.Collect$$$$00000008)
    _main_cpp_init                           0x00026209   Thumb Code     0  entry8b.o(.ARM.Collect$$$$0000000A)
    _main_init                               0x00026209   Thumb Code     0  entry9a.o(.ARM.Collect$$$$0000000B)
    __rt_final_cpp                           0x00026211   Thumb Code     0  entry10a.o(.ARM.Collect$$$$0000000D)
    __rt_final_exit                          0x00026211   Thumb Code     0  entry11a.o(.ARM.Collect$$$$0000000F)
    __asm___12_nrf_atfifo_c_51f461e1__nrf_atfifo_wspace_req 0x00026215   Thumb Code    56  nrf_atfifo.o(.emb_text)
    __asm___12_nrf_atfifo_c_51f461e1__nrf_atfifo_wspace_close 0x0002624d   Thumb Code    18  nrf_atfifo.o(.emb_text)
    __asm___12_nrf_atfifo_c_51f461e1__nrf_atfifo_rspace_req 0x0002625f   Thumb Code    58  nrf_atfifo.o(.emb_text)
    __asm___12_nrf_atfifo_c_51f461e1__nrf_atfifo_rspace_close 0x00026299   Thumb Code    18  nrf_atfifo.o(.emb_text)
    __asm___12_nrf_atfifo_c_51f461e1__nrf_atfifo_space_clear 0x000262ab   Thumb Code    50  nrf_atfifo.o(.emb_text)
    __asm___12_nrf_atomic_c_85ca2469__nrf_atomic_internal_mov 0x000262dd   Thumb Code    24  nrf_atomic.o(.emb_text)
    __asm___12_nrf_atomic_c_85ca2469__nrf_atomic_internal_orr 0x000262f5   Thumb Code    26  nrf_atomic.o(.emb_text)
    __asm___12_nrf_atomic_c_85ca2469__nrf_atomic_internal_and 0x0002630f   Thumb Code    26  nrf_atomic.o(.emb_text)
    __asm___12_nrf_atomic_c_85ca2469__nrf_atomic_internal_eor 0x00026329   Thumb Code    26  nrf_atomic.o(.emb_text)
    __asm___12_nrf_atomic_c_85ca2469__nrf_atomic_internal_add 0x00026343   Thumb Code    26  nrf_atomic.o(.emb_text)
    __asm___12_nrf_atomic_c_85ca2469__nrf_atomic_internal_sub 0x0002635d   Thumb Code    26  nrf_atomic.o(.emb_text)
    __asm___12_nrf_atomic_c_85ca2469__nrf_atomic_internal_cmp_exch 0x00026377   Thumb Code    42  nrf_atomic.o(.emb_text)
    __asm___12_nrf_atomic_c_85ca2469__nrf_atomic_internal_sub_hs 0x000263a1   Thumb Code    30  nrf_atomic.o(.emb_text)
    Reset_Handler                            0x000263c1   Thumb Code     8  arm_startup_nrf52.o(.text)
    NMI_Handler                              0x000263c9   Thumb Code     2  arm_startup_nrf52.o(.text)
    HardFault_Handler                        0x000263cb   Thumb Code     2  arm_startup_nrf52.o(.text)
    MemoryManagement_Handler                 0x000263cd   Thumb Code     2  arm_startup_nrf52.o(.text)
    BusFault_Handler                         0x000263cf   Thumb Code     2  arm_startup_nrf52.o(.text)
    UsageFault_Handler                       0x000263d1   Thumb Code     2  arm_startup_nrf52.o(.text)
    SVC_Handler                              0x000263d3   Thumb Code     2  arm_startup_nrf52.o(.text)
    DebugMon_Handler                         0x000263d5   Thumb Code     2  arm_startup_nrf52.o(.text)
    PendSV_Handler                           0x000263d7   Thumb Code     2  arm_startup_nrf52.o(.text)
    SysTick_Handler                          0x000263d9   Thumb Code     2  arm_startup_nrf52.o(.text)
    CCM_AAR_IRQHandler                       0x000263db   Thumb Code     0  arm_startup_nrf52.o(.text)
    COMP_LPCOMP_IRQHandler                   0x000263db   Thumb Code     0  arm_startup_nrf52.o(.text)
    ECB_IRQHandler                           0x000263db   Thumb Code     0  arm_startup_nrf52.o(.text)
    FPU_IRQHandler                           0x000263db   Thumb Code     0  arm_startup_nrf52.o(.text)
    I2S_IRQHandler                           0x000263db   Thumb Code     0  arm_startup_nrf52.o(.text)
    MWU_IRQHandler                           0x000263db   Thumb Code     0  arm_startup_nrf52.o(.text)
    NFCT_IRQHandler                          0x000263db   Thumb Code     0  arm_startup_nrf52.o(.text)
    PDM_IRQHandler                           0x000263db   Thumb Code     0  arm_startup_nrf52.o(.text)
    PWM0_IRQHandler                          0x000263db   Thumb Code     0  arm_startup_nrf52.o(.text)
    PWM1_IRQHandler                          0x000263db   Thumb Code     0  arm_startup_nrf52.o(.text)
    PWM2_IRQHandler                          0x000263db   Thumb Code     0  arm_startup_nrf52.o(.text)
    QDEC_IRQHandler                          0x000263db   Thumb Code     0  arm_startup_nrf52.o(.text)
    RADIO_IRQHandler                         0x000263db   Thumb Code     0  arm_startup_nrf52.o(.text)
    RNG_IRQHandler                           0x000263db   Thumb Code     0  arm_startup_nrf52.o(.text)
    RTC0_IRQHandler                          0x000263db   Thumb Code     0  arm_startup_nrf52.o(.text)
    RTC2_IRQHandler                          0x000263db   Thumb Code     0  arm_startup_nrf52.o(.text)
    SAADC_IRQHandler                         0x000263db   Thumb Code     0  arm_startup_nrf52.o(.text)
    SPIM0_SPIS0_TWIM0_TWIS0_SPI0_TWI0_IRQHandler 0x000263db   Thumb Code     0  arm_startup_nrf52.o(.text)
    SPIM1_SPIS1_TWIM1_TWIS1_SPI1_TWI1_IRQHandler 0x000263db   Thumb Code     0  arm_startup_nrf52.o(.text)
    SPIM2_SPIS2_SPI2_IRQHandler              0x000263db   Thumb Code     0  arm_startup_nrf52.o(.text)
    SWI0_EGU0_IRQHandler                     0x000263db   Thumb Code     0  arm_startup_nrf52.o(.text)
    SWI1_EGU1_IRQHandler                     0x000263db   Thumb Code     0  arm_startup_nrf52.o(.text)
    SWI3_EGU3_IRQHandler                     0x000263db   Thumb Code     0  arm_startup_nrf52.o(.text)
    SWI4_EGU4_IRQHandler                     0x000263db   Thumb Code     0  arm_startup_nrf52.o(.text)
    SWI5_EGU5_IRQHandler                     0x000263db   Thumb Code     0  arm_startup_nrf52.o(.text)
    TEMP_IRQHandler                          0x000263db   Thumb Code     0  arm_startup_nrf52.o(.text)
    TIMER0_IRQHandler                        0x000263db   Thumb Code     0  arm_startup_nrf52.o(.text)
    TIMER3_IRQHandler                        0x000263db   Thumb Code     0  arm_startup_nrf52.o(.text)
    TIMER4_IRQHandler                        0x000263db   Thumb Code     0  arm_startup_nrf52.o(.text)
    WDT_IRQHandler                           0x000263db   Thumb Code     0  arm_startup_nrf52.o(.text)
    __aeabi_uldivmod                         0x000263e5   Thumb Code    98  uldiv.o(.text)
    __aeabi_llsl                             0x00026447   Thumb Code    30  llshl.o(.text)
    _ll_shift_l                              0x00026447   Thumb Code     0  llshl.o(.text)
    __aeabi_memcpy                           0x00026465   Thumb Code    36  memcpya.o(.text)
    __aeabi_memcpy4                          0x00026465   Thumb Code     0  memcpya.o(.text)
    __aeabi_memcpy8                          0x00026465   Thumb Code     0  memcpya.o(.text)
    __aeabi_memset                           0x00026489   Thumb Code    14  memseta.o(.text)
    __aeabi_memset4                          0x00026489   Thumb Code     0  memseta.o(.text)
    __aeabi_memset8                          0x00026489   Thumb Code     0  memseta.o(.text)
    __aeabi_memclr                           0x00026497   Thumb Code     4  memseta.o(.text)
    __aeabi_memclr4                          0x00026497   Thumb Code     0  memseta.o(.text)
    __aeabi_memclr8                          0x00026497   Thumb Code     0  memseta.o(.text)
    _memset$wrapper                          0x0002649b   Thumb Code    18  memseta.o(.text)
    strlen                                   0x000264ad   Thumb Code    14  strlen.o(.text)
    __aeabi_llsr                             0x000264bb   Thumb Code    32  llushr.o(.text)
    _ll_ushift_r                             0x000264bb   Thumb Code     0  llushr.o(.text)
    __scatterload                            0x000264dd   Thumb Code    28  init.o(.text)
    __scatterload_rt2                        0x000264dd   Thumb Code     0  init.o(.text)
    __decompress                             0x00026501   Thumb Code     0  __dczerorl.o(.text)
    __decompress0                            0x00026501   Thumb Code    58  __dczerorl.o(.text)
    GPIOTE_IRQHandler                        0x0002653d   Thumb Code   528  nrfx_gpiote.o(i.GPIOTE_IRQHandler)
    POWER_CLOCK_IRQHandler                   0x00026759   Thumb Code    80  nrfx_clock.o(i.POWER_CLOCK_IRQHandler)
    RTC1_IRQHandler                          0x000267ad   Thumb Code    14  drv_rtc.o(i.RTC1_IRQHandler)
    SWI2_EGU2_IRQHandler                     0x000267c5   Thumb Code     8  nrf_sdh.o(i.SWI2_EGU2_IRQHandler)
    SendTimer_handler                        0x000267cd   Thumb Code    10  main.o(i.SendTimer_handler)
    SystemCoreClockUpdate                    0x000267d9   Thumb Code     8  system_nrf52.o(i.SystemCoreClockUpdate)
    SystemInit                               0x000267e9   Thumb Code   596  system_nrf52.o(i.SystemInit)
    TIMER1_IRQHandler                        0x00026a81   Thumb Code    14  nrfx_timer.o(i.TIMER1_IRQHandler)
    TIMER2_IRQHandler                        0x00026a99   Thumb Code    14  nrfx_timer.o(i.TIMER2_IRQHandler)
    Timer_Disable                            0x00026ab1   Thumb Code    10  ppi_gpiote.o(i.Timer_Disable)
    Timer_To1Second                          0x00026ac1   Thumb Code    32  ppi_gpiote.o(i.Timer_To1Second)
    Timer_TohalfSecond                       0x00026ae9   Thumb Code    26  ppi_gpiote.o(i.Timer_TohalfSecond)
    UARTE0_UART0_IRQHandler                  0x00026b0d   Thumb Code    10  nrfx_prs.o(i.UARTE0_UART0_IRQHandler)
    __scatterload_copy                       0x00026b1d   Thumb Code    14  handlers.o(i.__scatterload_copy)
    __scatterload_null                       0x00026b2b   Thumb Code     2  handlers.o(i.__scatterload_null)
    __scatterload_zeroinit                   0x00026b2d   Thumb Code    14  handlers.o(i.__scatterload_zeroinit)
    app_error_fault_handler                  0x00026d2d   Thumb Code    82  app_error_weak.o(i.app_error_fault_handler)
    app_error_handler_bare                   0x00026d89   Thumb Code    28  app_error.o(i.app_error_handler_bare)
    app_fifo_get                             0x00026da5   Thumb Code    30  app_fifo.o(i.app_fifo_get)
    app_fifo_put                             0x00026dc3   Thumb Code    34  app_fifo.o(i.app_fifo_put)
    app_timer_cnt_get                        0x00026de5   Thumb Code    10  app_timer2.o(i.app_timer_cnt_get)
    app_timer_create                         0x00026df5   Thumb Code    32  app_timer2.o(i.app_timer_create)
    app_timer_init                           0x00026e15   Thumb Code    78  app_timer2.o(i.app_timer_init)
    app_timer_start                          0x00026e81   Thumb Code    54  app_timer2.o(i.app_timer_start)
    app_timer_stop                           0x00026eb7   Thumb Code    20  app_timer2.o(i.app_timer_stop)
    app_uart_put                             0x00026ecd   Thumb Code    90  app_uart_fifo.o(i.app_uart_put)
    app_util_critical_region_enter           0x00026f39   Thumb Code    12  app_util_platform.o(i.app_util_critical_region_enter)
    app_util_critical_region_exit            0x00026f45   Thumb Code    62  app_util_platform.o(i.app_util_critical_region_exit)
    blcm_link_ctx_get                        0x00026fef   Thumb Code   108  ble_link_ctx_manager.o(i.blcm_link_ctx_get)
    ble_advdata_encode                       0x0002705b   Thumb Code   364  ble_advdata.o(i.ble_advdata_encode)
    ble_advdata_parse                        0x000271c7   Thumb Code    40  ble_advdata.o(i.ble_advdata_parse)
    ble_advdata_search                       0x000271ef   Thumb Code    78  ble_advdata.o(i.ble_advdata_search)
    ble_advertising_conn_cfg_tag_set         0x0002723d   Thumb Code     6  ble_advertising.o(i.ble_advertising_conn_cfg_tag_set)
    ble_advertising_init                     0x00027243   Thumb Code   264  ble_advertising.o(i.ble_advertising_init)
    ble_advertising_modes_config_set         0x0002734b   Thumb Code    18  ble_advertising.o(i.ble_advertising_modes_config_set)
    ble_advertising_on_ble_evt               0x0002735d   Thumb Code    60  ble_advertising.o(i.ble_advertising_on_ble_evt)
    ble_advertising_start                    0x00027399   Thumb Code   372  ble_advertising.o(i.ble_advertising_start)
    ble_conn_params_init                     0x0002750d   Thumb Code   136  ble_conn_params.o(i.ble_conn_params_init)
    ble_conn_state_conn_idx                  0x000275a9   Thumb Code    20  ble_conn_state.o(i.ble_conn_state_conn_idx)
    ble_conn_state_for_each_connected        0x000275bd   Thumb Code    20  ble_conn_state.o(i.ble_conn_state_for_each_connected)
    ble_conn_state_valid                     0x000275d5   Thumb Code    22  ble_conn_state.o(i.ble_conn_state_valid)
    ble_dfu_buttonless_async_svci_init       0x00027669   Thumb Code    54  ble_dfu_unbonded.o(i.ble_dfu_buttonless_async_svci_init)
    ble_dfu_buttonless_backend_init          0x000276a5   Thumb Code    20  ble_dfu_unbonded.o(i.ble_dfu_buttonless_backend_init)
    ble_dfu_buttonless_bootloader_start_finalize 0x000276bd   Thumb Code    58  ble_dfu.o(i.ble_dfu_buttonless_bootloader_start_finalize)
    ble_dfu_buttonless_bootloader_start_prepare 0x000276fd   Thumb Code    22  ble_dfu_unbonded.o(i.ble_dfu_buttonless_bootloader_start_prepare)
    ble_dfu_buttonless_char_add              0x00027719   Thumb Code    98  ble_dfu_unbonded.o(i.ble_dfu_buttonless_char_add)
    ble_dfu_buttonless_init                  0x0002777d   Thumb Code   150  ble_dfu.o(i.ble_dfu_buttonless_init)
    ble_dfu_buttonless_on_ble_evt            0x00027821   Thumb Code    74  ble_dfu.o(i.ble_dfu_buttonless_on_ble_evt)
    ble_dfu_buttonless_on_ctrl_pt_write      0x0002786d   Thumb Code   130  ble_dfu_unbonded.o(i.ble_dfu_buttonless_on_ctrl_pt_write)
    ble_dfu_buttonless_on_sys_evt            0x000278f9   Thumb Code   130  ble_dfu_unbonded.o(i.ble_dfu_buttonless_on_sys_evt)
    ble_dfu_buttonless_resp_send             0x00027985   Thumb Code    94  ble_dfu.o(i.ble_dfu_buttonless_resp_send)
    ble_dis_init                             0x00027a3d   Thumb Code   366  ble_dis.o(i.ble_dis_init)
    ble_nus_init                             0x00027e65   Thumb Code   260  ble_nus.o(i.ble_nus_init)
    ble_nus_on_ble_evt                       0x00027f6d   Thumb Code    68  ble_nus.o(i.ble_nus_on_ble_evt)
    ble_srv_ascii_to_utf8                    0x00027fb1   Thumb Code    18  ble_srv_common.o(i.ble_srv_ascii_to_utf8)
    ble_srv_is_indication_enabled            0x00027fc3   Thumb Code    18  ble_srv_common.o(i.ble_srv_is_indication_enabled)
    ble_srv_is_notification_enabled          0x00027fd5   Thumb Code    18  ble_srv_common.o(i.ble_srv_is_notification_enabled)
    bsp_board_led_invert                     0x0002806d   Thumb Code    44  boards.o(i.bsp_board_led_invert)
    bsp_board_led_off                        0x0002809d   Thumb Code    16  boards.o(i.bsp_board_led_off)
    bsp_board_led_on                         0x000280b1   Thumb Code    16  boards.o(i.bsp_board_led_on)
    bsp_board_led_state_get                  0x000280c5   Thumb Code    44  boards.o(i.bsp_board_led_state_get)
    bsp_board_leds_off                       0x000280f5   Thumb Code    20  boards.o(i.bsp_board_leds_off)
    bsp_board_leds_on                        0x00028109   Thumb Code    20  boards.o(i.bsp_board_leds_on)
    bsp_board_pin_to_button_idx              0x0002811d   Thumb Code    32  boards.o(i.bsp_board_pin_to_button_idx)
    bsp_event_to_button_action_assign        0x00028205   Thumb Code    86  bsp.o(i.bsp_event_to_button_action_assign)
    bsp_indication_set                       0x00028261   Thumb Code    28  bsp.o(i.bsp_indication_set)
    characteristic_add                       0x00028755   Thumb Code   456  ble_srv_common.o(i.characteristic_add)
    conn_handle_list_get                     0x000289c3   Thumb Code    60  ble_conn_state.o(i.conn_handle_list_get)
    dis_service_init                         0x00028c01   Thumb Code    44  dev_info_service.o(i.dis_service_init)
    drv_rtc_compare_disable                  0x00028c59   Thumb Code    22  drv_rtc.o(i.drv_rtc_compare_disable)
    drv_rtc_compare_pending                  0x00028c6f   Thumb Code    26  drv_rtc.o(i.drv_rtc_compare_pending)
    drv_rtc_compare_set                      0x00028c89   Thumb Code    92  drv_rtc.o(i.drv_rtc_compare_set)
    drv_rtc_counter_get                      0x00028ce5   Thumb Code    12  drv_rtc.o(i.drv_rtc_counter_get)
    drv_rtc_init                             0x00028cf1   Thumb Code   164  drv_rtc.o(i.drv_rtc_init)
    drv_rtc_irq_trigger                      0x00028da5   Thumb Code    28  drv_rtc.o(i.drv_rtc_irq_trigger)
    drv_rtc_overflow_enable                  0x00028dc5   Thumb Code    18  drv_rtc.o(i.drv_rtc_overflow_enable)
    drv_rtc_overflow_pending                 0x00028dd7   Thumb Code    16  drv_rtc.o(i.drv_rtc_overflow_pending)
    drv_rtc_start                            0x00028de7   Thumb Code    14  drv_rtc.o(i.drv_rtc_start)
    drv_rtc_stop                             0x00028df5   Thumb Code    14  drv_rtc.o(i.drv_rtc_stop)
    drv_rtc_windowed_compare_set             0x00028e03   Thumb Code   260  drv_rtc.o(i.drv_rtc_windowed_compare_set)
    gatt_evt_handler                         0x00029481   Thumb Code    32  main.o(i.gatt_evt_handler)
    gatt_init                                0x000294a9   Thumb Code    60  main.o(i.gatt_init)
    init_timer                               0x00029531   Thumb Code    14  main.o(i.init_timer)
    main                                     0x000297b9   Thumb Code    56  main.o(i.main)
    nrf_atfifo_init                          0x0002992f   Thumb Code    40  nrf_atfifo.o(i.nrf_atfifo_init)
    nrf_atfifo_item_alloc                    0x00029957   Thumb Code    28  nrf_atfifo.o(i.nrf_atfifo_item_alloc)
    nrf_atfifo_item_free                     0x00029973   Thumb Code    28  nrf_atfifo.o(i.nrf_atfifo_item_free)
    nrf_atfifo_item_get                      0x0002998f   Thumb Code    28  nrf_atfifo.o(i.nrf_atfifo_item_get)
    nrf_atfifo_item_put                      0x000299ab   Thumb Code    28  nrf_atfifo.o(i.nrf_atfifo_item_put)
    nrf_atflags_clear                        0x000299c7   Thumb Code    30  nrf_atflags.o(i.nrf_atflags_clear)
    nrf_atflags_get                          0x000299e5   Thumb Code    30  nrf_atflags.o(i.nrf_atflags_get)
    nrf_atflags_set                          0x00029a03   Thumb Code    30  nrf_atflags.o(i.nrf_atflags_set)
    nrf_atomic_u32_and                       0x00029a21   Thumb Code    22  nrf_atomic.o(i.nrf_atomic_u32_and)
    nrf_atomic_u32_fetch_store               0x00029a37   Thumb Code    22  nrf_atomic.o(i.nrf_atomic_u32_fetch_store)
    nrf_atomic_u32_or                        0x00029a4d   Thumb Code    22  nrf_atomic.o(i.nrf_atomic_u32_or)
    nrf_ble_gatt_att_mtu_periph_set          0x00029a8f   Thumb Code    30  nrf_ble_gatt.o(i.nrf_ble_gatt_att_mtu_periph_set)
    nrf_ble_gatt_init                        0x00029aad   Thumb Code    52  nrf_ble_gatt.o(i.nrf_ble_gatt_init)
    nrf_ble_gatt_on_ble_evt                  0x00029ae1   Thumb Code   174  nrf_ble_gatt.o(i.nrf_ble_gatt_on_ble_evt)
    nrf_ble_qwr_conn_handle_assign           0x00029b8f   Thumb Code    32  nrf_ble_qwr.o(i.nrf_ble_qwr_conn_handle_assign)
    nrf_ble_qwr_init                         0x00029baf   Thumb Code    50  nrf_ble_qwr.o(i.nrf_ble_qwr_init)
    nrf_ble_qwr_on_ble_evt                   0x00029be1   Thumb Code   124  nrf_ble_qwr.o(i.nrf_ble_qwr_on_ble_evt)
    nrf_dfu_svci_vector_table_set            0x00029c95   Thumb Code    52  nrf_dfu_svci.o(i.nrf_dfu_svci_vector_table_set)
    nrf_dfu_svci_vector_table_unset          0x00029cc9   Thumb Code    18  nrf_dfu_svci.o(i.nrf_dfu_svci_vector_table_unset)
    nrf_drv_clock_init                       0x00029ce1   Thumb Code    54  nrf_drv_clock.o(i.nrf_drv_clock_init)
    nrf_drv_clock_lfclk_release              0x00029d21   Thumb Code    42  nrf_drv_clock.o(i.nrf_drv_clock_lfclk_release)
    nrf_drv_ppi_init                         0x00029d51   Thumb Code    22  nrf_drv_ppi.o(i.nrf_drv_ppi_init)
    nrf_pwr_mgmt_init                        0x00029f09   Thumb Code    46  nrf_pwr_mgmt.o(i.nrf_pwr_mgmt_init)
    nrf_pwr_mgmt_run                         0x00029f49   Thumb Code   100  nrf_pwr_mgmt.o(i.nrf_pwr_mgmt_run)
    nrf_pwr_mgmt_shutdown                    0x00029fb1   Thumb Code    88  nrf_pwr_mgmt.o(i.nrf_pwr_mgmt_shutdown)
    nrf_sdh_ble_app_ram_start_get            0x0002a065   Thumb Code    18  nrf_sdh_ble.o(i.nrf_sdh_ble_app_ram_start_get)
    nrf_sdh_ble_default_cfg_set              0x0002a07d   Thumb Code   190  nrf_sdh_ble.o(i.nrf_sdh_ble_default_cfg_set)
    nrf_sdh_ble_enable                       0x0002a13d   Thumb Code    32  nrf_sdh_ble.o(i.nrf_sdh_ble_enable)
    nrf_sdh_enable_request                   0x0002a1d5   Thumb Code   112  nrf_sdh.o(i.nrf_sdh_enable_request)
    nrf_sdh_evts_poll                        0x0002a259   Thumb Code    44  nrf_sdh.o(i.nrf_sdh_evts_poll)
    nrf_sdh_is_enabled                       0x0002a289   Thumb Code     6  nrf_sdh.o(i.nrf_sdh_is_enabled)
    nrf_section_iter_init                    0x0002a2ef   Thumb Code    20  nrf_section_iter.o(i.nrf_section_iter_init)
    nrf_section_iter_next                    0x0002a331   Thumb Code    46  nrf_section_iter.o(i.nrf_section_iter_next)
    nrf_sortlist_add                         0x0002a35f   Thumb Code    40  nrf_sortlist.o(i.nrf_sortlist_add)
    nrf_sortlist_peek                        0x0002a387   Thumb Code     8  nrf_sortlist.o(i.nrf_sortlist_peek)
    nrf_sortlist_pop                         0x0002a38f   Thumb Code    24  nrf_sortlist.o(i.nrf_sortlist_pop)
    nrf_sortlist_remove                      0x0002a3a7   Thumb Code    38  nrf_sortlist.o(i.nrf_sortlist_remove)
    nrfx_clock_enable                        0x0002a455   Thumb Code    16  nrfx_clock.o(i.nrfx_clock_enable)
    nrfx_clock_init                          0x0002a469   Thumb Code    30  nrfx_clock.o(i.nrfx_clock_init)
    nrfx_clock_lfclk_stop                    0x0002a48d   Thumb Code    26  nrfx_clock.o(i.nrfx_clock_lfclk_stop)
    nrfx_gpiote_init                         0x0002a4d5   Thumb Code   160  nrfx_gpiote.o(i.nrfx_gpiote_init)
    nrfx_gpiote_out_init                     0x0002a581   Thumb Code   194  nrfx_gpiote.o(i.nrfx_gpiote_out_init)
    nrfx_gpiote_out_task_addr_get            0x0002a651   Thumb Code    22  nrfx_gpiote.o(i.nrfx_gpiote_out_task_addr_get)
    nrfx_gpiote_out_task_enable              0x0002a669   Thumb Code    32  nrfx_gpiote.o(i.nrfx_gpiote_out_task_enable)
    nrfx_ppi_channel_alloc                   0x0002a74d   Thumb Code   102  nrfx_ppi.o(i.nrfx_ppi_channel_alloc)
    nrfx_ppi_channel_assign                  0x0002a7bd   Thumb Code    68  nrfx_ppi.o(i.nrfx_ppi_channel_assign)
    nrfx_ppi_channel_enable                  0x0002a805   Thumb Code    56  nrfx_ppi.o(i.nrfx_ppi_channel_enable)
    nrfx_timer_compare                       0x0002a849   Thumb Code    72  nrfx_timer.o(i.nrfx_timer_compare)
    nrfx_timer_disable                       0x0002a891   Thumb Code    30  nrfx_timer.o(i.nrfx_timer_disable)
    nrfx_timer_enable                        0x0002a8b5   Thumb Code    30  nrfx_timer.o(i.nrfx_timer_enable)
    nrfx_timer_extended_compare              0x0002a8d9   Thumb Code    66  nrfx_timer.o(i.nrfx_timer_extended_compare)
    nrfx_timer_init                          0x0002a91d   Thumb Code   228  nrfx_timer.o(i.nrfx_timer_init)
    nrfx_uart_tx                             0x0002aa0d   Thumb Code   134  nrfx_uart.o(i.nrfx_uart_tx)
    nrfx_uart_tx_in_progress                 0x0002aa99   Thumb Code    30  nrfx_uart.o(i.nrfx_uart_tx_in_progress)
    nrfx_uarte_tx                            0x0002aabd   Thumb Code   188  nrfx_uarte.o(i.nrfx_uarte_tx)
    nrfx_uarte_tx_in_progress                0x0002ab7d   Thumb Code    26  nrfx_uarte.o(i.nrfx_uarte_tx_in_progress)
    ppi_Setting                              0x0002b42d   Thumb Code   100  ppi_gpiote.o(i.ppi_Setting)
    timer_dummy_handler                      0x0002bdbb   Thumb Code     2  ppi_gpiote.o(i.timer_dummy_handler)
    m_ram_start                              0x0002c350   Data           4  nrf_sdh_ble.o(.constdata)
    Region$$Table$$Base                      0x0002c388   Number         0  anon$$obj.o(Region$$Table)
    Region$$Table$$Limit                     0x0002c3a8   Number         0  anon$$obj.o(Region$$Table)
    sdh_ble_observers0$$Base                 0x0002c3a8   Number         0  ble_conn_state.o(sdh_ble_observers0)
    sdh_ble_observers0$$Limit                0x0002c3b0   Number         0  ble_conn_state.o(sdh_ble_observers0)
    sdh_ble_observers1$$Base                 0x0002c3b0   Number         0  main.o(sdh_ble_observers1)
    sdh_ble_observers1$$Limit                0x0002c3d0   Number         0  ble_conn_params.o(sdh_ble_observers1)
    sdh_ble_observers2$$Base                 0x0002c3d0   Number         0  main.o(sdh_ble_observers2)
    sdh_ble_observers2$$Limit                0x0002c3e8   Number         0  ble_dfu.o(sdh_ble_observers2)
    sdh_ble_observers3$$Base                 0x0002c3e8   Number         0  main.o(sdh_ble_observers3)
    sdh_ble_observers3$$Limit                0x0002c3f0   Number         0  main.o(sdh_ble_observers3)
    sdh_soc_observers0$$Base                 0x0002c3f0   Number         0  nrf_drv_clock.o(sdh_soc_observers0)
    sdh_soc_observers0$$Limit                0x0002c3f8   Number         0  nrf_drv_clock.o(sdh_soc_observers0)
    sdh_soc_observers1$$Base                 0x0002c3f8   Number         0  ble_dfu_unbonded.o(sdh_soc_observers1)
    sdh_soc_observers1$$Limit                0x0002c400   Number         0  ble_dfu_unbonded.o(sdh_soc_observers1)
    sdh_stack_observers0$$Base               0x0002c400   Number         0  nrf_sdh_ble.o(sdh_stack_observers0)
    sdh_stack_observers0$$Limit              0x0002c410   Number         0  nrf_sdh_soc.o(sdh_stack_observers0)
    sdh_state_observers0$$Base               0x0002c410   Number         0  nrf_drv_clock.o(sdh_state_observers0)
    sdh_state_observers0$$Limit              0x0002c418   Number         0  nrf_drv_clock.o(sdh_state_observers0)
    Image$$RW_IRAM1$$Base                    0x20004178   Number         0  anon$$obj.o ABSOLUTE
    nrf_drv_uart_use_easy_dma                0x20004230   Data           1  nrf_drv_uart.o(.data)
    mp_dfu                                   0x200042ac   Data           4  ble_dfu_unbonded.o(.data)
    SystemCoreClock                          0x200042b0   Data           4  system_nrf52.o(.data)
    nrf_nvic_state                           0x20004cc4   Data          12  app_util_platform.o(.bss)
    __initial_sp                             0x20006d20   Data           0  arm_startup_nrf52.o(STACK)



==============================================================================

Memory Map of the image

  Image Entry point : 0x00026201

  Load Region LR_IROM1 (Base: 0x00026000, Size: 0x00006554, Max: 0x0005a000, ABSOLUTE, COMPRESSED[0x0000644c])

    Execution Region ER_IROM1 (Exec base: 0x00026000, Load base: 0x00026000, Size: 0x00006418, Max: 0x0005a000, ABSOLUTE)

    Exec Addr    Load Addr    Size         Type   Attr      Idx    E Section Name        Object

    0x00026000   0x00026000   0x00000200   Data   RO         6302    RESET               arm_startup_nrf52.o
    0x00026200   0x00026200   0x00000000   Code   RO         7174  * .ARM.Collect$$$$00000000  mc_w.l(entry.o)
    0x00026200   0x00026200   0x00000004   Code   RO         7193    .ARM.Collect$$$$00000001  mc_w.l(entry2.o)
    0x00026204   0x00026204   0x00000004   Code   RO         7196    .ARM.Collect$$$$00000004  mc_w.l(entry5.o)
    0x00026208   0x00026208   0x00000000   Code   RO         7198    .ARM.Collect$$$$00000008  mc_w.l(entry7b.o)
    0x00026208   0x00026208   0x00000000   Code   RO         7200    .ARM.Collect$$$$0000000A  mc_w.l(entry8b.o)
    0x00026208   0x00026208   0x00000008   Code   RO         7201    .ARM.Collect$$$$0000000B  mc_w.l(entry9a.o)
    0x00026210   0x00026210   0x00000000   Code   RO         7203    .ARM.Collect$$$$0000000D  mc_w.l(entry10a.o)
    0x00026210   0x00026210   0x00000000   Code   RO         7205    .ARM.Collect$$$$0000000F  mc_w.l(entry11a.o)
    0x00026210   0x00026210   0x00000004   Code   RO         7194    .ARM.Collect$$$$00002712  mc_w.l(entry2.o)
    0x00026214   0x00026214   0x000000c8   Code   RO         4703    .emb_text           nrf_atfifo.o
    0x000262dc   0x000262dc   0x000000e2   Code   RO         4842    .emb_text           nrf_atomic.o
    0x000263be   0x000263be   0x00000002   PAD
    0x000263c0   0x000263c0   0x00000024   Code   RO         6303    .text               arm_startup_nrf52.o
    0x000263e4   0x000263e4   0x00000062   Code   RO         7177    .text               mc_w.l(uldiv.o)
    0x00026446   0x00026446   0x0000001e   Code   RO         7179    .text               mc_w.l(llshl.o)
    0x00026464   0x00026464   0x00000024   Code   RO         7181    .text               mc_w.l(memcpya.o)
    0x00026488   0x00026488   0x00000024   Code   RO         7183    .text               mc_w.l(memseta.o)
    0x000264ac   0x000264ac   0x0000000e   Code   RO         7185    .text               mc_w.l(strlen.o)
    0x000264ba   0x000264ba   0x00000020   Code   RO         7207    .text               mc_w.l(llushr.o)
    0x000264da   0x000264da   0x00000002   PAD
    0x000264dc   0x000264dc   0x00000024   Code   RO         7209    .text               mc_w.l(init.o)
    0x00026500   0x00026500   0x0000003a   Code   RO         7219    .text               mc_w.l(__dczerorl.o)
    0x0002653a   0x0002653a   0x00000002   PAD
    0x0002653c   0x0002653c   0x0000021c   Code   RO         2583    i.GPIOTE_IRQHandler  nrfx_gpiote.o
    0x00026758   0x00026758   0x00000054   Code   RO         2418    i.POWER_CLOCK_IRQHandler  nrfx_clock.o
    0x000267ac   0x000267ac   0x00000018   Code   RO         4451    i.RTC1_IRQHandler   drv_rtc.o
    0x000267c4   0x000267c4   0x00000008   Code   RO         5852    i.SWI2_EGU2_IRQHandler  nrf_sdh.o
    0x000267cc   0x000267cc   0x0000000a   Code   RO            4    i.SendTimer_handler  main.o
    0x000267d6   0x000267d6   0x00000002   PAD
    0x000267d8   0x000267d8   0x00000010   Code   RO         6310    i.SystemCoreClockUpdate  system_nrf52.o
    0x000267e8   0x000267e8   0x00000298   Code   RO         6311    i.SystemInit        system_nrf52.o
    0x00026a80   0x00026a80   0x00000018   Code   RO         3413    i.TIMER1_IRQHandler  nrfx_timer.o
    0x00026a98   0x00026a98   0x00000018   Code   RO         3414    i.TIMER2_IRQHandler  nrfx_timer.o
    0x00026ab0   0x00026ab0   0x00000010   Code   RO          575    i.Timer_Disable     ppi_gpiote.o
    0x00026ac0   0x00026ac0   0x00000028   Code   RO          576    i.Timer_To1Second   ppi_gpiote.o
    0x00026ae8   0x00026ae8   0x00000024   Code   RO          577    i.Timer_TohalfSecond  ppi_gpiote.o
    0x00026b0c   0x00026b0c   0x00000010   Code   RO         2901    i.UARTE0_UART0_IRQHandler  nrfx_prs.o
    0x00026b1c   0x00026b1c   0x0000000e   Code   RO         7213    i.__scatterload_copy  mc_w.l(handlers.o)
    0x00026b2a   0x00026b2a   0x00000002   Code   RO         7214    i.__scatterload_null  mc_w.l(handlers.o)
    0x00026b2c   0x00026b2c   0x0000000e   Code   RO         7215    i.__scatterload_zeroinit  mc_w.l(handlers.o)
    0x00026b3a   0x00026b3a   0x00000002   PAD
    0x00026b3c   0x00026b3c   0x00000038   Code   RO         5853    i.__sd_nvic_app_accessible_irq  nrf_sdh.o
    0x00026b74   0x00026b74   0x0000000c   Code   RO         4373    i.__sd_nvic_irq_disable  app_util_platform.o
    0x00026b80   0x00026b80   0x00000018   Code   RO         1213    i.addr_is_valid     ble_advertising.o
    0x00026b98   0x00026b98   0x00000058   Code   RO         1214    i.adv_mode_next_avail_get  ble_advertising.o
    0x00026bf0   0x00026bf0   0x00000012   Code   RO         1215    i.adv_mode_next_get  ble_advertising.o
    0x00026c02   0x00026c02   0x00000012   Code   RO         1216    i.adv_set_data_size_max_get  ble_advertising.o
    0x00026c14   0x00026c14   0x00000054   Code   RO          964    i.advertising_buttons_configure  bsp_btn_ble.o
    0x00026c68   0x00026c68   0x0000001c   Code   RO            5    i.advertising_config_get  main.o
    0x00026c84   0x00026c84   0x00000084   Code   RO            6    i.advertising_init  main.o
    0x00026d08   0x00026d08   0x00000024   Code   RO            7    i.advertising_start  main.o
    0x00026d2c   0x00026d2c   0x0000005c   Code   RO         3939    i.app_error_fault_handler  app_error_weak.o
    0x00026d88   0x00026d88   0x0000001c   Code   RO         3879    i.app_error_handler_bare  app_error.o
    0x00026da4   0x00026da4   0x0000001e   Code   RO         3987    i.app_fifo_get      app_fifo.o
    0x00026dc2   0x00026dc2   0x00000022   Code   RO         3990    i.app_fifo_put      app_fifo.o
    0x00026de4   0x00026de4   0x00000010   Code   RO         4126    i.app_timer_cnt_get  app_timer2.o
    0x00026df4   0x00026df4   0x00000020   Code   RO         4127    i.app_timer_create  app_timer2.o
    0x00026e14   0x00026e14   0x0000006c   Code   RO         4128    i.app_timer_init    app_timer2.o
    0x00026e80   0x00026e80   0x00000036   Code   RO         4131    i.app_timer_start   app_timer2.o
    0x00026eb6   0x00026eb6   0x00000014   Code   RO         4132    i.app_timer_stop    app_timer2.o
    0x00026eca   0x00026eca   0x00000002   PAD
    0x00026ecc   0x00026ecc   0x0000006c   Code   RO         4286    i.app_uart_put      app_uart_fifo.o
    0x00026f38   0x00026f38   0x0000000c   Code   RO         4374    i.app_util_critical_region_enter  app_util_platform.o
    0x00026f44   0x00026f44   0x00000048   Code   RO         4375    i.app_util_critical_region_exit  app_util_platform.o
    0x00026f8c   0x00026f8c   0x00000052   Code   RO         1086    i.appearance_encode  ble_advdata.o
    0x00026fde   0x00026fde   0x00000010   Code   RO         3585    i.are_app_channels  nrfx_ppi.o
    0x00026fee   0x00026fee   0x0000006c   Code   RO         1675    i.blcm_link_ctx_get  ble_link_ctx_manager.o
    0x0002705a   0x0002705a   0x0000016c   Code   RO         1088    i.ble_advdata_encode  ble_advdata.o
    0x000271c6   0x000271c6   0x00000028   Code   RO         1090    i.ble_advdata_parse  ble_advdata.o
    0x000271ee   0x000271ee   0x0000004e   Code   RO         1091    i.ble_advdata_search  ble_advdata.o
    0x0002723c   0x0002723c   0x00000006   Code   RO         1218    i.ble_advertising_conn_cfg_tag_set  ble_advertising.o
    0x00027242   0x00027242   0x00000108   Code   RO         1219    i.ble_advertising_init  ble_advertising.o
    0x0002734a   0x0002734a   0x00000012   Code   RO         1220    i.ble_advertising_modes_config_set  ble_advertising.o
    0x0002735c   0x0002735c   0x0000003c   Code   RO         1221    i.ble_advertising_on_ble_evt  ble_advertising.o
    0x00027398   0x00027398   0x00000174   Code   RO         1224    i.ble_advertising_start  ble_advertising.o
    0x0002750c   0x0002750c   0x0000009c   Code   RO         1379    i.ble_conn_params_init  ble_conn_params.o
    0x000275a8   0x000275a8   0x00000014   Code   RO         1485    i.ble_conn_state_conn_idx  ble_conn_state.o
    0x000275bc   0x000275bc   0x00000018   Code   RO         1487    i.ble_conn_state_for_each_connected  ble_conn_state.o
    0x000275d4   0x000275d4   0x0000001c   Code   RO         1499    i.ble_conn_state_valid  ble_conn_state.o
    0x000275f0   0x000275f0   0x00000076   Code   RO         1094    i.ble_device_addr_encode  ble_advdata.o
    0x00027666   0x00027666   0x00000002   PAD
    0x00027668   0x00027668   0x0000003c   Code   RO         6195    i.ble_dfu_buttonless_async_svci_init  ble_dfu_unbonded.o
    0x000276a4   0x000276a4   0x00000018   Code   RO         6196    i.ble_dfu_buttonless_backend_init  ble_dfu_unbonded.o
    0x000276bc   0x000276bc   0x00000040   Code   RO         6062    i.ble_dfu_buttonless_bootloader_start_finalize  ble_dfu.o
    0x000276fc   0x000276fc   0x0000001c   Code   RO         6197    i.ble_dfu_buttonless_bootloader_start_prepare  ble_dfu_unbonded.o
    0x00027718   0x00027718   0x00000062   Code   RO         6198    i.ble_dfu_buttonless_char_add  ble_dfu_unbonded.o
    0x0002777a   0x0002777a   0x00000002   PAD
    0x0002777c   0x0002777c   0x000000a4   Code   RO         6063    i.ble_dfu_buttonless_init  ble_dfu.o
    0x00027820   0x00027820   0x0000004a   Code   RO         6064    i.ble_dfu_buttonless_on_ble_evt  ble_dfu.o
    0x0002786a   0x0002786a   0x00000002   PAD
    0x0002786c   0x0002786c   0x0000008c   Code   RO         6199    i.ble_dfu_buttonless_on_ctrl_pt_write  ble_dfu_unbonded.o
    0x000278f8   0x000278f8   0x0000008c   Code   RO         6200    i.ble_dfu_buttonless_on_sys_evt  ble_dfu_unbonded.o
    0x00027984   0x00027984   0x00000064   Code   RO         6065    i.ble_dfu_buttonless_resp_send  ble_dfu.o
    0x000279e8   0x000279e8   0x00000054   Code   RO            9    i.ble_dfu_evt_handler  main.o
    0x00027a3c   0x00027a3c   0x00000198   Code   RO         2008    i.ble_dis_init      ble_dis.o
    0x00027bd4   0x00027bd4   0x00000120   Code   RO           10    i.ble_evt_handler   main.o
    0x00027cf4   0x00027cf4   0x00000078   Code   RO          965    i.ble_evt_handler   bsp_btn_ble.o
    0x00027d6c   0x00027d6c   0x00000040   Code   RO         1381    i.ble_evt_handler   ble_conn_params.o
    0x00027dac   0x00027dac   0x000000b8   Code   RO         1500    i.ble_evt_handler   ble_conn_state.o
    0x00027e64   0x00027e64   0x00000108   Code   RO         1950    i.ble_nus_init      ble_nus.o
    0x00027f6c   0x00027f6c   0x00000044   Code   RO         1951    i.ble_nus_on_ble_evt  ble_nus.o
    0x00027fb0   0x00027fb0   0x00000012   Code   RO         1699    i.ble_srv_ascii_to_utf8  ble_srv_common.o
    0x00027fc2   0x00027fc2   0x00000012   Code   RO         1700    i.ble_srv_is_indication_enabled  ble_srv_common.o
    0x00027fd4   0x00027fd4   0x00000012   Code   RO         1701    i.ble_srv_is_notification_enabled  ble_srv_common.o
    0x00027fe6   0x00027fe6   0x00000086   Code   RO           11    i.ble_stack_init    main.o
    0x0002806c   0x0002806c   0x00000030   Code   RO          708    i.bsp_board_led_invert  boards.o
    0x0002809c   0x0002809c   0x00000014   Code   RO          709    i.bsp_board_led_off  boards.o
    0x000280b0   0x000280b0   0x00000014   Code   RO          710    i.bsp_board_led_on  boards.o
    0x000280c4   0x000280c4   0x00000030   Code   RO          711    i.bsp_board_led_state_get  boards.o
    0x000280f4   0x000280f4   0x00000014   Code   RO          713    i.bsp_board_leds_off  boards.o
    0x00028108   0x00028108   0x00000014   Code   RO          714    i.bsp_board_leds_on  boards.o
    0x0002811c   0x0002811c   0x00000024   Code   RO          715    i.bsp_board_pin_to_button_idx  boards.o
    0x00028140   0x00028140   0x000000c4   Code   RO          835    i.bsp_button_event_handler  bsp.o
    0x00028204   0x00028204   0x0000005c   Code   RO          839    i.bsp_event_to_button_action_assign  bsp.o
    0x00028260   0x00028260   0x00000020   Code   RO          840    i.bsp_indication_set  bsp.o
    0x00028280   0x00028280   0x00000388   Code   RO          842    i.bsp_led_indication  bsp.o
    0x00028608   0x00028608   0x00000020   Code   RO         2584    i.channel_free      nrfx_gpiote.o
    0x00028628   0x00028628   0x00000010   Code   RO         2585    i.channel_handler_get  nrfx_gpiote.o
    0x00028638   0x00028638   0x00000080   Code   RO         2586    i.channel_port_alloc  nrfx_gpiote.o
    0x000286b8   0x000286b8   0x0000000c   Code   RO         2587    i.channel_port_get  nrfx_gpiote.o
    0x000286c4   0x000286c4   0x00000090   Code   RO         2009    i.char_add          ble_dis.o
    0x00028754   0x00028754   0x000001c8   Code   RO         1703    i.characteristic_add  ble_srv_common.o
    0x0002891c   0x0002891c   0x00000030   Code   RO         2058    i.clock_clk_started_notify  nrf_drv_clock.o
    0x0002894c   0x0002894c   0x00000028   Code   RO         2059    i.clock_irq_handler  nrf_drv_clock.o
    0x00028974   0x00028974   0x00000026   Code   RO         4134    i.compare_func      app_timer2.o
    0x0002899a   0x0002899a   0x00000028   Code   RO         1226    i.config_is_valid   ble_advertising.o
    0x000289c2   0x000289c2   0x0000003c   Code   RO         1501    i.conn_handle_list_get  ble_conn_state.o
    0x000289fe   0x000289fe   0x0000005a   Code   RO         1095    i.conn_int_check    ble_advdata.o
    0x00028a58   0x00028a58   0x00000068   Code   RO         1096    i.conn_int_encode   ble_advdata.o
    0x00028ac0   0x00028ac0   0x00000010   Code   RO           14    i.conn_params_error_handler  main.o
    0x00028ad0   0x00028ad0   0x0000005c   Code   RO           15    i.conn_params_init  main.o
    0x00028b2c   0x00028b2c   0x00000054   Code   RO         1382    i.conn_params_negotiation  ble_conn_params.o
    0x00028b80   0x00028b80   0x00000054   Code   RO          968    i.connection_buttons_configure  bsp_btn_ble.o
    0x00028bd4   0x00028bd4   0x0000002c   Code   RO         1770    i.data_length_update  nrf_ble_gatt.o
    0x00028c00   0x00028c00   0x00000048   Code   RO          486    i.dis_service_init  dev_info_service.o
    0x00028c48   0x00028c48   0x00000010   Code   RO           16    i.disconnect        main.o
    0x00028c58   0x00028c58   0x00000016   Code   RO         4452    i.drv_rtc_compare_disable  drv_rtc.o
    0x00028c6e   0x00028c6e   0x0000001a   Code   RO         4454    i.drv_rtc_compare_pending  drv_rtc.o
    0x00028c88   0x00028c88   0x0000005c   Code   RO         4455    i.drv_rtc_compare_set  drv_rtc.o
    0x00028ce4   0x00028ce4   0x0000000c   Code   RO         4456    i.drv_rtc_counter_get  drv_rtc.o
    0x00028cf0   0x00028cf0   0x000000b4   Code   RO         4457    i.drv_rtc_init      drv_rtc.o
    0x00028da4   0x00028da4   0x00000020   Code   RO         4458    i.drv_rtc_irq_trigger  drv_rtc.o
    0x00028dc4   0x00028dc4   0x00000012   Code   RO         4460    i.drv_rtc_overflow_enable  drv_rtc.o
    0x00028dd6   0x00028dd6   0x00000010   Code   RO         4461    i.drv_rtc_overflow_pending  drv_rtc.o
    0x00028de6   0x00028de6   0x0000000e   Code   RO         4462    i.drv_rtc_start     drv_rtc.o
    0x00028df4   0x00028df4   0x0000000e   Code   RO         4463    i.drv_rtc_stop      drv_rtc.o
    0x00028e02   0x00028e02   0x00000104   Code   RO         4468    i.drv_rtc_windowed_compare_set  drv_rtc.o
    0x00028f06   0x00028f06   0x00000002   Code   RO         6066    i.dummy_evt_handler  ble_dfu.o
    0x00028f08   0x00028f08   0x00000048   Code   RO         6201    i.enter_bootloader  ble_dfu_unbonded.o
    0x00028f50   0x00028f50   0x0000005c   Code   RO         6320    i.errata_108        system_nrf52.o
    0x00028fac   0x00028fac   0x0000005c   Code   RO         6332    i.errata_12         system_nrf52.o
    0x00029008   0x00029008   0x0000005c   Code   RO         6343    i.errata_136        system_nrf52.o
    0x00029064   0x00029064   0x00000040   Code   RO         6362    i.errata_16         system_nrf52.o
    0x000290a4   0x000290a4   0x00000040   Code   RO         6379    i.errata_182        system_nrf52.o
    0x000290e4   0x000290e4   0x0000005c   Code   RO         6421    i.errata_31         system_nrf52.o
    0x00029140   0x00029140   0x00000040   Code   RO         6422    i.errata_32         system_nrf52.o
    0x00029180   0x00029180   0x0000005c   Code   RO         6426    i.errata_36         system_nrf52.o
    0x000291dc   0x000291dc   0x00000040   Code   RO         6427    i.errata_37         system_nrf52.o
    0x0002921c   0x0002921c   0x00000040   Code   RO         6443    i.errata_57         system_nrf52.o
    0x0002925c   0x0002925c   0x0000005c   Code   RO         6449    i.errata_66         system_nrf52.o
    0x000292b8   0x000292b8   0x00000018   Code   RO         4469    i.evt_disable       drv_rtc.o
    0x000292d0   0x000292d0   0x0000001c   Code   RO         4470    i.evt_enable        drv_rtc.o
    0x000292ec   0x000292ec   0x0000001c   Code   RO         4471    i.evt_pending       drv_rtc.o
    0x00029308   0x00029308   0x00000018   Code   RO         3993    i.fifo_get          app_fifo.o
    0x00029320   0x00029320   0x0000000a   Code   RO         3994    i.fifo_length       app_fifo.o
    0x0002932a   0x0002932a   0x00000012   Code   RO         3995    i.fifo_peek         app_fifo.o
    0x0002933c   0x0002933c   0x00000012   Code   RO         3996    i.fifo_put          app_fifo.o
    0x0002934e   0x0002934e   0x0000001e   Code   RO         1502    i.flag_toggle       ble_conn_state.o
    0x0002936c   0x0002936c   0x00000036   Code   RO         1097    i.flags_encode      ble_advdata.o
    0x000293a2   0x000293a2   0x0000002c   Code   RO         1227    i.flags_set         ble_advertising.o
    0x000293ce   0x000293ce   0x00000032   Code   RO         1503    i.for_each_set_flag  ble_conn_state.o
    0x00029400   0x00029400   0x00000080   Code   RO           17    i.gap_params_init   main.o
    0x00029480   0x00029480   0x00000028   Code   RO           18    i.gatt_evt_handler  main.o
    0x000294a8   0x000294a8   0x00000044   Code   RO           19    i.gatt_init         main.o
    0x000294ec   0x000294ec   0x0000003c   Code   RO         4135    i.get_now           app_timer2.o
    0x00029528   0x00029528   0x00000008   Code   RO           20    i.idle_state_handle  main.o
    0x00029530   0x00029530   0x00000018   Code   RO           21    i.init_timer        main.o
    0x00029548   0x00029548   0x0000002c   Code   RO         1383    i.instance_get      ble_conn_params.o
    0x00029574   0x00029574   0x0000005c   Code   RO         3415    i.irq_handler       nrfx_timer.o
    0x000295d0   0x000295d0   0x00000020   Code   RO         3587    i.is_allocated_channel  nrfx_ppi.o
    0x000295f0   0x000295f0   0x00000012   Code   RO         3589    i.is_app_channel    nrfx_ppi.o
    0x00029602   0x00029602   0x00000072   Code   RO         1384    i.is_conn_params_ok  ble_conn_params.o
    0x00029674   0x00029674   0x00000018   Code   RO         3591    i.is_programmable_app_channel  nrfx_ppi.o
    0x0002968c   0x0002968c   0x0000000c   Code   RO         2062    i.item_dequeue      nrf_drv_clock.o
    0x00029698   0x00029698   0x000000b4   Code   RO          578    i.led_blinking_setup  ppi_gpiote.o
    0x0002974c   0x0002974c   0x00000028   Code   RO          846    i.leds_off          bsp.o
    0x00029774   0x00029774   0x00000014   Code   RO         2064    i.lfclk_stop        nrf_drv_clock.o
    0x00029788   0x00029788   0x00000018   Code   RO         1771    i.link_init         nrf_ble_gatt.o
    0x000297a0   0x000297a0   0x00000018   Code   RO           22    i.log_init          main.o
    0x000297b8   0x000297b8   0x00000038   Code   RO           23    i.main              main.o
    0x000297f0   0x000297f0   0x00000076   Code   RO         1098    i.manuf_specific_data_encode  ble_advdata.o
    0x00029866   0x00029866   0x000000c8   Code   RO         1099    i.name_encode       ble_advdata.o
    0x0002992e   0x0002992e   0x00000028   Code   RO         4707    i.nrf_atfifo_init   nrf_atfifo.o
    0x00029956   0x00029956   0x0000001c   Code   RO         4708    i.nrf_atfifo_item_alloc  nrf_atfifo.o
    0x00029972   0x00029972   0x0000001c   Code   RO         4709    i.nrf_atfifo_item_free  nrf_atfifo.o
    0x0002998e   0x0002998e   0x0000001c   Code   RO         4710    i.nrf_atfifo_item_get  nrf_atfifo.o
    0x000299aa   0x000299aa   0x0000001c   Code   RO         4711    i.nrf_atfifo_item_put  nrf_atfifo.o
    0x000299c6   0x000299c6   0x0000001e   Code   RO         4776    i.nrf_atflags_clear  nrf_atflags.o
    0x000299e4   0x000299e4   0x0000001e   Code   RO         4781    i.nrf_atflags_get   nrf_atflags.o
    0x00029a02   0x00029a02   0x0000001e   Code   RO         4783    i.nrf_atflags_set   nrf_atflags.o
    0x00029a20   0x00029a20   0x00000016   Code   RO         4848    i.nrf_atomic_u32_and  nrf_atomic.o
    0x00029a36   0x00029a36   0x00000016   Code   RO         4853    i.nrf_atomic_u32_fetch_store  nrf_atomic.o
    0x00029a4c   0x00029a4c   0x00000016   Code   RO         4857    i.nrf_atomic_u32_or  nrf_atomic.o
    0x00029a62   0x00029a62   0x00000016   Code   RO         2588    i.nrf_bitmask_bit_is_set  nrfx_gpiote.o
    0x00029a78   0x00029a78   0x00000016   Code   RO         2589    i.nrf_bitmask_bit_set  nrfx_gpiote.o
    0x00029a8e   0x00029a8e   0x0000001e   Code   RO         1773    i.nrf_ble_gatt_att_mtu_periph_set  nrf_ble_gatt.o
    0x00029aac   0x00029aac   0x00000034   Code   RO         1777    i.nrf_ble_gatt_init  nrf_ble_gatt.o
    0x00029ae0   0x00029ae0   0x000000ae   Code   RO         1778    i.nrf_ble_gatt_on_ble_evt  nrf_ble_gatt.o
    0x00029b8e   0x00029b8e   0x00000020   Code   RO         1890    i.nrf_ble_qwr_conn_handle_assign  nrf_ble_qwr.o
    0x00029bae   0x00029bae   0x00000032   Code   RO         1891    i.nrf_ble_qwr_init  nrf_ble_qwr.o
    0x00029be0   0x00029be0   0x0000007c   Code   RO         1892    i.nrf_ble_qwr_on_ble_evt  nrf_ble_qwr.o
    0x00029c5c   0x00029c5c   0x00000012   Code   RO         2419    i.nrf_clock_event_check  nrfx_clock.o
    0x00029c6e   0x00029c6e   0x00000012   Code   RO         2420    i.nrf_clock_event_clear  nrfx_clock.o
    0x00029c80   0x00029c80   0x0000000c   Code   RO         2421    i.nrf_clock_int_disable  nrfx_clock.o
    0x00029c8c   0x00029c8c   0x00000008   Code   RO         2423    i.nrf_clock_task_trigger  nrfx_clock.o
    0x00029c94   0x00029c94   0x00000034   Code   RO         6273    i.nrf_dfu_svci_vector_table_set  nrf_dfu_svci.o
    0x00029cc8   0x00029cc8   0x00000018   Code   RO         6274    i.nrf_dfu_svci_vector_table_unset  nrf_dfu_svci.o
    0x00029ce0   0x00029ce0   0x00000040   Code   RO         2070    i.nrf_drv_clock_init  nrf_drv_clock.o
    0x00029d20   0x00029d20   0x00000030   Code   RO         2074    i.nrf_drv_clock_lfclk_release  nrf_drv_clock.o
    0x00029d50   0x00029d50   0x0000001c   Code   RO         3744    i.nrf_drv_ppi_init  nrf_drv_ppi.o
    0x00029d6c   0x00029d6c   0x00000044   Code   RO         4289    i.nrf_drv_uart_tx   app_uart_fifo.o
    0x00029db0   0x00029db0   0x00000028   Code   RO         2590    i.nrf_gpio_cfg      nrfx_gpiote.o
    0x00029dd8   0x00029dd8   0x00000032   Code   RO         2592    i.nrf_gpio_cfg_sense_set  nrfx_gpiote.o
    0x00029e0a   0x00029e0a   0x00000016   Code   RO         2593    i.nrf_gpio_pin_clear  nrfx_gpiote.o
    0x00029e20   0x00029e20   0x00000016   Code   RO         2595    i.nrf_gpio_pin_set  nrfx_gpiote.o
    0x00029e36   0x00029e36   0x0000003a   Code   RO          718    i.nrf_gpio_pin_write  boards.o
    0x00029e70   0x00029e70   0x00000028   Code   RO         2596    i.nrf_gpio_ports_read  nrfx_gpiote.o
    0x00029e98   0x00029e98   0x0000000c   Code   RO         2597    i.nrf_gpiote_event_addr_get  nrfx_gpiote.o
    0x00029ea4   0x00029ea4   0x0000001c   Code   RO         2598    i.nrf_gpiote_event_clear  nrfx_gpiote.o
    0x00029ec0   0x00029ec0   0x00000016   Code   RO         2599    i.nrf_gpiote_event_is_set  nrfx_gpiote.o
    0x00029ed6   0x00029ed6   0x00000002   PAD
    0x00029ed8   0x00029ed8   0x0000000c   Code   RO         2600    i.nrf_gpiote_int_enable  nrfx_gpiote.o
    0x00029ee4   0x00029ee4   0x0000000c   Code   RO         2601    i.nrf_gpiote_task_addr_get  nrfx_gpiote.o
    0x00029ef0   0x00029ef0   0x00000016   Code   RO         5196    i.nrf_mtx_unlock    nrf_pwr_mgmt.o
    0x00029f06   0x00029f06   0x00000002   PAD
    0x00029f08   0x00029f08   0x00000040   Code   RO         5198    i.nrf_pwr_mgmt_init  nrf_pwr_mgmt.o
    0x00029f48   0x00029f48   0x00000068   Code   RO         5199    i.nrf_pwr_mgmt_run  nrf_pwr_mgmt.o
    0x00029fb0   0x00029fb0   0x00000064   Code   RO         5200    i.nrf_pwr_mgmt_shutdown  nrf_pwr_mgmt.o
    0x0002a014   0x0002a014   0x00000010   Code   RO           24    i.nrf_qwr_error_handler  main.o
    0x0002a024   0x0002a024   0x0000000a   Code   RO         4472    i.nrf_rtc_cc_set    drv_rtc.o
    0x0002a02e   0x0002a02e   0x00000008   Code   RO         4473    i.nrf_rtc_counter_get  drv_rtc.o
    0x0002a036   0x0002a036   0x0000000e   Code   RO         4474    i.nrf_rtc_event_clear  drv_rtc.o
    0x0002a044   0x0002a044   0x00000006   Code   RO         4475    i.nrf_rtc_event_disable  drv_rtc.o
    0x0002a04a   0x0002a04a   0x00000006   Code   RO         4476    i.nrf_rtc_event_enable  drv_rtc.o
    0x0002a050   0x0002a050   0x00000006   Code   RO         4477    i.nrf_rtc_int_disable  drv_rtc.o
    0x0002a056   0x0002a056   0x00000006   Code   RO         4478    i.nrf_rtc_int_enable  drv_rtc.o
    0x0002a05c   0x0002a05c   0x00000006   Code   RO         4479    i.nrf_rtc_task_trigger  drv_rtc.o
    0x0002a062   0x0002a062   0x00000002   PAD
    0x0002a064   0x0002a064   0x00000018   Code   RO         5975    i.nrf_sdh_ble_app_ram_start_get  nrf_sdh_ble.o
    0x0002a07c   0x0002a07c   0x000000be   Code   RO         5976    i.nrf_sdh_ble_default_cfg_set  nrf_sdh_ble.o
    0x0002a13a   0x0002a13a   0x00000002   PAD
    0x0002a13c   0x0002a13c   0x00000024   Code   RO         5977    i.nrf_sdh_ble_enable  nrf_sdh_ble.o
    0x0002a160   0x0002a160   0x00000074   Code   RO         5978    i.nrf_sdh_ble_evts_poll  nrf_sdh_ble.o
    0x0002a1d4   0x0002a1d4   0x00000084   Code   RO         5855    i.nrf_sdh_enable_request  nrf_sdh.o
    0x0002a258   0x0002a258   0x00000030   Code   RO         5856    i.nrf_sdh_evts_poll  nrf_sdh.o
    0x0002a288   0x0002a288   0x0000000c   Code   RO         5857    i.nrf_sdh_is_enabled  nrf_sdh.o
    0x0002a294   0x0002a294   0x00000054   Code   RO         6031    i.nrf_sdh_soc_evts_poll  nrf_sdh_soc.o
    0x0002a2e8   0x0002a2e8   0x00000006   Code   RO         5862    i.nrf_section_iter_get  nrf_sdh.o
    0x0002a2ee   0x0002a2ee   0x00000014   Code   RO         5339    i.nrf_section_iter_init  nrf_section_iter.o
    0x0002a302   0x0002a302   0x0000002e   Code   RO         5340    i.nrf_section_iter_item_set  nrf_section_iter.o
    0x0002a330   0x0002a330   0x0000002e   Code   RO         5341    i.nrf_section_iter_next  nrf_section_iter.o
    0x0002a35e   0x0002a35e   0x00000028   Code   RO         5374    i.nrf_sortlist_add  nrf_sortlist.o
    0x0002a386   0x0002a386   0x00000008   Code   RO         5376    i.nrf_sortlist_peek  nrf_sortlist.o
    0x0002a38e   0x0002a38e   0x00000018   Code   RO         5377    i.nrf_sortlist_pop  nrf_sortlist.o
    0x0002a3a6   0x0002a3a6   0x00000026   Code   RO         5378    i.nrf_sortlist_remove  nrf_sortlist.o
    0x0002a3cc   0x0002a3cc   0x0000000e   Code   RO         3416    i.nrf_timer_compare_event_get  nrfx_timer.o
    0x0002a3da   0x0002a3da   0x0000000a   Code   RO         3417    i.nrf_timer_compare_int_get  nrfx_timer.o
    0x0002a3e4   0x0002a3e4   0x0000000e   Code   RO         3418    i.nrf_timer_event_clear  nrfx_timer.o
    0x0002a3f2   0x0002a3f2   0x00000006   Code   RO         3419    i.nrf_timer_int_disable  nrfx_timer.o
    0x0002a3f8   0x0002a3f8   0x00000006   Code   RO         3420    i.nrf_timer_int_enable  nrfx_timer.o
    0x0002a3fe   0x0002a3fe   0x0000000c   Code   RO         3421    i.nrf_timer_shorts_disable  nrfx_timer.o
    0x0002a40a   0x0002a40a   0x00000006   Code   RO         3422    i.nrf_timer_task_trigger  nrfx_timer.o
    0x0002a410   0x0002a410   0x0000000e   Code   RO         2961    i.nrf_uart_event_check  nrfx_uart.o
    0x0002a41e   0x0002a41e   0x0000000e   Code   RO         2962    i.nrf_uart_event_clear  nrfx_uart.o
    0x0002a42c   0x0002a42c   0x00000006   Code   RO         2967    i.nrf_uart_task_trigger  nrfx_uart.o
    0x0002a432   0x0002a432   0x0000000e   Code   RO         3203    i.nrf_uarte_event_check  nrfx_uarte.o
    0x0002a440   0x0002a440   0x0000000e   Code   RO         3204    i.nrf_uarte_event_clear  nrfx_uarte.o
    0x0002a44e   0x0002a44e   0x00000006   Code   RO         3210    i.nrf_uarte_task_trigger  nrfx_uarte.o
    0x0002a454   0x0002a454   0x00000014   Code   RO         2429    i.nrfx_clock_enable  nrfx_clock.o
    0x0002a468   0x0002a468   0x00000024   Code   RO         2432    i.nrfx_clock_init   nrfx_clock.o
    0x0002a48c   0x0002a48c   0x00000020   Code   RO         2435    i.nrfx_clock_lfclk_stop  nrfx_clock.o
    0x0002a4ac   0x0002a4ac   0x00000018   Code   RO         4480    i.nrfx_coredep_delay_us  drv_rtc.o
    0x0002a4c4   0x0002a4c4   0x00000008   Code   RO         2437    i.nrfx_get_irq_number  nrfx_clock.o
    0x0002a4cc   0x0002a4cc   0x00000008   Code   RO         3423    i.nrfx_get_irq_number  nrfx_timer.o
    0x0002a4d4   0x0002a4d4   0x000000ac   Code   RO         2611    i.nrfx_gpiote_init  nrfx_gpiote.o
    0x0002a580   0x0002a580   0x000000d0   Code   RO         2614    i.nrfx_gpiote_out_init  nrfx_gpiote.o
    0x0002a650   0x0002a650   0x00000016   Code   RO         2616    i.nrfx_gpiote_out_task_addr_get  nrfx_gpiote.o
    0x0002a666   0x0002a666   0x00000002   PAD
    0x0002a668   0x0002a668   0x0000002c   Code   RO         2618    i.nrfx_gpiote_out_task_enable  nrfx_gpiote.o
    0x0002a694   0x0002a694   0x00000014   Code   RO         3214    i.nrfx_is_in_ram    nrfx_uarte.o
    0x0002a6a8   0x0002a6a8   0x000000a4   Code   RO         2438    i.nrfx_power_clock_irq_init  nrfx_clock.o
    0x0002a74c   0x0002a74c   0x00000070   Code   RO         3594    i.nrfx_ppi_channel_alloc  nrfx_ppi.o
    0x0002a7bc   0x0002a7bc   0x00000048   Code   RO         3595    i.nrfx_ppi_channel_assign  nrfx_ppi.o
    0x0002a804   0x0002a804   0x0000003c   Code   RO         3597    i.nrfx_ppi_channel_enable  nrfx_ppi.o
    0x0002a840   0x0002a840   0x00000008   Code   RO         3600    i.nrfx_ppi_channel_to_mask  nrfx_ppi.o
    0x0002a848   0x0002a848   0x00000048   Code   RO         3426    i.nrfx_timer_compare  nrfx_timer.o
    0x0002a890   0x0002a890   0x00000024   Code   RO         3429    i.nrfx_timer_disable  nrfx_timer.o
    0x0002a8b4   0x0002a8b4   0x00000024   Code   RO         3430    i.nrfx_timer_enable  nrfx_timer.o
    0x0002a8d8   0x0002a8d8   0x00000042   Code   RO         3431    i.nrfx_timer_extended_compare  nrfx_timer.o
    0x0002a91a   0x0002a91a   0x00000002   PAD
    0x0002a91c   0x0002a91c   0x000000f0   Code   RO         3433    i.nrfx_timer_init   nrfx_timer.o
    0x0002aa0c   0x0002aa0c   0x0000008c   Code   RO         2978    i.nrfx_uart_tx      nrfx_uart.o
    0x0002aa98   0x0002aa98   0x00000024   Code   RO         2980    i.nrfx_uart_tx_in_progress  nrfx_uart.o
    0x0002aabc   0x0002aabc   0x000000c0   Code   RO         3221    i.nrfx_uarte_tx     nrfx_uarte.o
    0x0002ab7c   0x0002ab7c   0x00000020   Code   RO         3223    i.nrfx_uarte_tx_in_progress  nrfx_uarte.o
    0x0002ab9c   0x0002ab9c   0x0000005c   Code   RO           25    i.nus_data_handler  main.o
    0x0002abf8   0x0002abf8   0x00000070   Code   RO           26    i.on_adv_evt        main.o
    0x0002ac68   0x0002ac68   0x00000014   Code   RO         4136    i.on_compare1_evt   app_timer2.o
    0x0002ac7c   0x0002ac7c   0x00000020   Code   RO         4137    i.on_compare_evt    app_timer2.o
    0x0002ac9c   0x0002ac9c   0x0000002c   Code   RO           27    i.on_conn_params_evt  main.o
    0x0002acc8   0x0002acc8   0x00000030   Code   RO         1385    i.on_conn_params_update  ble_conn_params.o
    0x0002acf8   0x0002acf8   0x00000070   Code   RO         1386    i.on_connect        ble_conn_params.o
    0x0002ad68   0x0002ad68   0x00000074   Code   RO         1952    i.on_connect        ble_nus.o
    0x0002addc   0x0002addc   0x0000000c   Code   RO         6067    i.on_connect        ble_dfu.o
    0x0002ade8   0x0002ade8   0x0000000e   Code   RO         1228    i.on_connected      ble_advertising.o
    0x0002adf6   0x0002adf6   0x00000066   Code   RO         1779    i.on_connected_evt  nrf_ble_gatt.o
    0x0002ae5c   0x0002ae5c   0x0000007c   Code   RO         6068    i.on_ctrlpt_write   ble_dfu.o
    0x0002aed8   0x0002aed8   0x00000054   Code   RO         1780    i.on_data_length_update_evt  nrf_ble_gatt.o
    0x0002af2c   0x0002af2c   0x00000030   Code   RO         1781    i.on_data_length_update_request_evt  nrf_ble_gatt.o
    0x0002af5c   0x0002af5c   0x00000032   Code   RO         1387    i.on_disconnect     ble_conn_params.o
    0x0002af8e   0x0002af8e   0x00000002   PAD
    0x0002af90   0x0002af90   0x0000001c   Code   RO         6069    i.on_disconnect     ble_dfu.o
    0x0002afac   0x0002afac   0x00000032   Code   RO         1229    i.on_disconnected   ble_advertising.o
    0x0002afde   0x0002afde   0x00000014   Code   RO         1782    i.on_disconnected_evt  nrf_ble_gatt.o
    0x0002aff2   0x0002aff2   0x00000002   PAD
    0x0002aff4   0x0002aff4   0x0000006c   Code   RO         1783    i.on_exchange_mtu_request_evt  nrf_ble_gatt.o
    0x0002b060   0x0002b060   0x00000064   Code   RO         1784    i.on_exchange_mtu_rsp_evt  nrf_ble_gatt.o
    0x0002b0c4   0x0002b0c4   0x0000002c   Code   RO         6070    i.on_hvc            ble_dfu.o
    0x0002b0f0   0x0002b0f0   0x00000044   Code   RO         1953    i.on_hvx_tx_complete  ble_nus.o
    0x0002b134   0x0002b134   0x0000001c   Code   RO         4138    i.on_overflow_evt   app_timer2.o
    0x0002b150   0x0002b150   0x00000044   Code   RO         6071    i.on_rw_authorize_req  ble_dfu.o
    0x0002b194   0x0002b194   0x0000006a   Code   RO         1893    i.on_rw_authorize_request  nrf_ble_qwr.o
    0x0002b1fe   0x0002b1fe   0x00000040   Code   RO         1230    i.on_terminated     ble_advertising.o
    0x0002b23e   0x0002b23e   0x00000002   Code   RO         1894    i.on_user_mem_release  nrf_ble_qwr.o
    0x0002b240   0x0002b240   0x00000020   Code   RO         1895    i.on_user_mem_request  nrf_ble_qwr.o
    0x0002b260   0x0002b260   0x00000058   Code   RO         1388    i.on_write          ble_conn_params.o
    0x0002b2b8   0x0002b2b8   0x00000094   Code   RO         1954    i.on_write          ble_nus.o
    0x0002b34c   0x0002b34c   0x00000016   Code   RO         1231    i.phy_is_valid      ble_advertising.o
    0x0002b362   0x0002b362   0x00000002   PAD
    0x0002b364   0x0002b364   0x00000014   Code   RO         2628    i.pin_configured_set  nrfx_gpiote.o
    0x0002b378   0x0002b378   0x0000000c   Code   RO         2632    i.pin_in_use_clear  nrfx_gpiote.o
    0x0002b384   0x0002b384   0x0000008c   Code   RO         2010    i.pnp_id_encode     ble_dis.o
    0x0002b410   0x0002b410   0x0000001c   Code   RO           28    i.power_management_init  main.o
    0x0002b42c   0x0002b42c   0x00000070   Code   RO          579    i.ppi_Setting       ppi_gpiote.o
    0x0002b49c   0x0002b49c   0x00000028   Code   RO         1504    i.record_activate   ble_conn_state.o
    0x0002b4c4   0x0002b4c4   0x00000020   Code   RO         1505    i.record_invalidate  ble_conn_state.o
    0x0002b4e4   0x0002b4e4   0x00000048   Code   RO         1506    i.record_purge_disconnected  ble_conn_state.o
    0x0002b52c   0x0002b52c   0x00000014   Code   RO         1507    i.record_set_disconnected  ble_conn_state.o
    0x0002b540   0x0002b540   0x0000003e   Code   RO         4139    i.rtc_irq           app_timer2.o
    0x0002b57e   0x0002b57e   0x00000002   PAD
    0x0002b580   0x0002b580   0x0000007c   Code   RO         4140    i.rtc_schedule      app_timer2.o
    0x0002b5fc   0x0002b5fc   0x000000a4   Code   RO         4141    i.rtc_update        app_timer2.o
    0x0002b6a0   0x0002b6a0   0x00000098   Code   RO         5863    i.sd_nvic_EnableIRQ  nrf_sdh.o
    0x0002b738   0x0002b738   0x00000068   Code   RO         4380    i.sd_nvic_critical_region_enter  app_util_platform.o
    0x0002b7a0   0x0002b7a0   0x00000068   Code   RO         2077    i.sd_state_evt_handler  nrf_drv_clock.o
    0x0002b808   0x0002b808   0x0000003c   Code   RO         5864    i.sdh_request_observer_notify  nrf_sdh.o
    0x0002b844   0x0002b844   0x00000034   Code   RO         5865    i.sdh_state_observer_notify  nrf_sdh.o
    0x0002b878   0x0002b878   0x00000018   Code   RO         1389    i.send_error_evt    ble_conn_params.o
    0x0002b890   0x0002b890   0x00000024   Code   RO         1390    i.send_update_request  ble_conn_params.o
    0x0002b8b4   0x0002b8b4   0x00000096   Code   RO         1100    i.service_data_encode  ble_advdata.o
    0x0002b94a   0x0002b94a   0x00000002   PAD
    0x0002b94c   0x0002b94c   0x000000b4   Code   RO           29    i.services_init     main.o
    0x0002ba00   0x0002ba00   0x00000030   Code   RO         1232    i.set_adv_mode_directed  ble_advertising.o
    0x0002ba30   0x0002ba30   0x00000024   Code   RO         1233    i.set_adv_mode_directed_high_duty  ble_advertising.o
    0x0002ba54   0x0002ba54   0x0000005c   Code   RO         1234    i.set_adv_mode_fast  ble_advertising.o
    0x0002bab0   0x0002bab0   0x0000005c   Code   RO         1235    i.set_adv_mode_slow  ble_advertising.o
    0x0002bb0c   0x0002bb0c   0x0000003c   Code   RO         6202    i.set_adv_name      ble_dfu_unbonded.o
    0x0002bb48   0x0002bb48   0x000000be   Code   RO         1705    i.set_security_req  ble_srv_common.o
    0x0002bc06   0x0002bc06   0x00000002   PAD
    0x0002bc08   0x0002bc08   0x000000b4   Code   RO         5201    i.shutdown_process  nrf_pwr_mgmt.o
    0x0002bcbc   0x0002bcbc   0x0000001c   Code   RO         2078    i.soc_evt_handler   nrf_drv_clock.o
    0x0002bcd8   0x0002bcd8   0x0000001e   Code   RO         5867    i.softdevices_evt_irq_enable  nrf_sdh.o
    0x0002bcf6   0x0002bcf6   0x00000014   Code   RO         4142    i.sorted_list_stop_all  app_timer2.o
    0x0002bd0a   0x0002bd0a   0x00000002   PAD
    0x0002bd0c   0x0002bd0c   0x00000018   Code   RO         4143    i.sortlist_pop      app_timer2.o
    0x0002bd24   0x0002bd24   0x0000008c   Code   RO         2011    i.sys_id_encode     ble_dis.o
    0x0002bdb0   0x0002bdb0   0x0000000a   Code   RO         4481    i.ticks_sub         drv_rtc.o
    0x0002bdba   0x0002bdba   0x00000002   Code   RO          580    i.timer_dummy_handler  ppi_gpiote.o
    0x0002bdbc   0x0002bdbc   0x0000006c   Code   RO         4144    i.timer_expire      app_timer2.o
    0x0002be28   0x0002be28   0x00000094   Code   RO         4145    i.timer_req_process  app_timer2.o
    0x0002bebc   0x0002bebc   0x00000040   Code   RO         4146    i.timer_req_schedule  app_timer2.o
    0x0002befc   0x0002befc   0x0000001c   Code   RO           31    i.timers_init       main.o
    0x0002bf18   0x0002bf18   0x00000036   Code   RO         2986    i.tx_blocking       nrfx_uart.o
    0x0002bf4e   0x0002bf4e   0x00000026   Code   RO         2987    i.tx_byte           nrfx_uart.o
    0x0002bf74   0x0002bf74   0x00000036   Code   RO         1101    i.tx_power_level_encode  ble_advdata.o
    0x0002bfaa   0x0002bfaa   0x0000000c   Code   RO         1706    i.uint16_decode     ble_srv_common.o
    0x0002bfb6   0x0002bfb6   0x0000000c   Code   RO         1102    i.uint16_encode     ble_advdata.o
    0x0002bfc2   0x0002bfc2   0x0000000c   Code   RO         2012    i.uint16_encode     ble_dis.o
    0x0002bfce   0x0002bfce   0x00000002   PAD
    0x0002bfd0   0x0002bfd0   0x00000074   Code   RO         1391    i.update_timeout_handler  ble_conn_params.o
    0x0002c044   0x0002c044   0x0000001e   Code   RO         1236    i.use_whitelist     ble_advertising.o
    0x0002c062   0x0002c062   0x0000002c   Code   RO         1896    i.user_mem_reply    nrf_ble_qwr.o
    0x0002c08e   0x0002c08e   0x0000004e   Code   RO         1103    i.uuid_list_encode  ble_advdata.o
    0x0002c0dc   0x0002c0dc   0x000000d6   Code   RO         1104    i.uuid_list_sized_encode  ble_advdata.o
    0x0002c1b2   0x0002c1b2   0x00000008   Code   RO         1237    i.whitelist_has_entries  ble_advertising.o
    0x0002c1ba   0x0002c1ba   0x00000002   PAD
    0x0002c1bc   0x0002c1bc   0x0000001c   Data   RO           35    .constdata          main.o
    0x0002c1d8   0x0002c1d8   0x0000000c   Data   RO          581    .constdata          ppi_gpiote.o
    0x0002c1e4   0x0002c1e4   0x00000008   Data   RO          719    .constdata          boards.o
    0x0002c1ec   0x0002c1ec   0x0000002c   Data   RO          850    .constdata          bsp.o
    0x0002c218   0x0002c218   0x00000016   Data   RO         1785    .constdata          nrf_ble_gatt.o
    0x0002c22e   0x0002c22e   0x00000002   PAD
    0x0002c230   0x0002c230   0x00000010   Data   RO         1955    .constdata          ble_nus.o
    0x0002c240   0x0002c240   0x0000003e   Data   RO         2634    .constdata          nrfx_gpiote.o
    0x0002c27e   0x0002c27e   0x00000002   PAD
    0x0002c280   0x0002c280   0x00000014   Data   RO         4148    .constdata          app_timer2.o
    0x0002c294   0x0002c294   0x0000000c   PAD
    0x0002c2a0   0x0002c2a0   0x00000006   Data   RO         4482    .constdata          drv_rtc.o
    0x0002c2a6   0x0002c2a6   0x00000002   PAD
    0x0002c2a8   0x0002c2a8   0x00000024   Data   RO         5203    .constdata          nrf_pwr_mgmt.o
    0x0002c2cc   0x0002c2cc   0x00000058   Data   RO         5868    .constdata          nrf_sdh.o
    0x0002c324   0x0002c324   0x00000030   Data   RO         5980    .constdata          nrf_sdh_ble.o
    0x0002c354   0x0002c354   0x0000001c   Data   RO         6032    .constdata          nrf_sdh_soc.o
    0x0002c370   0x0002c370   0x00000018   Data   RO         6073    .constdata          ble_dfu.o
    0x0002c388   0x0002c388   0x00000020   Data   RO         7211    Region$$Table       anon$$obj.o
    0x0002c3a8   0x0002c3a8   0x00000008   Data   RO         1510    sdh_ble_observers0  ble_conn_state.o
    0x0002c3b0   0x0002c3b0   0x00000010   Data   RO           37    sdh_ble_observers1  main.o
    0x0002c3c0   0x0002c3c0   0x00000008   Data   RO          971    sdh_ble_observers1  bsp_btn_ble.o
    0x0002c3c8   0x0002c3c8   0x00000008   Data   RO         1394    sdh_ble_observers1  ble_conn_params.o
    0x0002c3d0   0x0002c3d0   0x00000010   Data   RO           38    sdh_ble_observers2  main.o
    0x0002c3e0   0x0002c3e0   0x00000008   Data   RO         6074    sdh_ble_observers2  ble_dfu.o
    0x0002c3e8   0x0002c3e8   0x00000008   Data   RO           39    sdh_ble_observers3  main.o
    0x0002c3f0   0x0002c3f0   0x00000008   Data   RO         2081    sdh_soc_observers0  nrf_drv_clock.o
    0x0002c3f8   0x0002c3f8   0x00000008   Data   RO         6205    sdh_soc_observers1  ble_dfu_unbonded.o
    0x0002c400   0x0002c400   0x00000008   Data   RO         5982    sdh_stack_observers0  nrf_sdh_ble.o
    0x0002c408   0x0002c408   0x00000008   Data   RO         6033    sdh_stack_observers0  nrf_sdh_soc.o
    0x0002c410   0x0002c410   0x00000008   Data   RO         2082    sdh_state_observers0  nrf_drv_clock.o


    Execution Region RW_IRAM1 (Exec base: 0x20004178, Load base: 0x0002c418, Size: 0x00002ba8, Max: 0x0000b8e8, ABSOLUTE, COMPRESSED[0x00000034])

    Exec Addr    Load Addr    Size         Type   Attr      Idx    E Section Name        Object

    0x20004178   COMPRESSED   0x00000031   Data   RW           36    .data               main.o
    0x200041a9   COMPRESSED   0x00000003   PAD
    0x200041ac   COMPRESSED   0x00000008   Data   RW          582    .data               ppi_gpiote.o
    0x200041b4   COMPRESSED   0x00000015   Data   RW          851    .data               bsp.o
    0x200041c9   COMPRESSED   0x00000003   PAD
    0x200041cc   COMPRESSED   0x00000008   Data   RW          970    .data               bsp_btn_ble.o
    0x200041d4   COMPRESSED   0x00000008   Data   RW         1393    .data               ble_conn_params.o
    0x200041dc   COMPRESSED   0x0000004a   Data   RW         2013    .data               ble_dis.o
    0x20004226   COMPRESSED   0x00000002   PAD
    0x20004228   COMPRESSED   0x00000009   Data   RW         2227    .data               nrf_drv_uart.o
    0x20004231   COMPRESSED   0x00000003   PAD
    0x20004234   COMPRESSED   0x00000008   Data   RW         2440    .data               nrfx_clock.o
    0x2000423c   COMPRESSED   0x00000008   Data   RW         2906    .data               nrfx_prs.o
    0x20004244   COMPRESSED   0x00000005   Data   RW         3609    .data               nrfx_ppi.o
    0x20004249   COMPRESSED   0x00000001   Data   RW         3746    .data               nrf_drv_ppi.o
    0x2000424a   COMPRESSED   0x00000006   PAD
    0x20004250   COMPRESSED   0x00000024   Data   RW         4149    .data               app_timer2.o
    0x20004274   COMPRESSED   0x0000001b   Data   RW         4293    .data               app_uart_fifo.o
    0x2000428f   COMPRESSED   0x00000001   PAD
    0x20004290   COMPRESSED   0x0000000c   Data   RW         4483    .data               drv_rtc.o
    0x2000429c   COMPRESSED   0x00000009   Data   RW         5204    .data               nrf_pwr_mgmt.o
    0x200042a5   COMPRESSED   0x00000003   Data   RW         5869    .data               nrf_sdh.o
    0x200042a8   COMPRESSED   0x00000001   Data   RW         5981    .data               nrf_sdh_ble.o
    0x200042a9   COMPRESSED   0x00000003   PAD
    0x200042ac   COMPRESSED   0x00000004   Data   RW         6204    .data               ble_dfu_unbonded.o
    0x200042b0   COMPRESSED   0x00000004   Data   RW         6477    .data               system_nrf52.o
    0x200042b4   COMPRESSED   0x00000004   PAD
    0x200042b8        -       0x0000076c   Zero   RW           34    .bss                main.o
    0x20004a24   COMPRESSED   0x00000004   PAD
    0x20004a28        -       0x00000070   Zero   RW          849    .bss                bsp.o
    0x20004a98        -       0x00000050   Zero   RW         1392    .bss                ble_conn_params.o
    0x20004ae8        -       0x0000007c   Zero   RW         1509    .bss                ble_conn_state.o
    0x20004b64        -       0x00000014   Zero   RW         2079    .bss                nrf_drv_clock.o
    0x20004b78        -       0x0000005c   Zero   RW         2633    .bss                nrfx_gpiote.o
    0x20004bd4        -       0x0000002c   Zero   RW         2990    .bss                nrfx_uart.o
    0x20004c00        -       0x00000024   Zero   RW         3229    .bss                nrfx_uarte.o
    0x20004c24        -       0x00000018   Zero   RW         3438    .bss                nrfx_timer.o
    0x20004c3c        -       0x00000068   Zero   RW         4147    .bss                app_timer2.o
    0x20004ca4        -       0x00000020   Zero   RW         4291    .bss                app_uart_fifo.o
    0x20004cc4        -       0x0000000c   Zero   RW         4381    .bss                app_util_platform.o
    0x20004cd0        -       0x0000000c   Zero   RW         5202    .bss                nrf_pwr_mgmt.o
    0x20004cdc        -       0x0000001c   Zero   RW         6072    .bss                ble_dfu.o
    0x20004cf8        -       0x00000028   Zero   RW         6203    .bss                ble_dfu_unbonded.o
    0x20004d20        -       0x00002000   Zero   RW         6300    STACK               arm_startup_nrf52.o


==============================================================================

Image component sizes


      Code (inc. data)   RO Data    RW Data    ZI Data      Debug   Object Name

        28          0          0          0          0       2477   app_error.o
        92         10          0          0          0      30717   app_error_weak.o
       134          0          0          0          0       5366   app_fifo.o
      1122        124         20         36        104      18887   app_timer2.o
       176         24          0         27         32      19119   app_uart_fifo.o
       200         24          0          0         12      10582   app_util_platform.o
        36          8        512          0       8192        928   arm_startup_nrf52.o
      1756          0          0          0          0      55896   ble_advdata.o
      1408          6          0          0          0      23030   ble_advertising.o
       936         56          8          8         80      13155   ble_conn_params.o
       560         36          8          0        124      11112   ble_conn_state.o
       680         54         32          0         28      21320   ble_dfu.o
       622         48          8          4         40      15674   ble_dfu_unbonded.o
       844         48          0         74          0      43201   ble_dis.o
       108          0          0          0          0       1608   ble_link_ctx_manager.o
       664          4         16          0          0       5768   ble_nus.o
       712          6          0          0          0      42749   ble_srv_common.o
       270         20          8          0          0      15979   boards.o
      1264         80         44         21        112      16477   bsp.o
       288          8          8          8          0       4420   bsp_btn_ble.o
        72         28          0          0          0     129565   dev_info_service.o
       886         34          6         12          0      51441   drv_rtc.o
      1684        118         68         49       1900     137633   main.o
       352          0          0          0          0       6021   nrf_atfifo.o
        90          0          0          0          0       3136   nrf_atflags.o
       292          0          0          0          0       4246   nrf_atomic.o
       786         16         22          0          0      39644   nrf_ble_gatt.o
       390          0          0          0          0       7797   nrf_ble_qwr.o
        76          6          0          0          0       1618   nrf_dfu_svci.o
       364         48         16          0         20      42614   nrf_drv_clock.o
        28          6          0          1          0        943   nrf_drv_ppi.o
         0          0          0          9          0      15376   nrf_drv_uart.o
       470         54         36          9         12      48213   nrf_pwr_mgmt.o
       556         56         88          3          0      38781   nrf_sdh.o
       366         18         56          1          0       5797   nrf_sdh_ble.o
        84          4         36          0          0       2604   nrf_sdh_soc.o
       112          0          0          0          0       2852   nrf_section_iter.o
       110          0          0          0          0       3708   nrf_sortlist.o
       400         34          0          8          0      44450   nrfx_clock.o
      1510        100         62          0         92      63157   nrfx_gpiote.o
       342         24          0          5          0      12165   nrfx_ppi.o
        16          6          0          8          0       2014   nrfx_prs.o
       666         44          0          0         24      20382   nrfx_timer.o
       302         12          0          0         44      15338   nrfx_uart.o
       278         10          0          0         36      14628   nrfx_uarte.o
       386         48         12          8          0      59191   ppi_gpiote.o
      1552        158          0          4          0      10711   system_nrf52.o

    ----------------------------------------------------------------------
     24112       1380       1116        316      10860    1142490   Object Totals
         0          0         32          0          0          0   (incl. Generated)
        42          0         18         21          8          0   (incl. Padding)

    ----------------------------------------------------------------------

      Code (inc. data)   RO Data    RW Data    ZI Data      Debug   Library Member Name

        58          0          0          0          0          0   __dczerorl.o
         0          0          0          0          0          0   entry.o
         0          0          0          0          0          0   entry10a.o
         0          0          0          0          0          0   entry11a.o
         8          4          0          0          0          0   entry2.o
         4          0          0          0          0          0   entry5.o
         0          0          0          0          0          0   entry7b.o
         0          0          0          0          0          0   entry8b.o
         8          4          0          0          0          0   entry9a.o
        30          0          0          0          0          0   handlers.o
        36          8          0          0          0         68   init.o
        30          0          0          0          0         68   llshl.o
        32          0          0          0          0         68   llushr.o
        36          0          0          0          0         68   memcpya.o
        36          0          0          0          0        108   memseta.o
        14          0          0          0          0         68   strlen.o
        98          0          0          0          0         92   uldiv.o

    ----------------------------------------------------------------------
       396         16          0          0          0        540   Library Totals
         6          0          0          0          0          0   (incl. Padding)

    ----------------------------------------------------------------------

      Code (inc. data)   RO Data    RW Data    ZI Data      Debug   Library Name

       390         16          0          0          0        540   mc_w.l

    ----------------------------------------------------------------------
       396         16          0          0          0        540   Library Totals

    ----------------------------------------------------------------------

==============================================================================


      Code (inc. data)   RO Data    RW Data    ZI Data      Debug   

     24508       1396       1116        316      10860    1108558   Grand Totals
     24508       1396       1116         52      10860    1108558   ELF Image Totals (compressed)
     24508       1396       1116         52          0          0   ROM Totals

==============================================================================

    Total RO  Size (Code + RO Data)                25624 (  25.02kB)
    Total RW  Size (RW Data + ZI Data)             11176 (  10.91kB)
    Total ROM Size (Code + RO Data + RW Data)      25676 (  25.07kB)

==============================================================================

