Component: ARM Compiler 5.06 update 6 (build 750) Tool: armlink [4d35ed]

==============================================================================

Section Cross References

    main.o(i.Saadc_init) refers to nrfx_saadc.o(i.nrfx_saadc_init) for nrfx_saadc_init
    main.o(i.Saadc_init) refers to app_error.o(i.app_error_handler_bare) for app_error_handler_bare
    main.o(i.Saadc_init) refers to nrfx_saadc.o(i.nrfx_saadc_channel_init) for nrfx_saadc_channel_init
    main.o(i.Saadc_init) refers to main.o(.constdata) for .constdata
    main.o(i.SendTimer_handler) refers to main.o(i.advertising_start) for advertising_start
    main.o(i.UartTimer_handler) refers to ble_nus.o(i.ble_nus_data_send) for ble_nus_data_send
    main.o(i.UartTimer_handler) refers to app_error.o(i.app_error_handler_bare) for app_error_handler_bare
    main.o(i.UartTimer_handler) refers to memseta.o(.text) for __aeabi_memclr4
    main.o(i.UartTimer_handler) refers to main.o(.data) for Notify_Flag
    main.o(i.UartTimer_handler) refers to main.o(.bss) for data_array
    main.o(i.advertising_config_get) refers to memseta.o(.text) for __aeabi_memclr4
    main.o(i.advertising_init) refers to memseta.o(.text) for __aeabi_memclr4
    main.o(i.advertising_init) refers to ble_advertising.o(i.ble_advertising_init) for ble_advertising_init
    main.o(i.advertising_init) refers to app_error.o(i.app_error_handler_bare) for app_error_handler_bare
    main.o(i.advertising_init) refers to ble_advertising.o(i.ble_advertising_conn_cfg_tag_set) for ble_advertising_conn_cfg_tag_set
    main.o(i.advertising_init) refers to main.o(.data) for m_adv_uuids
    main.o(i.advertising_init) refers to main.o(i.on_adv_evt) for on_adv_evt
    main.o(i.advertising_init) refers to main.o(.bss) for m_advertising
    main.o(i.advertising_start) refers to ble_advertising.o(i.ble_advertising_start) for ble_advertising_start
    main.o(i.advertising_start) refers to app_error.o(i.app_error_handler_bare) for app_error_handler_bare
    main.o(i.advertising_start) refers to main.o(.bss) for m_advertising
    main.o(i.assert_nrf_callback) refers to app_error_handler_keil.o(.emb_text) for app_error_handler
    main.o(i.battery_level_meas_timeout_handler) refers to main.o(i.battery_level_update) for battery_level_update
    main.o(i.battery_level_update) refers to nrfx_saadc.o(i.nrfx_saadc_sample_convert) for nrfx_saadc_sample_convert
    main.o(i.battery_level_update) refers to ble_bas.o(i.ble_bas_battery_level_update) for ble_bas_battery_level_update
    main.o(i.battery_level_update) refers to app_error.o(i.app_error_handler_bare) for app_error_handler_bare
    main.o(i.battery_level_update) refers to main.o(.bss) for m_bas
    main.o(i.ble_dfu_evt_handler) refers to main.o(i.advertising_config_get) for advertising_config_get
    main.o(i.ble_dfu_evt_handler) refers to ble_advertising.o(i.ble_advertising_modes_config_set) for ble_advertising_modes_config_set
    main.o(i.ble_dfu_evt_handler) refers to ble_conn_state.o(i.ble_conn_state_for_each_connected) for ble_conn_state_for_each_connected
    main.o(i.ble_dfu_evt_handler) refers to main.o(.bss) for m_advertising
    main.o(i.ble_dfu_evt_handler) refers to main.o(i.disconnect) for disconnect
    main.o(i.ble_evt_handler) refers to bsp.o(i.bsp_indication_set) for bsp_indication_set
    main.o(i.ble_evt_handler) refers to app_error.o(i.app_error_handler_bare) for app_error_handler_bare
    main.o(i.ble_evt_handler) refers to nrf_ble_qwr.o(i.nrf_ble_qwr_conn_handle_assign) for nrf_ble_qwr_conn_handle_assign
    main.o(i.ble_evt_handler) refers to main.o(.data) for m_conn_handle
    main.o(i.ble_evt_handler) refers to main.o(.bss) for m_qwr
    main.o(i.ble_stack_init) refers to nrf_sdh.o(i.nrf_sdh_enable_request) for nrf_sdh_enable_request
    main.o(i.ble_stack_init) refers to app_error.o(i.app_error_handler_bare) for app_error_handler_bare
    main.o(i.ble_stack_init) refers to nrf_sdh_ble.o(i.nrf_sdh_ble_default_cfg_set) for nrf_sdh_ble_default_cfg_set
    main.o(i.ble_stack_init) refers to nrf_sdh_ble.o(i.nrf_sdh_ble_enable) for nrf_sdh_ble_enable
    main.o(i.bsp_event_handler) refers to main.o(i.sleep_mode_enter) for sleep_mode_enter
    main.o(i.bsp_event_handler) refers to app_error.o(i.app_error_handler_bare) for app_error_handler_bare
    main.o(i.bsp_event_handler) refers to ble_advertising.o(i.ble_advertising_restart_without_whitelist) for ble_advertising_restart_without_whitelist
    main.o(i.bsp_event_handler) refers to main.o(.data) for m_conn_handle
    main.o(i.bsp_event_handler) refers to main.o(.bss) for m_advertising
    main.o(i.buttons_leds_init) refers to bsp.o(i.bsp_init) for bsp_init
    main.o(i.buttons_leds_init) refers to app_error.o(i.app_error_handler_bare) for app_error_handler_bare
    main.o(i.buttons_leds_init) refers to bsp_btn_ble.o(i.bsp_btn_ble_init) for bsp_btn_ble_init
    main.o(i.buttons_leds_init) refers to main.o(i.bsp_event_handler) for bsp_event_handler
[...]
    nrfx_twis_enable                         0x0002cfe5   Thumb Code    62  nrfx_twis.o(i.nrfx_twis_enable)
    nrfx_twis_init                           0x0002d071   Thumb Code   266  nrfx_twis.o(i.nrfx_twis_init)
    nrfx_twis_rx_prepare                     0x0002d1b1   Thumb Code   100  nrfx_twis.o(i.nrfx_twis_rx_prepare)
    nrfx_twis_tx_prepare                     0x0002d569   Thumb Code   100  nrfx_twis.o(i.nrfx_twis_tx_prepare)
    nrfx_twis_uninit                         0x0002d5d1   Thumb Code    80  nrfx_twis.o(i.nrfx_twis_uninit)
    nrfx_uart_0_irq_handler                  0x0002d625   Thumb Code    12  nrfx_uart.o(i.nrfx_uart_0_irq_handler)
    nrfx_uart_init                           0x0002d639   Thumb Code   128  nrfx_uart.o(i.nrfx_uart_init)
    nrfx_uart_rx                             0x0002d6c1   Thumb Code   286  nrfx_uart.o(i.nrfx_uart_rx)
    nrfx_uart_tx                             0x0002d7e5   Thumb Code   134  nrfx_uart.o(i.nrfx_uart_tx)
    nrfx_uart_tx_in_progress                 0x0002d871   Thumb Code    30  nrfx_uart.o(i.nrfx_uart_tx_in_progress)
    nrfx_uarte_0_irq_handler                 0x0002d895   Thumb Code    12  nrfx_uarte.o(i.nrfx_uarte_0_irq_handler)
    nrfx_uarte_init                          0x0002d8a9   Thumb Code   120  nrfx_uarte.o(i.nrfx_uarte_init)
    nrfx_uarte_rx                            0x0002d929   Thumb Code   306  nrfx_uarte.o(i.nrfx_uarte_rx)
    nrfx_uarte_tx                            0x0002da61   Thumb Code   188  nrfx_uarte.o(i.nrfx_uarte_tx)
    nrfx_uarte_tx_in_progress                0x0002db21   Thumb Code    26  nrfx_uarte.o(i.nrfx_uarte_tx_in_progress)
    ppi_Setting                              0x0002e7b1   Thumb Code   138  ppi_gpiote.o(i.ppi_Setting)
    record_rd                                0x0002ee15   Thumb Code   168  fds_mem.o(i.record_rd)
    record_update                            0x0002eed9   Thumb Code    60  fds_mem.o(i.record_update)
    record_write                             0x0002ef21   Thumb Code    62  fds_mem.o(i.record_write)
    spi_event_handler                        0x0002f97d   Thumb Code   174  spi_trans.o(i.spi_event_handler)
    spi_init                                 0x0002fa45   Thumb Code    66  spi_trans.o(i.spi_init)
    spi_read                                 0x0002fa95   Thumb Code   108  spi_trans.o(i.spi_read)
    spi_test                                 0x0002fb15   Thumb Code    38  spi_trans.o(i.spi_test)
    spi_uninit                               0x0002fb49   Thumb Code    10  spi_trans.o(i.spi_uninit)
    spi_update                               0x0002fb59   Thumb Code    84  spi_trans.o(i.spi_update)
    spi_write                                0x0002fbc1   Thumb Code    86  spi_trans.o(i.spi_write)
    twi_read                                 0x000301f9   Thumb Code    78  twi.o(i.twi_read)
    twi_update                               0x00030601   Thumb Code    96  twi.o(i.twi_update)
    twi_write                                0x0003066d   Thumb Code    92  twi.o(i.twi_write)
    uart_event_handle                        0x000308b9   Thumb Code   106  main.o(i.uart_event_handle)
    nrf_fstorage_sd                          0x0003169c   Data          32  nrf_fstorage_sd.o(.constdata)
    m_ram_start                              0x00031758   Data           4  nrf_sdh_ble.o(.constdata)
    Region$$Table$$Base                      0x00031958   Number         0  anon$$obj.o(Region$$Table)
    Region$$Table$$Limit                     0x00031978   Number         0  anon$$obj.o(Region$$Table)
    sdh_ble_observers0$$Base                 0x00031978   Number         0  ble_conn_state.o(sdh_ble_observers0)
    sdh_ble_observers0$$Limit                0x00031980   Number         0  ble_conn_state.o(sdh_ble_observers0)
    sdh_ble_observers1$$Base                 0x00031980   Number         0  main.o(sdh_ble_observers1)
    sdh_ble_observers1$$Limit                0x000319a0   Number         0  ble_conn_params.o(sdh_ble_observers1)
    sdh_ble_observers2$$Base                 0x000319a0   Number         0  main.o(sdh_ble_observers2)
    sdh_ble_observers2$$Limit                0x000319c0   Number         0  ble_dfu.o(sdh_ble_observers2)
    sdh_ble_observers3$$Base                 0x000319c0   Number         0  main.o(sdh_ble_observers3)
    m_req_obs                                0x000319c8   Data           8  nrf_fstorage_sd.o(sdh_req_observers0)
    sdh_ble_observers3$$Limit                0x000319c8   Number         0  main.o(sdh_ble_observers3)
    sdh_req_observers0$$Base                 0x000319c8   Number         0  nrf_fstorage_sd.o(sdh_req_observers0)
    sdh_req_observers0$$Limit                0x000319d0   Number         0  nrf_fstorage_sd.o(sdh_req_observers0)
    sdh_soc_observers0$$Base                 0x000319d0   Number         0  nrf_drv_clock.o(sdh_soc_observers0)
    sdh_soc_observers0$$Limit                0x000319e0   Number         0  nrf_fstorage_sd.o(sdh_soc_observers0)
    sdh_soc_observers1$$Base                 0x000319e0   Number         0  ble_dfu_unbonded.o(sdh_soc_observers1)
    sdh_soc_observers1$$Limit                0x000319e8   Number         0  ble_dfu_unbonded.o(sdh_soc_observers1)
    sdh_stack_observers0$$Base               0x000319e8   Number         0  nrf_sdh_ble.o(sdh_stack_observers0)
    sdh_stack_observers0$$Limit              0x000319f8   Number         0  nrf_sdh_soc.o(sdh_stack_observers0)
    sdh_state_observers0$$Base               0x000319f8   Number         0  nrf_drv_clock.o(sdh_state_observers0)
    sdh_state_observers0$$Limit              0x00031a08   Number         0  nrf_fstorage_sd.o(sdh_state_observers0)
    Image$$RW_IRAM1$$Base                    0x20004178   Number         0  anon$$obj.o ABSOLUTE
    Notify_Flag                              0x200041ac   Data           1  main.o(.data)
    Notify_buffer                            0x200041ad   Data           4  main.o(.data)
    nrf_drv_uart_use_easy_dma                0x200042c0   Data           1  nrf_drv_uart.o(.data)
    mp_dfu                                   0x2000437c   Data           4  ble_dfu_unbonded.o(.data)
    SystemCoreClock                          0x20004380   Data           4  system_nrf52.o(.data)
    fs_data$$Base                            0x20004384   Number         0  fds.o(fs_data)
    m_fs                                     0x20004384   Data          20  fds.o(fs_data)
    fs_data$$Limit                           0x20004398   Number         0  fds.o(fs_data)
    nrf_nvic_state                           0x20005100   Data          12  app_util_platform.o(.bss)
    __initial_sp                             0x20007300   Data           0  arm_startup_nrf52.o(STACK)



==============================================================================

Memory Map of the image

  Image Entry point : 0x00026201

  Load Region LR_IROM1 (Base: 0x00026000, Size: 0x0000bc28, Max: 0x0005a000, ABSOLUTE, COMPRESSED[0x0000ba84])

    Execution Region ER_IROM1 (Exec base: 0x00026000, Load base: 0x00026000, Size: 0x0000ba08, Max: 0x0005a000, ABSOLUTE)

    Exec Addr    Load Addr    Size         Type   Attr      Idx    E Section Name        Object

    0x00026000   0x00026000   0x00000200   Data   RO         8320    RESET               arm_startup_nrf52.o
    0x00026200   0x00026200   0x00000000   Code   RO         9192  * .ARM.Collect$$$$00000000  mc_w.l(entry.o)
    0x00026200   0x00026200   0x00000004   Code   RO         9211    .ARM.Collect$$$$00000001  mc_w.l(entry2.o)
    0x00026204   0x00026204   0x00000004   Code   RO         9214    .ARM.Collect$$$$00000004  mc_w.l(entry5.o)
    0x00026208   0x00026208   0x00000000   Code   RO         9216    .ARM.Collect$$$$00000008  mc_w.l(entry7b.o)
    0x00026208   0x00026208   0x00000000   Code   RO         9218    .ARM.Collect$$$$0000000A  mc_w.l(entry8b.o)
    0x00026208   0x00026208   0x00000008   Code   RO         9219    .ARM.Collect$$$$0000000B  mc_w.l(entry9a.o)
    0x00026210   0x00026210   0x00000000   Code   RO         9221    .ARM.Collect$$$$0000000D  mc_w.l(entry10a.o)
    0x00026210   0x00026210   0x00000000   Code   RO         9223    .ARM.Collect$$$$0000000F  mc_w.l(entry11a.o)
    0x00026210   0x00026210   0x00000004   Code   RO         9212    .ARM.Collect$$$$00002712  mc_w.l(entry2.o)
    0x00026214   0x00026214   0x000000c8   Code   RO         6053    .emb_text           nrf_atfifo.o
    0x000262dc   0x000262dc   0x000000e2   Code   RO         6192    .emb_text           nrf_atomic.o
    0x000263be   0x000263be   0x00000002   PAD
    0x000263c0   0x000263c0   0x00000024   Code   RO         8321    .text               arm_startup_nrf52.o
    0x000263e4   0x000263e4   0x00000062   Code   RO         9195    .text               mc_w.l(uldiv.o)
    0x00026446   0x00026446   0x0000001e   Code   RO         9197    .text               mc_w.l(llshl.o)
    0x00026464   0x00026464   0x00000024   Code   RO         9199    .text               mc_w.l(memcpya.o)
    0x00026488   0x00026488   0x00000024   Code   RO         9201    .text               mc_w.l(memseta.o)
    0x000264ac   0x000264ac   0x0000000e   Code   RO         9203    .text               mc_w.l(strlen.o)
    0x000264ba   0x000264ba   0x00000020   Code   RO         9225    .text               mc_w.l(llushr.o)
    0x000264da   0x000264da   0x00000002   PAD
    0x000264dc   0x000264dc   0x00000024   Code   RO         9227    .text               mc_w.l(init.o)
    0x00026500   0x00026500   0x00000056   Code   RO         9237    .text               mc_w.l(__dczerorl2.o)
    0x00026556   0x00026556   0x00000002   PAD
    0x00026558   0x00026558   0x0000021c   Code   RO         3089    i.GPIOTE_IRQHandler  nrfx_gpiote.o
    0x00026774   0x00026774   0x0000002a   Code   RO          613    i.Lesson3LedTimer_handler  ppi_gpiote.o
    0x0002679e   0x0002679e   0x00000002   PAD
    0x000267a0   0x000267a0   0x00000054   Code   RO         2924    i.POWER_CLOCK_IRQHandler  nrfx_clock.o
    0x000267f4   0x000267f4   0x00000018   Code   RO         5804    i.RTC1_IRQHandler   drv_rtc.o
    0x0002680c   0x0002680c   0x000001cc   Code   RO         4285    i.SAADC_IRQHandler  nrfx_saadc.o
    0x000269d8   0x000269d8   0x00000014   Code   RO         4718    i.SPIM0_SPIS0_TWIM0_TWIS0_SPI0_TWI0_IRQHandler  nrfx_twi.o
    0x000269ec   0x000269ec   0x00000014   Code   RO         4927    i.SPIM1_SPIS1_TWIM1_TWIS1_SPI1_TWI1_IRQHandler  nrfx_twis.o
    0x00026a00   0x00026a00   0x00000014   Code   RO         4500    i.SPIM2_SPIS2_SPI2_IRQHandler  nrfx_spim.o
    0x00026a14   0x00026a14   0x00000010   Code   RO          842    i.SPI_Interface_init  spi_trans.o
    0x00026a24   0x00026a24   0x00000008   Code   RO         7870    i.SWI2_EGU2_IRQHandler  nrf_sdh.o
    0x00026a2c   0x00026a2c   0x00000058   Code   RO            4    i.Saadc_init        main.o
    0x00026a84   0x00026a84   0x0000000a   Code   RO            5    i.SendTimer_handler  main.o
    0x00026a8e   0x00026a8e   0x00000002   PAD
    0x00026a90   0x00026a90   0x00000010   Code   RO         8328    i.SystemCoreClockUpdate  system_nrf52.o
    0x00026aa0   0x00026aa0   0x00000298   Code   RO         8329    i.SystemInit        system_nrf52.o
    0x00026d38   0x00026d38   0x00000018   Code   RO         3919    i.TIMER1_IRQHandler  nrfx_timer.o
    0x00026d50   0x00026d50   0x00000018   Code   RO         3920    i.TIMER2_IRQHandler  nrfx_timer.o
    0x00026d68   0x00026d68   0x00000010   Code   RO          614    i.Timer_Disable     ppi_gpiote.o
    0x00026d78   0x00026d78   0x0000002c   Code   RO          615    i.Timer_To1Second   ppi_gpiote.o
    0x00026da4   0x00026da4   0x0000002c   Code   RO          616    i.Timer_TohalfSecond  ppi_gpiote.o
    0x00026dd0   0x00026dd0   0x00000010   Code   RO         3407    i.UARTE0_UART0_IRQHandler  nrfx_prs.o
    0x00026de0   0x00026de0   0x00000190   Code   RO            6    i.UartTimer_handler  main.o
    0x00026f70   0x00026f70   0x0000000e   Code   RO         9231    i.__scatterload_copy  mc_w.l(handlers.o)
    0x00026f7e   0x00026f7e   0x00000002   Code   RO         9232    i.__scatterload_null  mc_w.l(handlers.o)
    0x00026f80   0x00026f80   0x0000000e   Code   RO         9233    i.__scatterload_zeroinit  mc_w.l(handlers.o)
    0x00026f8e   0x00026f8e   0x00000002   PAD
    0x00026f90   0x00026f90   0x00000038   Code   RO         7871    i.__sd_nvic_app_accessible_irq  nrf_sdh.o
    0x00026fc8   0x00026fc8   0x0000000c   Code   RO         5726    i.__sd_nvic_irq_disable  app_util_platform.o
    0x00026fd4   0x00026fd4   0x00000010   Code   RO         6846    i.addr_is_aligned32  nrf_fstorage.o
    0x00026fe4   0x00026fe4   0x00000014   Code   RO         6847    i.addr_is_page_aligned  nrf_fstorage.o
    0x00026ff8   0x00026ff8   0x00000018   Code   RO         1665    i.addr_is_valid     ble_advertising.o
    0x00027010   0x00027010   0x0000001c   Code   RO         6848    i.addr_is_within_bounds  nrf_fstorage.o
    0x0002702c   0x0002702c   0x0000002c   Code   RO         7071    i.address_is_valid  fds.o
    0x00027058   0x00027058   0x00000058   Code   RO         1666    i.adv_mode_next_avail_get  ble_advertising.o
    0x000270b0   0x000270b0   0x00000012   Code   RO         1667    i.adv_mode_next_get  ble_advertising.o
    0x000270c2   0x000270c2   0x00000012   Code   RO         1668    i.adv_set_data_size_max_get  ble_advertising.o
    0x000270d4   0x000270d4   0x00000054   Code   RO         1416    i.advertising_buttons_configure  bsp_btn_ble.o
    0x00027128   0x00027128   0x0000001c   Code   RO            7    i.advertising_config_get  main.o
    0x00027144   0x00027144   0x00000084   Code   RO            8    i.advertising_init  main.o
    0x000271c8   0x000271c8   0x00000024   Code   RO            9    i.advertising_start  main.o
    0x000271ec   0x000271ec   0x0000005c   Code   RO         5308    i.app_error_fault_handler  app_error_weak.o
    0x00027248   0x00027248   0x0000001c   Code   RO         5252    i.app_error_handler_bare  app_error.o
    0x00027264   0x00027264   0x0000001e   Code   RO         5343    i.app_fifo_get      app_fifo.o
    0x00027282   0x00027282   0x00000024   Code   RO         5344    i.app_fifo_init     app_fifo.o
    0x000272a6   0x000272a6   0x00000022   Code   RO         5346    i.app_fifo_put      app_fifo.o
    0x000272c8   0x000272c8   0x00000010   Code   RO         5482    i.app_timer_cnt_get  app_timer2.o
    0x000272d8   0x000272d8   0x00000020   Code   RO         5483    i.app_timer_create  app_timer2.o
    0x000272f8   0x000272f8   0x0000006c   Code   RO         5484    i.app_timer_init    app_timer2.o
    0x00027364   0x00027364   0x00000036   Code   RO         5487    i.app_timer_start   app_timer2.o
    0x0002739a   0x0002739a   0x00000014   Code   RO         5488    i.app_timer_stop    app_timer2.o
    0x000273ae   0x000273ae   0x00000002   PAD
    0x000273b0   0x000273b0   0x00000054   Code   RO         5637    i.app_uart_get      app_uart_fifo.o
    0x00027404   0x00027404   0x000000dc   Code   RO         5638    i.app_uart_init     app_uart_fifo.o
    0x000274e0   0x000274e0   0x0000006c   Code   RO         5639    i.app_uart_put      app_uart_fifo.o
    0x0002754c   0x0002754c   0x0000000c   Code   RO         5727    i.app_util_critical_region_enter  app_util_platform.o
    0x00027558   0x00027558   0x00000048   Code   RO         5728    i.app_util_critical_region_exit  app_util_platform.o
    0x000275a0   0x000275a0   0x00000052   Code   RO         1538    i.appearance_encode  ble_advdata.o
    0x000275f2   0x000275f2   0x0000007c   Code   RO         3458    i.apply_config      nrfx_uart.o
    0x0002766e   0x0002766e   0x0000007c   Code   RO         3700    i.apply_config      nrfx_uarte.o
    0x000276ea   0x000276ea   0x000000b4   Code   RO         2500    i.battery_level_char_add  ble_bas.o
    0x0002779e   0x0002779e   0x0000000a   Code   RO           11    i.battery_level_meas_timeout_handler  main.o
    0x000277a8   0x000277a8   0x000000a0   Code   RO           12    i.battery_level_update  main.o
    0x00027848   0x00027848   0x00000012   Code   RO         2501    i.battery_notification_send  ble_bas.o
    0x0002785a   0x0002785a   0x0000006c   Code   RO         2120    i.blcm_link_ctx_get  ble_link_ctx_manager.o
    0x000278c6   0x000278c6   0x0000016c   Code   RO         1540    i.ble_advdata_encode  ble_advdata.o
    0x00027a32   0x00027a32   0x00000028   Code   RO         1542    i.ble_advdata_parse  ble_advdata.o
    0x00027a5a   0x00027a5a   0x0000004e   Code   RO         1543    i.ble_advdata_search  ble_advdata.o
    0x00027aa8   0x00027aa8   0x00000006   Code   RO         1670    i.ble_advertising_conn_cfg_tag_set  ble_advertising.o
    0x00027aae   0x00027aae   0x00000108   Code   RO         1671    i.ble_advertising_init  ble_advertising.o
    0x00027bb6   0x00027bb6   0x00000012   Code   RO         1672    i.ble_advertising_modes_config_set  ble_advertising.o
    0x00027bc8   0x00027bc8   0x0000003c   Code   RO         1673    i.ble_advertising_on_ble_evt  ble_advertising.o
    0x00027c04   0x00027c04   0x00000174   Code   RO         1676    i.ble_advertising_start  ble_advertising.o
    0x00027d78   0x00027d78   0x000000c8   Code   RO         2502    i.ble_bas_battery_level_update  ble_bas.o
    0x00027e40   0x00027e40   0x0000004e   Code   RO         2504    i.ble_bas_init      ble_bas.o
    0x00027e8e   0x00027e8e   0x00000026   Code   RO         2505    i.ble_bas_on_ble_evt  ble_bas.o
    0x00027eb4   0x00027eb4   0x0000009c   Code   RO         1824    i.ble_conn_params_init  ble_conn_params.o
    0x00027f50   0x00027f50   0x00000014   Code   RO         1929    i.ble_conn_state_conn_handles  ble_conn_state.o
    0x00027f64   0x00027f64   0x00000014   Code   RO         1930    i.ble_conn_state_conn_idx  ble_conn_state.o
    0x00027f78   0x00027f78   0x00000018   Code   RO         1932    i.ble_conn_state_for_each_connected  ble_conn_state.o
    0x00027f90   0x00027f90   0x0000002c   Code   RO         1940    i.ble_conn_state_status  ble_conn_state.o
    0x00027fbc   0x00027fbc   0x0000001c   Code   RO         1944    i.ble_conn_state_valid  ble_conn_state.o
    0x00027fd8   0x00027fd8   0x00000076   Code   RO         1546    i.ble_device_addr_encode  ble_advdata.o
    0x0002804e   0x0002804e   0x00000002   PAD
    0x00028050   0x00028050   0x0000003c   Code   RO         8213    i.ble_dfu_buttonless_async_svci_init  ble_dfu_unbonded.o
    0x0002808c   0x0002808c   0x00000018   Code   RO         8214    i.ble_dfu_buttonless_backend_init  ble_dfu_unbonded.o
    0x000280a4   0x000280a4   0x00000040   Code   RO         8080    i.ble_dfu_buttonless_bootloader_start_finalize  ble_dfu.o
    0x000280e4   0x000280e4   0x0000001c   Code   RO         8215    i.ble_dfu_buttonless_bootloader_start_prepare  ble_dfu_unbonded.o
    0x00028100   0x00028100   0x00000062   Code   RO         8216    i.ble_dfu_buttonless_char_add  ble_dfu_unbonded.o
    0x00028162   0x00028162   0x00000002   PAD
    0x00028164   0x00028164   0x000000a4   Code   RO         8081    i.ble_dfu_buttonless_init  ble_dfu.o
    0x00028208   0x00028208   0x0000004a   Code   RO         8082    i.ble_dfu_buttonless_on_ble_evt  ble_dfu.o
    0x00028252   0x00028252   0x00000002   PAD
    0x00028254   0x00028254   0x0000008c   Code   RO         8217    i.ble_dfu_buttonless_on_ctrl_pt_write  ble_dfu_unbonded.o
    0x000282e0   0x000282e0   0x0000008c   Code   RO         8218    i.ble_dfu_buttonless_on_sys_evt  ble_dfu_unbonded.o
    0x0002836c   0x0002836c   0x00000064   Code   RO         8083    i.ble_dfu_buttonless_resp_send  ble_dfu.o
    0x000283d0   0x000283d0   0x00000054   Code   RO           13    i.ble_dfu_evt_handler  main.o
    0x00028424   0x00028424   0x00000198   Code   RO         2450    i.ble_dis_init      ble_dis.o
    0x000285bc   0x000285bc   0x00000120   Code   RO           14    i.ble_evt_handler   main.o
    0x000286dc   0x000286dc   0x00000078   Code   RO         1417    i.ble_evt_handler   bsp_btn_ble.o
    0x00028754   0x00028754   0x00000040   Code   RO         1826    i.ble_evt_handler   ble_conn_params.o
    0x00028794   0x00028794   0x000000b8   Code   RO         1945    i.ble_evt_handler   ble_conn_state.o
    0x0002884c   0x0002884c   0x0000007a   Code   RO         2391    i.ble_nus_data_send  ble_nus.o
    0x000288c6   0x000288c6   0x00000002   PAD
    0x000288c8   0x000288c8   0x00000108   Code   RO         2392    i.ble_nus_init      ble_nus.o
    0x000289d0   0x000289d0   0x00000044   Code   RO         2393    i.ble_nus_on_ble_evt  ble_nus.o
    0x00028a14   0x00028a14   0x00000012   Code   RO         2144    i.ble_srv_ascii_to_utf8  ble_srv_common.o
    0x00028a26   0x00028a26   0x00000012   Code   RO         2145    i.ble_srv_is_indication_enabled  ble_srv_common.o
    0x00028a38   0x00028a38   0x00000012   Code   RO         2146    i.ble_srv_is_notification_enabled  ble_srv_common.o
    0x00028a4a   0x00028a4a   0x0000003c   Code   RO         2147    i.ble_srv_report_ref_encode  ble_srv_common.o
    0x00028a86   0x00028a86   0x00000086   Code   RO           15    i.ble_stack_init    main.o
    0x00028b0c   0x00028b0c   0x00000030   Code   RO         1192    i.bsp_board_led_invert  boards.o
    0x00028b3c   0x00028b3c   0x00000014   Code   RO         1193    i.bsp_board_led_off  boards.o
    0x00028b50   0x00028b50   0x00000014   Code   RO         1194    i.bsp_board_led_on  boards.o
    0x00028b64   0x00028b64   0x00000030   Code   RO         1195    i.bsp_board_led_state_get  boards.o
    0x00028b94   0x00028b94   0x00000014   Code   RO         1197    i.bsp_board_leds_off  boards.o
    0x00028ba8   0x00028ba8   0x00000014   Code   RO         1198    i.bsp_board_leds_on  boards.o
    0x00028bbc   0x00028bbc   0x00000024   Code   RO         1199    i.bsp_board_pin_to_button_idx  boards.o
    0x00028be0   0x00028be0   0x000000c4   Code   RO         1303    i.bsp_button_event_handler  bsp.o
    0x00028ca4   0x00028ca4   0x0000005c   Code   RO         1307    i.bsp_event_to_button_action_assign  bsp.o
    0x00028d00   0x00028d00   0x00000020   Code   RO         1308    i.bsp_indication_set  bsp.o
    0x00028d20   0x00028d20   0x00000388   Code   RO         1310    i.bsp_led_indication  bsp.o
    0x000290a8   0x000290a8   0x00000010   Code   RO         4928    i.call_event_handler  nrfx_twis.o
    0x000290b8   0x000290b8   0x00000010   Code   RO         3091    i.channel_handler_get  nrfx_gpiote.o
    0x000290c8   0x000290c8   0x0000000c   Code   RO         3093    i.channel_port_get  nrfx_gpiote.o
    0x000290d4   0x000290d4   0x00000090   Code   RO         2451    i.char_add          ble_dis.o
    0x00029164   0x00029164   0x000001c8   Code   RO         2148    i.characteristic_add  ble_srv_common.o
    0x0002932c   0x0002932c   0x00000030   Code   RO         2564    i.clock_clk_started_notify  nrf_drv_clock.o
    0x0002935c   0x0002935c   0x00000028   Code   RO         2565    i.clock_irq_handler  nrf_drv_clock.o
    0x00029384   0x00029384   0x00000026   Code   RO         5490    i.compare_func      app_timer2.o
    0x000293aa   0x000293aa   0x00000028   Code   RO         1678    i.config_is_valid   ble_advertising.o
    0x000293d2   0x000293d2   0x0000003c   Code   RO         1946    i.conn_handle_list_get  ble_conn_state.o
    0x0002940e   0x0002940e   0x0000005a   Code   RO         1547    i.conn_int_check    ble_advdata.o
    0x00029468   0x00029468   0x00000068   Code   RO         1548    i.conn_int_encode   ble_advdata.o
    0x000294d0   0x000294d0   0x00000010   Code   RO           18    i.conn_params_error_handler  main.o
    0x000294e0   0x000294e0   0x0000005c   Code   RO           19    i.conn_params_init  main.o
    0x0002953c   0x0002953c   0x00000054   Code   RO         1827    i.conn_params_negotiation  ble_conn_params.o
    0x00029590   0x00029590   0x00000054   Code   RO         1420    i.connection_buttons_configure  bsp_btn_ble.o
    0x000295e4   0x000295e4   0x0000002c   Code   RO         2212    i.data_length_update  nrf_ble_gatt.o
    0x00029610   0x00029610   0x00000052   Code   RO         7072    i.delete_execute    fds.o
    0x00029662   0x00029662   0x000000be   Code   RO         2149    i.descriptor_add    ble_srv_common.o
    0x00029720   0x00029720   0x00000048   Code   RO          524    i.dis_service_init  dev_info_service.o
    0x00029768   0x00029768   0x00000010   Code   RO           20    i.disconnect        main.o
    0x00029778   0x00029778   0x00000016   Code   RO         5805    i.drv_rtc_compare_disable  drv_rtc.o
    0x0002978e   0x0002978e   0x0000001a   Code   RO         5807    i.drv_rtc_compare_pending  drv_rtc.o
    0x000297a8   0x000297a8   0x0000005c   Code   RO         5808    i.drv_rtc_compare_set  drv_rtc.o
    0x00029804   0x00029804   0x0000000c   Code   RO         5809    i.drv_rtc_counter_get  drv_rtc.o
    0x00029810   0x00029810   0x000000b4   Code   RO         5810    i.drv_rtc_init      drv_rtc.o
    0x000298c4   0x000298c4   0x00000020   Code   RO         5811    i.drv_rtc_irq_trigger  drv_rtc.o
    0x000298e4   0x000298e4   0x00000012   Code   RO         5813    i.drv_rtc_overflow_enable  drv_rtc.o
    0x000298f6   0x000298f6   0x00000010   Code   RO         5814    i.drv_rtc_overflow_pending  drv_rtc.o
    0x00029906   0x00029906   0x0000000e   Code   RO         5815    i.drv_rtc_start     drv_rtc.o
    0x00029914   0x00029914   0x0000000e   Code   RO         5816    i.drv_rtc_stop      drv_rtc.o
    0x00029922   0x00029922   0x00000104   Code   RO         5821    i.drv_rtc_windowed_compare_set  drv_rtc.o
    0x00029a26   0x00029a26   0x00000002   Code   RO         8084    i.dummy_evt_handler  ble_dfu.o
    0x00029a28   0x00029a28   0x00000060   Code   RO         1073    i.eeprom_read       twi.o
    0x00029a88   0x00029a88   0x00000068   Code   RO          976    i.eeprom_simulator_init  eeprom_simulator.o
    0x00029af0   0x00029af0   0x00000014   Code   RO          977    i.eeprom_simulator_uninit  eeprom_simulator.o
    0x00029b04   0x00029b04   0x00000064   Code   RO         1074    i.eeprom_write      twi.o
    0x00029b68   0x00029b68   0x00000048   Code   RO          978    i.ees_readBegin     eeprom_simulator.o
    0x00029bb0   0x00029bb0   0x00000010   Code   RO          979    i.ees_readEnd       eeprom_simulator.o
    0x00029bc0   0x00029bc0   0x0000000c   Code   RO          980    i.ees_setAddr       eeprom_simulator.o
    0x00029bcc   0x00029bcc   0x0000002c   Code   RO          981    i.ees_write         eeprom_simulator.o
    0x00029bf8   0x00029bf8   0x00000018   Code   RO          982    i.ees_writeBegin    eeprom_simulator.o
    0x00029c10   0x00029c10   0x00000034   Code   RO          983    i.ees_writeEnd      eeprom_simulator.o
    0x00029c44   0x00029c44   0x00000048   Code   RO         8219    i.enter_bootloader  ble_dfu_unbonded.o
    0x00029c8c   0x00029c8c   0x00000058   Code   RO         6936    i.erase             nrf_fstorage_sd.o
    0x00029ce4   0x00029ce4   0x0000000e   Code   RO         6937    i.erase_execute     nrf_fstorage_sd.o
    0x00029cf2   0x00029cf2   0x00000002   PAD
    0x00029cf4   0x00029cf4   0x0000005c   Code   RO         8338    i.errata_108        system_nrf52.o
    0x00029d50   0x00029d50   0x0000005c   Code   RO         8350    i.errata_12         system_nrf52.o
    0x00029dac   0x00029dac   0x0000005c   Code   RO         8361    i.errata_136        system_nrf52.o
    0x00029e08   0x00029e08   0x00000040   Code   RO         8380    i.errata_16         system_nrf52.o
    0x00029e48   0x00029e48   0x00000040   Code   RO         8397    i.errata_182        system_nrf52.o
    0x00029e88   0x00029e88   0x0000005c   Code   RO         8439    i.errata_31         system_nrf52.o
    0x00029ee4   0x00029ee4   0x00000040   Code   RO         8440    i.errata_32         system_nrf52.o
    0x00029f24   0x00029f24   0x0000005c   Code   RO         8444    i.errata_36         system_nrf52.o
    0x00029f80   0x00029f80   0x00000040   Code   RO         8445    i.errata_37         system_nrf52.o
    0x00029fc0   0x00029fc0   0x00000040   Code   RO         8461    i.errata_57         system_nrf52.o
    0x0002a000   0x0002a000   0x0000005c   Code   RO         8467    i.errata_66         system_nrf52.o
    0x0002a05c   0x0002a05c   0x0000007e   Code   RO         7073    i.event_prepare     fds.o
    0x0002a0da   0x0002a0da   0x00000002   PAD
    0x0002a0dc   0x0002a0dc   0x00000068   Code   RO         6938    i.event_send        nrf_fstorage_sd.o
    0x0002a144   0x0002a144   0x00000028   Code   RO         7074    i.event_send        fds.o
    0x0002a16c   0x0002a16c   0x00000018   Code   RO         5822    i.evt_disable       drv_rtc.o
    0x0002a184   0x0002a184   0x0000001c   Code   RO         5823    i.evt_enable        drv_rtc.o
    0x0002a1a0   0x0002a1a0   0x0000001c   Code   RO         5824    i.evt_pending       drv_rtc.o
    0x0002a1bc   0x0002a1bc   0x00000034   Code   RO          751    i.fds_evt_handler   fds_mem.o
    0x0002a1f0   0x0002a1f0   0x000000cc   Code   RO         7078    i.fds_init          fds.o
    0x0002a2bc   0x0002a2bc   0x00000068   Code   RO         7079    i.fds_record_close  fds.o
    0x0002a324   0x0002a324   0x00000014   Code   RO         7085    i.fds_record_iterate  fds.o
    0x0002a338   0x0002a338   0x00000050   Code   RO         7086    i.fds_record_open   fds.o
    0x0002a388   0x0002a388   0x00000014   Code   RO         7088    i.fds_record_write  fds.o
    0x0002a39c   0x0002a39c   0x00000034   Code   RO         7090    i.fds_register      fds.o
    0x0002a3d0   0x0002a3d0   0x000000c4   Code   RO         7093    i.fds_stat          fds.o
    0x0002a494   0x0002a494   0x00000054   Code   RO          752    i.fdsmem_init       fds_mem.o
    0x0002a4e8   0x0002a4e8   0x00000018   Code   RO         5349    i.fifo_get          app_fifo.o
    0x0002a500   0x0002a500   0x0000000a   Code   RO         5350    i.fifo_length       app_fifo.o
    0x0002a50a   0x0002a50a   0x0000000a   Code   RO         5640    i.fifo_length       app_uart_fifo.o
    0x0002a514   0x0002a514   0x00000012   Code   RO         5351    i.fifo_peek         app_fifo.o
    0x0002a526   0x0002a526   0x00000012   Code   RO         5352    i.fifo_put          app_fifo.o
    0x0002a538   0x0002a538   0x00000034   Code   RO         7094    i.file_find_and_delete  fds.o
    0x0002a56c   0x0002a56c   0x0000002e   Code   RO         4501    i.finish_transfer   nrfx_spim.o
    0x0002a59a   0x0002a59a   0x0000001e   Code   RO         1947    i.flag_toggle       ble_conn_state.o
    0x0002a5b8   0x0002a5b8   0x00000036   Code   RO         1549    i.flags_encode      ble_advdata.o
    0x0002a5ee   0x0002a5ee   0x0000002c   Code   RO         1679    i.flags_set         ble_advertising.o
    0x0002a61a   0x0002a61a   0x00000002   PAD
    0x0002a61c   0x0002a61c   0x0000001c   Code   RO         7095    i.flash_bounds_set  fds.o
    0x0002a638   0x0002a638   0x00000036   Code   RO         7096    i.flash_end_addr    fds.o
    0x0002a66e   0x0002a66e   0x00000002   PAD
    0x0002a670   0x0002a670   0x0000001c   Code   RO         7097    i.flash_subsystem_init  fds.o
    0x0002a68c   0x0002a68c   0x00000032   Code   RO         1948    i.for_each_set_flag  ble_conn_state.o
    0x0002a6be   0x0002a6be   0x0000000c   Code   RO         7098    i.fs_event_handler  fds.o
    0x0002a6ca   0x0002a6ca   0x00000002   PAD
    0x0002a6cc   0x0002a6cc   0x0000007c   Code   RO           21    i.gap_params_init   main.o
    0x0002a748   0x0002a748   0x00000028   Code   RO           22    i.gatt_evt_handler  main.o
    0x0002a770   0x0002a770   0x00000044   Code   RO           23    i.gatt_init         main.o
    0x0002a7b4   0x0002a7b4   0x00000074   Code   RO         7099    i.gc_execute        fds.o
    0x0002a828   0x0002a828   0x00000040   Code   RO         7100    i.gc_init           fds.o
    0x0002a868   0x0002a868   0x00000028   Code   RO         7101    i.gc_next_page      fds.o
    0x0002a890   0x0002a890   0x0000004c   Code   RO         7102    i.gc_page_erase     fds.o
    0x0002a8dc   0x0002a8dc   0x00000050   Code   RO         7103    i.gc_page_next      fds.o
    0x0002a92c   0x0002a92c   0x00000040   Code   RO         7104    i.gc_record_copy    fds.o
    0x0002a96c   0x0002a96c   0x00000024   Code   RO         7105    i.gc_record_find_next  fds.o
    0x0002a990   0x0002a990   0x00000058   Code   RO         7106    i.gc_state_advance  fds.o
    0x0002a9e8   0x0002a9e8   0x0000002c   Code   RO         7107    i.gc_swap_erase     fds.o
    0x0002aa14   0x0002aa14   0x00000050   Code   RO         7108    i.gc_swap_pages     fds.o
    0x0002aa64   0x0002aa64   0x00000024   Code   RO         7109    i.gc_swap_promote   fds.o
    0x0002aa88   0x0002aa88   0x00000018   Code   RO         7110    i.gc_tag_new_swap   fds.o
    0x0002aaa0   0x0002aaa0   0x00000020   Code   RO         7111    i.gc_update_swap_offset  fds.o
    0x0002aac0   0x0002aac0   0x0000003c   Code   RO         5491    i.get_now           app_timer2.o
    0x0002aafc   0x0002aafc   0x00000030   Code   RO         7112    i.header_check      fds.o
    0x0002ab2c   0x0002ab2c   0x00000016   Code   RO         7113    i.header_has_next   fds.o
    0x0002ab42   0x0002ab42   0x0000000e   Code   RO         7114    i.header_jump       fds.o
    0x0002ab50   0x0002ab50   0x00000008   Code   RO           24    i.idle_state_handle  main.o
    0x0002ab58   0x0002ab58   0x0000003c   Code   RO         6939    i.init              nrf_fstorage_sd.o
    0x0002ab94   0x0002ab94   0x00000134   Code   RO         7115    i.init_execute      fds.o
    0x0002acc8   0x0002acc8   0x00000028   Code   RO           25    i.init_timer        main.o
    0x0002acf0   0x0002acf0   0x0000002c   Code   RO         1828    i.instance_get      ble_conn_params.o
    0x0002ad1c   0x0002ad1c   0x00000088   Code   RO         3460    i.interrupts_enable  nrfx_uart.o
    0x0002ada4   0x0002ada4   0x000000a8   Code   RO         3702    i.interrupts_enable  nrfx_uarte.o
    0x0002ae4c   0x0002ae4c   0x0000005c   Code   RO         3921    i.irq_handler       nrfx_timer.o
    0x0002aea8   0x0002aea8   0x00000024   Code   RO         4502    i.irq_handler       nrfx_spim.o
    0x0002aecc   0x0002aecc   0x00000014   Code   RO         6940    i.is_busy           nrf_fstorage_sd.o
    0x0002aee0   0x0002aee0   0x00000072   Code   RO         1829    i.is_conn_params_ok  ble_conn_params.o
    0x0002af52   0x0002af52   0x00000010   Code   RO         7116    i.is_word_aligned   fds.o
    0x0002af62   0x0002af62   0x0000000c   Code   RO         2568    i.item_dequeue      nrf_drv_clock.o
    0x0002af6e   0x0002af6e   0x00000002   PAD
    0x0002af70   0x0002af70   0x00000028   Code   RO         1314    i.leds_off          bsp.o
    0x0002af98   0x0002af98   0x00000014   Code   RO         2570    i.lfclk_stop        nrf_drv_clock.o
    0x0002afac   0x0002afac   0x00000018   Code   RO         2213    i.link_init         nrf_ble_gatt.o
    0x0002afc4   0x0002afc4   0x00000018   Code   RO           26    i.log_init          main.o
    0x0002afdc   0x0002afdc   0x00000048   Code   RO           27    i.main              main.o
    0x0002b024   0x0002b024   0x00000076   Code   RO         1550    i.manuf_specific_data_encode  ble_advdata.o
    0x0002b09a   0x0002b09a   0x000000c8   Code   RO         1551    i.name_encode       ble_advdata.o
    0x0002b162   0x0002b162   0x00000016   Code   RO         6055    i.nrf_atfifo_clear  nrf_atfifo.o
    0x0002b178   0x0002b178   0x00000028   Code   RO         6057    i.nrf_atfifo_init   nrf_atfifo.o
    0x0002b1a0   0x0002b1a0   0x0000001c   Code   RO         6058    i.nrf_atfifo_item_alloc  nrf_atfifo.o
    0x0002b1bc   0x0002b1bc   0x0000001c   Code   RO         6059    i.nrf_atfifo_item_free  nrf_atfifo.o
    0x0002b1d8   0x0002b1d8   0x0000001c   Code   RO         6060    i.nrf_atfifo_item_get  nrf_atfifo.o
    0x0002b1f4   0x0002b1f4   0x0000001c   Code   RO         6061    i.nrf_atfifo_item_put  nrf_atfifo.o
    0x0002b210   0x0002b210   0x0000001e   Code   RO         6126    i.nrf_atflags_clear  nrf_atflags.o
    0x0002b22e   0x0002b22e   0x0000001e   Code   RO         6131    i.nrf_atflags_get   nrf_atflags.o
    0x0002b24c   0x0002b24c   0x0000001e   Code   RO         6133    i.nrf_atflags_set   nrf_atflags.o
    0x0002b26a   0x0002b26a   0x0000000e   Code   RO         6196    i.nrf_atomic_flag_set_fetch  nrf_atomic.o
    0x0002b278   0x0002b278   0x00000016   Code   RO         6197    i.nrf_atomic_u32_add  nrf_atomic.o
    0x0002b28e   0x0002b28e   0x00000016   Code   RO         6198    i.nrf_atomic_u32_and  nrf_atomic.o
    0x0002b2a4   0x0002b2a4   0x00000016   Code   RO         6200    i.nrf_atomic_u32_fetch_add  nrf_atomic.o
    0x0002b2ba   0x0002b2ba   0x00000016   Code   RO         6202    i.nrf_atomic_u32_fetch_or  nrf_atomic.o
    0x0002b2d0   0x0002b2d0   0x00000016   Code   RO         6203    i.nrf_atomic_u32_fetch_store  nrf_atomic.o
    0x0002b2e6   0x0002b2e6   0x00000016   Code   RO         6207    i.nrf_atomic_u32_or  nrf_atomic.o
    0x0002b2fc   0x0002b2fc   0x00000016   Code   RO         6209    i.nrf_atomic_u32_sub  nrf_atomic.o
    0x0002b312   0x0002b312   0x00000016   Code   RO         3094    i.nrf_bitmask_bit_is_set  nrfx_gpiote.o
    0x0002b328   0x0002b328   0x00000016   Code   RO         3095    i.nrf_bitmask_bit_set  nrfx_gpiote.o
    0x0002b33e   0x0002b33e   0x0000001e   Code   RO         2215    i.nrf_ble_gatt_att_mtu_periph_set  nrf_ble_gatt.o
    0x0002b35c   0x0002b35c   0x00000034   Code   RO         2219    i.nrf_ble_gatt_init  nrf_ble_gatt.o
    0x0002b390   0x0002b390   0x000000ae   Code   RO         2220    i.nrf_ble_gatt_on_ble_evt  nrf_ble_gatt.o
    0x0002b43e   0x0002b43e   0x00000020   Code   RO         2332    i.nrf_ble_qwr_conn_handle_assign  nrf_ble_qwr.o
    0x0002b45e   0x0002b45e   0x00000032   Code   RO         2333    i.nrf_ble_qwr_init  nrf_ble_qwr.o
    0x0002b490   0x0002b490   0x0000007c   Code   RO         2334    i.nrf_ble_qwr_on_ble_evt  nrf_ble_qwr.o
    0x0002b50c   0x0002b50c   0x00000012   Code   RO         2925    i.nrf_clock_event_check  nrfx_clock.o
    0x0002b51e   0x0002b51e   0x00000012   Code   RO         2926    i.nrf_clock_event_clear  nrfx_clock.o
    0x0002b530   0x0002b530   0x0000000c   Code   RO         2927    i.nrf_clock_int_disable  nrfx_clock.o
    0x0002b53c   0x0002b53c   0x00000008   Code   RO         2929    i.nrf_clock_task_trigger  nrfx_clock.o
    0x0002b544   0x0002b544   0x00000034   Code   RO         8291    i.nrf_dfu_svci_vector_table_set  nrf_dfu_svci.o
    0x0002b578   0x0002b578   0x00000018   Code   RO         8292    i.nrf_dfu_svci_vector_table_unset  nrf_dfu_svci.o
    0x0002b590   0x0002b590   0x00000040   Code   RO         2576    i.nrf_drv_clock_init  nrf_drv_clock.o
    0x0002b5d0   0x0002b5d0   0x00000030   Code   RO         2580    i.nrf_drv_clock_lfclk_release  nrf_drv_clock.o
    0x0002b600   0x0002b600   0x00000088   Code   RO         4442    i.nrf_drv_spi_init  nrf_drv_spi.o
    0x0002b688   0x0002b688   0x00000032   Code   RO          843    i.nrf_drv_spi_transfer  spi_trans.o
    0x0002b6ba   0x0002b6ba   0x00000002   PAD
    0x0002b6bc   0x0002b6bc   0x00000050   Code   RO         4646    i.nrf_drv_twi_init  nrf_drv_twi.o
    0x0002b70c   0x0002b70c   0x0000002c   Code   RO         1075    i.nrf_drv_twi_tx    twi.o
    0x0002b738   0x0002b738   0x0000008c   Code   RO         2730    i.nrf_drv_uart_init  nrf_drv_uart.o
    0x0002b7c4   0x0002b7c4   0x00000044   Code   RO         5641    i.nrf_drv_uart_rx   app_uart_fifo.o
    0x0002b808   0x0002b808   0x00000044   Code   RO         5642    i.nrf_drv_uart_tx   app_uart_fifo.o
    0x0002b84c   0x0002b84c   0x0000006c   Code   RO         6849    i.nrf_fstorage_erase  nrf_fstorage.o
    0x0002b8b8   0x0002b8b8   0x0000002a   Code   RO         6850    i.nrf_fstorage_init  nrf_fstorage.o
    0x0002b8e2   0x0002b8e2   0x00000002   PAD
    0x0002b8e4   0x0002b8e4   0x0000001c   Code   RO         6941    i.nrf_fstorage_sdh_req_handler  nrf_fstorage_sd.o
    0x0002b900   0x0002b900   0x0000002c   Code   RO         6942    i.nrf_fstorage_sdh_state_handler  nrf_fstorage_sd.o
    0x0002b92c   0x0002b92c   0x0000008c   Code   RO         6943    i.nrf_fstorage_sys_evt_handler  nrf_fstorage_sd.o
    0x0002b9b8   0x0002b9b8   0x0000009c   Code   RO         6856    i.nrf_fstorage_write  nrf_fstorage.o
    0x0002ba54   0x0002ba54   0x00000028   Code   RO         3461    i.nrf_gpio_cfg      nrfx_uart.o
    0x0002ba7c   0x0002ba7c   0x00000028   Code   RO         3703    i.nrf_gpio_cfg      nrfx_uarte.o
    0x0002baa4   0x0002baa4   0x00000028   Code   RO         4503    i.nrf_gpio_cfg      nrfx_spim.o
    0x0002bacc   0x0002bacc   0x00000028   Code   RO         4719    i.nrf_gpio_cfg      nrfx_twi.o
    0x0002baf4   0x0002baf4   0x00000028   Code   RO         4929    i.nrf_gpio_cfg      nrfx_twis.o
    0x0002bb1c   0x0002bb1c   0x00000018   Code   RO         4720    i.nrf_gpio_cfg_default  nrfx_twi.o
    0x0002bb34   0x0002bb34   0x00000018   Code   RO         4930    i.nrf_gpio_cfg_default  nrfx_twis.o
    0x0002bb4c   0x0002bb4c   0x0000001a   Code   RO         3463    i.nrf_gpio_cfg_input  nrfx_uart.o
    0x0002bb66   0x0002bb66   0x0000001a   Code   RO         3705    i.nrf_gpio_cfg_input  nrfx_uarte.o
    0x0002bb80   0x0002bb80   0x00000018   Code   RO         3464    i.nrf_gpio_cfg_output  nrfx_uart.o
    0x0002bb98   0x0002bb98   0x00000018   Code   RO         3706    i.nrf_gpio_cfg_output  nrfx_uarte.o
    0x0002bbb0   0x0002bbb0   0x00000018   Code   RO         4504    i.nrf_gpio_cfg_output  nrfx_spim.o
    0x0002bbc8   0x0002bbc8   0x00000032   Code   RO         3098    i.nrf_gpio_cfg_sense_set  nrfx_gpiote.o
    0x0002bbfa   0x0002bbfa   0x00000016   Code   RO         4505    i.nrf_gpio_pin_clear  nrfx_spim.o
    0x0002bc10   0x0002bc10   0x00000016   Code   RO         4647    i.nrf_gpio_pin_clear  nrf_drv_twi.o
    0x0002bc26   0x0002bc26   0x00000016   Code   RO         3465    i.nrf_gpio_pin_set  nrfx_uart.o
    0x0002bc3c   0x0002bc3c   0x00000016   Code   RO         3707    i.nrf_gpio_pin_set  nrfx_uarte.o
    0x0002bc52   0x0002bc52   0x00000016   Code   RO         4506    i.nrf_gpio_pin_set  nrfx_spim.o
    0x0002bc68   0x0002bc68   0x00000016   Code   RO         4648    i.nrf_gpio_pin_set  nrf_drv_twi.o
    0x0002bc7e   0x0002bc7e   0x0000003a   Code   RO         1202    i.nrf_gpio_pin_write  boards.o
    0x0002bcb8   0x0002bcb8   0x00000028   Code   RO         3102    i.nrf_gpio_ports_read  nrfx_gpiote.o
    0x0002bce0   0x0002bce0   0x0000000c   Code   RO         3103    i.nrf_gpiote_event_addr_get  nrfx_gpiote.o
    0x0002bcec   0x0002bcec   0x0000001c   Code   RO         3104    i.nrf_gpiote_event_clear  nrfx_gpiote.o
    0x0002bd08   0x0002bd08   0x00000016   Code   RO         3105    i.nrf_gpiote_event_is_set  nrfx_gpiote.o
    0x0002bd1e   0x0002bd1e   0x00000016   Code   RO         6546    i.nrf_mtx_unlock    nrf_pwr_mgmt.o
    0x0002bd34   0x0002bd34   0x00000040   Code   RO         6548    i.nrf_pwr_mgmt_init  nrf_pwr_mgmt.o
    0x0002bd74   0x0002bd74   0x00000068   Code   RO         6549    i.nrf_pwr_mgmt_run  nrf_pwr_mgmt.o
    0x0002bddc   0x0002bddc   0x00000064   Code   RO         6550    i.nrf_pwr_mgmt_shutdown  nrf_pwr_mgmt.o
    0x0002be40   0x0002be40   0x00000010   Code   RO           28    i.nrf_qwr_error_handler  main.o
    0x0002be50   0x0002be50   0x0000000a   Code   RO         5825    i.nrf_rtc_cc_set    drv_rtc.o
    0x0002be5a   0x0002be5a   0x00000008   Code   RO         5826    i.nrf_rtc_counter_get  drv_rtc.o
    0x0002be62   0x0002be62   0x0000000e   Code   RO         5827    i.nrf_rtc_event_clear  drv_rtc.o
    0x0002be70   0x0002be70   0x00000006   Code   RO         5828    i.nrf_rtc_event_disable  drv_rtc.o
    0x0002be76   0x0002be76   0x00000006   Code   RO         5829    i.nrf_rtc_event_enable  drv_rtc.o
    0x0002be7c   0x0002be7c   0x00000006   Code   RO         5830    i.nrf_rtc_int_disable  drv_rtc.o
    0x0002be82   0x0002be82   0x00000006   Code   RO         5831    i.nrf_rtc_int_enable  drv_rtc.o
    0x0002be88   0x0002be88   0x00000006   Code   RO         5832    i.nrf_rtc_task_trigger  drv_rtc.o
    0x0002be8e   0x0002be8e   0x00000002   PAD
    0x0002be90   0x0002be90   0x00000010   Code   RO         4286    i.nrf_saadc_buffer_init  nrfx_saadc.o
    0x0002bea0   0x0002bea0   0x00000018   Code   RO         4287    i.nrf_saadc_channel_input_set  nrfx_saadc.o
    0x0002beb8   0x0002beb8   0x00000014   Code   RO         4288    i.nrf_saadc_event_check  nrfx_saadc.o
    0x0002becc   0x0002becc   0x00000018   Code   RO         4289    i.nrf_saadc_event_clear  nrfx_saadc.o
    0x0002bee4   0x0002bee4   0x0000000c   Code   RO         4290    i.nrf_saadc_int_disable  nrfx_saadc.o
    0x0002bef0   0x0002bef0   0x0000000c   Code   RO         4291    i.nrf_saadc_int_enable  nrfx_saadc.o
    0x0002befc   0x0002befc   0x0000000c   Code   RO         4293    i.nrf_saadc_task_trigger  nrfx_saadc.o
    0x0002bf08   0x0002bf08   0x00000018   Code   RO         7993    i.nrf_sdh_ble_app_ram_start_get  nrf_sdh_ble.o
    0x0002bf20   0x0002bf20   0x000000be   Code   RO         7994    i.nrf_sdh_ble_default_cfg_set  nrf_sdh_ble.o
    0x0002bfde   0x0002bfde   0x00000002   PAD
    0x0002bfe0   0x0002bfe0   0x00000024   Code   RO         7995    i.nrf_sdh_ble_enable  nrf_sdh_ble.o
    0x0002c004   0x0002c004   0x00000074   Code   RO         7996    i.nrf_sdh_ble_evts_poll  nrf_sdh_ble.o
    0x0002c078   0x0002c078   0x00000064   Code   RO         7872    i.nrf_sdh_disable_request  nrf_sdh.o
    0x0002c0dc   0x0002c0dc   0x00000084   Code   RO         7873    i.nrf_sdh_enable_request  nrf_sdh.o
    0x0002c160   0x0002c160   0x00000030   Code   RO         7874    i.nrf_sdh_evts_poll  nrf_sdh.o
    0x0002c190   0x0002c190   0x0000000c   Code   RO         7875    i.nrf_sdh_is_enabled  nrf_sdh.o
    0x0002c19c   0x0002c19c   0x00000028   Code   RO         7877    i.nrf_sdh_request_continue  nrf_sdh.o
    0x0002c1c4   0x0002c1c4   0x00000054   Code   RO         8049    i.nrf_sdh_soc_evts_poll  nrf_sdh_soc.o
    0x0002c218   0x0002c218   0x00000006   Code   RO         7880    i.nrf_section_iter_get  nrf_sdh.o
    0x0002c21e   0x0002c21e   0x00000014   Code   RO         6689    i.nrf_section_iter_init  nrf_section_iter.o
    0x0002c232   0x0002c232   0x0000002e   Code   RO         6690    i.nrf_section_iter_item_set  nrf_section_iter.o
    0x0002c260   0x0002c260   0x0000002e   Code   RO         6691    i.nrf_section_iter_next  nrf_section_iter.o
    0x0002c28e   0x0002c28e   0x00000028   Code   RO         6724    i.nrf_sortlist_add  nrf_sortlist.o
    0x0002c2b6   0x0002c2b6   0x00000008   Code   RO         6726    i.nrf_sortlist_peek  nrf_sortlist.o
    0x0002c2be   0x0002c2be   0x00000018   Code   RO         6727    i.nrf_sortlist_pop  nrf_sortlist.o
    0x0002c2d6   0x0002c2d6   0x00000026   Code   RO         6728    i.nrf_sortlist_remove  nrf_sortlist.o
    0x0002c2fc   0x0002c2fc   0x0000000e   Code   RO         4507    i.nrf_spim_event_check  nrfx_spim.o
    0x0002c30a   0x0002c30a   0x0000000e   Code   RO         4508    i.nrf_spim_event_clear  nrfx_spim.o
    0x0002c318   0x0002c318   0x00000006   Code   RO         4509    i.nrf_spim_int_disable  nrfx_spim.o
    0x0002c31e   0x0002c31e   0x00000006   Code   RO         4510    i.nrf_spim_int_enable  nrfx_spim.o
    0x0002c324   0x0002c324   0x00000006   Code   RO         4511    i.nrf_spim_task_trigger  nrfx_spim.o
    0x0002c32a   0x0002c32a   0x0000000e   Code   RO         3922    i.nrf_timer_compare_event_get  nrfx_timer.o
    0x0002c338   0x0002c338   0x0000000a   Code   RO         3923    i.nrf_timer_compare_int_get  nrfx_timer.o
    0x0002c342   0x0002c342   0x0000000e   Code   RO         3924    i.nrf_timer_event_clear  nrfx_timer.o
    0x0002c350   0x0002c350   0x0000000c   Code   RO         4721    i.nrf_twi_errorsrc_get_and_clear  nrfx_twi.o
    0x0002c35c   0x0002c35c   0x0000000e   Code   RO         4722    i.nrf_twi_event_check  nrfx_twi.o
    0x0002c36a   0x0002c36a   0x0000000e   Code   RO         4723    i.nrf_twi_event_clear  nrfx_twi.o
    0x0002c378   0x0002c378   0x00000006   Code   RO         4724    i.nrf_twi_int_disable  nrfx_twi.o
    0x0002c37e   0x0002c37e   0x00000006   Code   RO         4725    i.nrf_twi_int_enable  nrfx_twi.o
    0x0002c384   0x0002c384   0x00000006   Code   RO         4726    i.nrf_twi_shorts_set  nrfx_twi.o
    0x0002c38a   0x0002c38a   0x00000006   Code   RO         4727    i.nrf_twi_task_trigger  nrfx_twi.o
    0x0002c390   0x0002c390   0x0000000a   Code   RO         4931    i.nrf_twis_address_set  nrfx_twis.o
    0x0002c39a   0x0002c39a   0x0000000c   Code   RO         4932    i.nrf_twis_error_source_get_and_clear  nrfx_twis.o
    0x0002c3a6   0x0002c3a6   0x0000001a   Code   RO         4933    i.nrf_twis_event_clear  nrfx_twis.o
    0x0002c3c0   0x0002c3c0   0x00000006   Code   RO         4934    i.nrf_twis_getRegPtr  nrfx_twis.o
    0x0002c3c6   0x0002c3c6   0x00000006   Code   RO         4935    i.nrf_twis_int_disable  nrfx_twis.o
    0x0002c3cc   0x0002c3cc   0x0000000c   Code   RO         4936    i.nrf_twis_pins_set  nrfx_twis.o
    0x0002c3d8   0x0002c3d8   0x00000014   Code   RO         4937    i.nrf_twis_task_trigger  nrfx_twis.o
    0x0002c3ec   0x0002c3ec   0x0000000c   Code   RO         3466    i.nrf_uart_errorsrc_get_and_clear  nrfx_uart.o
    0x0002c3f8   0x0002c3f8   0x0000000e   Code   RO         3467    i.nrf_uart_event_check  nrfx_uart.o
    0x0002c406   0x0002c406   0x0000000e   Code   RO         3468    i.nrf_uart_event_clear  nrfx_uart.o
    0x0002c414   0x0002c414   0x0000000a   Code   RO         3469    i.nrf_uart_hwfc_pins_set  nrfx_uart.o
    0x0002c41e   0x0002c41e   0x00000006   Code   RO         3470    i.nrf_uart_int_disable  nrfx_uart.o
    0x0002c424   0x0002c424   0x00000006   Code   RO         3471    i.nrf_uart_int_enable  nrfx_uart.o
    0x0002c42a   0x0002c42a   0x00000012   Code   RO         3472    i.nrf_uart_int_enable_check  nrfx_uart.o
    0x0002c43c   0x0002c43c   0x00000006   Code   RO         3473    i.nrf_uart_task_trigger  nrfx_uart.o
    0x0002c442   0x0002c442   0x0000000a   Code   RO         3474    i.nrf_uart_txrx_pins_set  nrfx_uart.o
    0x0002c44c   0x0002c44c   0x0000000c   Code   RO         3708    i.nrf_uarte_errorsrc_get_and_clear  nrfx_uarte.o
    0x0002c458   0x0002c458   0x0000000e   Code   RO         3709    i.nrf_uarte_event_check  nrfx_uarte.o
    0x0002c466   0x0002c466   0x0000000e   Code   RO         3710    i.nrf_uarte_event_clear  nrfx_uarte.o
    0x0002c474   0x0002c474   0x0000000c   Code   RO         3711    i.nrf_uarte_hwfc_pins_set  nrfx_uarte.o
    0x0002c480   0x0002c480   0x00000006   Code   RO         3712    i.nrf_uarte_int_disable  nrfx_uarte.o
    0x0002c486   0x0002c486   0x00000006   Code   RO         3713    i.nrf_uarte_int_enable  nrfx_uarte.o
    0x0002c48c   0x0002c48c   0x0000000a   Code   RO         3714    i.nrf_uarte_rx_amount_get  nrfx_uarte.o
    0x0002c496   0x0002c496   0x0000000c   Code   RO         3715    i.nrf_uarte_shorts_disable  nrfx_uarte.o
    0x0002c4a2   0x0002c4a2   0x00000006   Code   RO         3716    i.nrf_uarte_task_trigger  nrfx_uarte.o
    0x0002c4a8   0x0002c4a8   0x0000000a   Code   RO         3717    i.nrf_uarte_tx_amount_get  nrfx_uarte.o
    0x0002c4b2   0x0002c4b2   0x0000000e   Code   RO         3718    i.nrf_uarte_txrx_pins_set  nrfx_uarte.o
    0x0002c4c0   0x0002c4c0   0x00000014   Code   RO         2935    i.nrfx_clock_enable  nrfx_clock.o
    0x0002c4d4   0x0002c4d4   0x00000024   Code   RO         2938    i.nrfx_clock_init   nrfx_clock.o
    0x0002c4f8   0x0002c4f8   0x00000020   Code   RO         2941    i.nrfx_clock_lfclk_stop  nrfx_clock.o
    0x0002c518   0x0002c518   0x00000018   Code   RO         4294    i.nrfx_coredep_delay_us  nrfx_saadc.o
    0x0002c530   0x0002c530   0x00000018   Code   RO         4649    i.nrfx_coredep_delay_us  nrf_drv_twi.o
    0x0002c548   0x0002c548   0x00000018   Code   RO         5833    i.nrfx_coredep_delay_us  drv_rtc.o
    0x0002c560   0x0002c560   0x0000000a   Code   RO         4938    i.nrfx_event_to_bitpos  nrfx_twis.o
    0x0002c56a   0x0002c56a   0x00000008   Code   RO         2943    i.nrfx_get_irq_number  nrfx_clock.o
    0x0002c572   0x0002c572   0x00000008   Code   RO         3475    i.nrfx_get_irq_number  nrfx_uart.o
    0x0002c57a   0x0002c57a   0x00000008   Code   RO         3719    i.nrfx_get_irq_number  nrfx_uarte.o
    0x0002c582   0x0002c582   0x00000008   Code   RO         4512    i.nrfx_get_irq_number  nrfx_spim.o
    0x0002c58a   0x0002c58a   0x00000008   Code   RO         4728    i.nrfx_get_irq_number  nrfx_twi.o
    0x0002c592   0x0002c592   0x00000008   Code   RO         4939    i.nrfx_get_irq_number  nrfx_twis.o
    0x0002c59a   0x0002c59a   0x00000014   Code   RO         3720    i.nrfx_is_in_ram    nrfx_uarte.o
    0x0002c5ae   0x0002c5ae   0x00000014   Code   RO         4513    i.nrfx_is_in_ram    nrfx_spim.o
    0x0002c5c2   0x0002c5c2   0x00000014   Code   RO         4940    i.nrfx_is_in_ram    nrfx_twis.o
    0x0002c5d6   0x0002c5d6   0x00000002   PAD
    0x0002c5d8   0x0002c5d8   0x000000a4   Code   RO         2944    i.nrfx_power_clock_irq_init  nrfx_clock.o
    0x0002c67c   0x0002c67c   0x0000004e   Code   RO         3408    i.nrfx_prs_acquire  nrfx_prs.o
    0x0002c6ca   0x0002c6ca   0x00000016   Code   RO         3409    i.nrfx_prs_release  nrfx_prs.o
    0x0002c6e0   0x0002c6e0   0x000000d8   Code   RO         4298    i.nrfx_saadc_channel_init  nrfx_saadc.o
    0x0002c7b8   0x0002c7b8   0x000000e8   Code   RO         4300    i.nrfx_saadc_init   nrfx_saadc.o
    0x0002c8a0   0x0002c8a0   0x000000fc   Code   RO         4304    i.nrfx_saadc_sample_convert  nrfx_saadc.o
    0x0002c99c   0x0002c99c   0x000001cc   Code   RO         4516    i.nrfx_spim_init    nrfx_spim.o
    0x0002cb68   0x0002cb68   0x000000ac   Code   RO         4518    i.nrfx_spim_uninit  nrfx_spim.o
    0x0002cc14   0x0002cc14   0x0000006c   Code   RO         4519    i.nrfx_spim_xfer    nrfx_spim.o
    0x0002cc80   0x0002cc80   0x00000044   Code   RO         4730    i.nrfx_twi_disable  nrfx_twi.o
    0x0002ccc4   0x0002ccc4   0x00000028   Code   RO         4731    i.nrfx_twi_enable   nrfx_twi.o
    0x0002ccec   0x0002ccec   0x0000011c   Code   RO         4732    i.nrfx_twi_init     nrfx_twi.o
    0x0002ce08   0x0002ce08   0x00000030   Code   RO         4734    i.nrfx_twi_rx       nrfx_twi.o
    0x0002ce38   0x0002ce38   0x0000003e   Code   RO         4736    i.nrfx_twi_tx       nrfx_twi.o
    0x0002ce76   0x0002ce76   0x00000002   PAD
    0x0002ce78   0x0002ce78   0x00000074   Code   RO         4737    i.nrfx_twi_uninit   nrfx_twi.o
    0x0002ceec   0x0002ceec   0x00000030   Code   RO         4738    i.nrfx_twi_xfer     nrfx_twi.o
    0x0002cf1c   0x0002cf1c   0x0000001e   Code   RO         4941    i.nrfx_twis_check_bit  nrfx_twis.o
    0x0002cf3a   0x0002cf3a   0x00000042   Code   RO         4942    i.nrfx_twis_clear_all_events  nrfx_twis.o
    0x0002cf7c   0x0002cf7c   0x00000016   Code   RO         4943    i.nrfx_twis_clear_bit  nrfx_twis.o
    0x0002cf92   0x0002cf92   0x0000001c   Code   RO         4944    i.nrfx_twis_config_pin  nrfx_twis.o
    0x0002cfae   0x0002cfae   0x00000002   PAD
    0x0002cfb0   0x0002cfb0   0x00000034   Code   RO         4945    i.nrfx_twis_disable  nrfx_twis.o
    0x0002cfe4   0x0002cfe4   0x00000048   Code   RO         4946    i.nrfx_twis_enable  nrfx_twis.o
    0x0002d02c   0x0002d02c   0x00000042   Code   RO         4948    i.nrfx_twis_event_bit_get  nrfx_twis.o
    0x0002d06e   0x0002d06e   0x00000002   PAD
    0x0002d070   0x0002d070   0x0000011c   Code   RO         4949    i.nrfx_twis_init    nrfx_twis.o
    0x0002d18c   0x0002d18c   0x00000024   Code   RO         4956    i.nrfx_twis_process_error  nrfx_twis.o
    0x0002d1b0   0x0002d1b0   0x00000068   Code   RO         4957    i.nrfx_twis_rx_prepare  nrfx_twis.o
    0x0002d218   0x0002d218   0x0000030a   Code   RO         4958    i.nrfx_twis_state_machine  nrfx_twis.o
    0x0002d522   0x0002d522   0x00000002   PAD
    0x0002d524   0x0002d524   0x00000044   Code   RO         4959    i.nrfx_twis_swreset  nrfx_twis.o
    0x0002d568   0x0002d568   0x00000068   Code   RO         4960    i.nrfx_twis_tx_prepare  nrfx_twis.o
    0x0002d5d0   0x0002d5d0   0x00000054   Code   RO         4961    i.nrfx_twis_uninit  nrfx_twis.o
    0x0002d624   0x0002d624   0x00000014   Code   RO         3476    i.nrfx_uart_0_irq_handler  nrfx_uart.o
    0x0002d638   0x0002d638   0x00000088   Code   RO         3478    i.nrfx_uart_init    nrfx_uart.o
    0x0002d6c0   0x0002d6c0   0x00000124   Code   RO         3479    i.nrfx_uart_rx      nrfx_uart.o
    0x0002d7e4   0x0002d7e4   0x0000008c   Code   RO         3484    i.nrfx_uart_tx      nrfx_uart.o
    0x0002d870   0x0002d870   0x00000024   Code   RO         3486    i.nrfx_uart_tx_in_progress  nrfx_uart.o
    0x0002d894   0x0002d894   0x00000014   Code   RO         3721    i.nrfx_uarte_0_irq_handler  nrfx_uarte.o
    0x0002d8a8   0x0002d8a8   0x00000080   Code   RO         3723    i.nrfx_uarte_init   nrfx_uarte.o
    0x0002d928   0x0002d928   0x00000138   Code   RO         3724    i.nrfx_uarte_rx     nrfx_uarte.o
    0x0002da60   0x0002da60   0x000000c0   Code   RO         3727    i.nrfx_uarte_tx     nrfx_uarte.o
    0x0002db20   0x0002db20   0x00000020   Code   RO         3729    i.nrfx_uarte_tx_in_progress  nrfx_uarte.o
    0x0002db40   0x0002db40   0x0000005c   Code   RO           29    i.nus_data_handler  main.o
    0x0002db9c   0x0002db9c   0x00000070   Code   RO           30    i.on_adv_evt        main.o
    0x0002dc0c   0x0002dc0c   0x00000014   Code   RO         5492    i.on_compare1_evt   app_timer2.o
    0x0002dc20   0x0002dc20   0x00000020   Code   RO         5493    i.on_compare_evt    app_timer2.o
    0x0002dc40   0x0002dc40   0x0000002c   Code   RO           31    i.on_conn_params_evt  main.o
    0x0002dc6c   0x0002dc6c   0x00000030   Code   RO         1830    i.on_conn_params_update  ble_conn_params.o
    0x0002dc9c   0x0002dc9c   0x00000070   Code   RO         1831    i.on_connect        ble_conn_params.o
    0x0002dd0c   0x0002dd0c   0x00000074   Code   RO         2394    i.on_connect        ble_nus.o
    0x0002dd80   0x0002dd80   0x0000000c   Code   RO         8085    i.on_connect        ble_dfu.o
    0x0002dd8c   0x0002dd8c   0x0000000e   Code   RO         1680    i.on_connected      ble_advertising.o
    0x0002dd9a   0x0002dd9a   0x00000066   Code   RO         2221    i.on_connected_evt  nrf_ble_gatt.o
    0x0002de00   0x0002de00   0x0000007c   Code   RO         8086    i.on_ctrlpt_write   ble_dfu.o
    0x0002de7c   0x0002de7c   0x00000054   Code   RO         2222    i.on_data_length_update_evt  nrf_ble_gatt.o
    0x0002ded0   0x0002ded0   0x00000030   Code   RO         2223    i.on_data_length_update_request_evt  nrf_ble_gatt.o
    0x0002df00   0x0002df00   0x00000032   Code   RO         1832    i.on_disconnect     ble_conn_params.o
    0x0002df32   0x0002df32   0x00000002   PAD
    0x0002df34   0x0002df34   0x0000001c   Code   RO         8087    i.on_disconnect     ble_dfu.o
    0x0002df50   0x0002df50   0x00000032   Code   RO         1681    i.on_disconnected   ble_advertising.o
    0x0002df82   0x0002df82   0x00000014   Code   RO         2224    i.on_disconnected_evt  nrf_ble_gatt.o
    0x0002df96   0x0002df96   0x00000002   PAD
    0x0002df98   0x0002df98   0x0000006c   Code   RO         2225    i.on_exchange_mtu_request_evt  nrf_ble_gatt.o
    0x0002e004   0x0002e004   0x00000064   Code   RO         2226    i.on_exchange_mtu_rsp_evt  nrf_ble_gatt.o
    0x0002e068   0x0002e068   0x0000002c   Code   RO         8088    i.on_hvc            ble_dfu.o
    0x0002e094   0x0002e094   0x00000044   Code   RO         2395    i.on_hvx_tx_complete  ble_nus.o
    0x0002e0d8   0x0002e0d8   0x00000024   Code   RO         6944    i.on_operation_failure  nrf_fstorage_sd.o
    0x0002e0fc   0x0002e0fc   0x00000060   Code   RO         6945    i.on_operation_success  nrf_fstorage_sd.o
    0x0002e15c   0x0002e15c   0x0000001c   Code   RO         5494    i.on_overflow_evt   app_timer2.o
    0x0002e178   0x0002e178   0x00000044   Code   RO         8089    i.on_rw_authorize_req  ble_dfu.o
    0x0002e1bc   0x0002e1bc   0x0000006a   Code   RO         2335    i.on_rw_authorize_request  nrf_ble_qwr.o
    0x0002e226   0x0002e226   0x00000040   Code   RO         1682    i.on_terminated     ble_advertising.o
    0x0002e266   0x0002e266   0x00000002   Code   RO         2336    i.on_user_mem_release  nrf_ble_qwr.o
    0x0002e268   0x0002e268   0x00000020   Code   RO         2337    i.on_user_mem_request  nrf_ble_qwr.o
    0x0002e288   0x0002e288   0x00000058   Code   RO         1833    i.on_write          ble_conn_params.o
    0x0002e2e0   0x0002e2e0   0x00000094   Code   RO         2396    i.on_write          ble_nus.o
    0x0002e374   0x0002e374   0x0000004e   Code   RO         2506    i.on_write          ble_bas.o
    0x0002e3c2   0x0002e3c2   0x00000002   PAD
    0x0002e3c4   0x0002e3c4   0x00000034   Code   RO         7117    i.page_can_tag      fds.o
    0x0002e3f8   0x0002e3f8   0x00000048   Code   RO         7118    i.page_from_record  fds.o
    0x0002e440   0x0002e440   0x00000034   Code   RO         7119    i.page_has_space    fds.o
    0x0002e474   0x0002e474   0x00000030   Code   RO         7120    i.page_identify     fds.o
    0x0002e4a4   0x0002e4a4   0x0000001c   Code   RO         7121    i.page_offsets_update  fds.o
    0x0002e4c0   0x0002e4c0   0x00000078   Code   RO         7122    i.page_scan         fds.o
    0x0002e538   0x0002e538   0x00000020   Code   RO         7123    i.page_tag_write_data  fds.o
    0x0002e558   0x0002e558   0x00000024   Code   RO         7124    i.page_tag_write_swap  fds.o
    0x0002e57c   0x0002e57c   0x00000170   Code   RO         7125    i.pages_init        fds.o
    0x0002e6ec   0x0002e6ec   0x00000016   Code   RO         1683    i.phy_is_valid      ble_advertising.o
    0x0002e702   0x0002e702   0x0000008c   Code   RO         2452    i.pnp_id_encode     ble_dis.o
    0x0002e78e   0x0002e78e   0x00000004   Code   RO          753    i.power_manage      fds_mem.o
    0x0002e792   0x0002e792   0x0000001c   Code   RO           32    i.power_management_init  main.o
    0x0002e7ae   0x0002e7ae   0x00000002   PAD
    0x0002e7b0   0x0002e7b0   0x00000094   Code   RO          617    i.ppi_Setting       ppi_gpiote.o
    0x0002e844   0x0002e844   0x00000018   Code   RO         3410    i.prs_box_get       nrfx_prs.o
    0x0002e85c   0x0002e85c   0x00000020   Code   RO         7126    i.queue_buf_get     fds.o
    0x0002e87c   0x0002e87c   0x00000014   Code   RO         7127    i.queue_buf_store   fds.o
    0x0002e890   0x0002e890   0x00000018   Code   RO         6946    i.queue_free        nrf_fstorage_sd.o
    0x0002e8a8   0x0002e8a8   0x00000014   Code   RO         7128    i.queue_free        fds.o
    0x0002e8bc   0x0002e8bc   0x00000018   Code   RO         7129    i.queue_has_next    fds.o
    0x0002e8d4   0x0002e8d4   0x0000001c   Code   RO         7130    i.queue_init        fds.o
    0x0002e8f0   0x0002e8f0   0x00000014   Code   RO         7131    i.queue_load        fds.o
    0x0002e904   0x0002e904   0x0000002c   Code   RO         6947    i.queue_load_next   nrf_fstorage_sd.o
    0x0002e930   0x0002e930   0x00000090   Code   RO         6948    i.queue_process     nrf_fstorage_sd.o
    0x0002e9c0   0x0002e9c0   0x000000c4   Code   RO         7132    i.queue_process     fds.o
    0x0002ea84   0x0002ea84   0x0000001c   Code   RO         6949    i.queue_start       nrf_fstorage_sd.o
    0x0002eaa0   0x0002eaa0   0x00000018   Code   RO         7133    i.queue_start       fds.o
    0x0002eab8   0x0002eab8   0x0000001c   Code   RO         6950    i.read              nrf_fstorage_sd.o
    0x0002ead4   0x0002ead4   0x00000028   Code   RO         1949    i.record_activate   ble_conn_state.o
    0x0002eafc   0x0002eafc   0x00000094   Code   RO         7134    i.record_find       fds.o
    0x0002eb90   0x0002eb90   0x0000003c   Code   RO         7135    i.record_find_and_delete  fds.o
    0x0002ebcc   0x0002ebcc   0x0000007c   Code   RO         7136    i.record_find_by_desc  fds.o
    0x0002ec48   0x0002ec48   0x00000078   Code   RO         7137    i.record_find_next  fds.o
    0x0002ecc0   0x0002ecc0   0x00000040   Code   RO         7138    i.record_header_flag_dirty  fds.o
    0x0002ed00   0x0002ed00   0x0000002c   Code   RO         7139    i.record_header_write_begin  fds.o
    0x0002ed2c   0x0002ed2c   0x00000038   Code   RO         7140    i.record_header_write_finalize  fds.o
    0x0002ed64   0x0002ed64   0x00000038   Code   RO         7141    i.record_header_write_id  fds.o
    0x0002ed9c   0x0002ed9c   0x00000010   Code   RO         7142    i.record_id_new     fds.o
    0x0002edac   0x0002edac   0x00000020   Code   RO         1950    i.record_invalidate  ble_conn_state.o
    0x0002edcc   0x0002edcc   0x00000048   Code   RO         1951    i.record_purge_disconnected  ble_conn_state.o
    0x0002ee14   0x0002ee14   0x000000b0   Code   RO          754    i.record_rd         fds_mem.o
    0x0002eec4   0x0002eec4   0x00000014   Code   RO         1952    i.record_set_disconnected  ble_conn_state.o
    0x0002eed8   0x0002eed8   0x00000048   Code   RO          755    i.record_update     fds_mem.o
    0x0002ef20   0x0002ef20   0x00000050   Code   RO          756    i.record_write      fds_mem.o
    0x0002ef70   0x0002ef70   0x00000030   Code   RO         7143    i.record_write_data  fds.o
    0x0002efa0   0x0002efa0   0x000000a4   Code   RO         7144    i.records_stat      fds.o
    0x0002f044   0x0002f044   0x00000006   Code   RO         6951    i.rmap              nrf_fstorage_sd.o
    0x0002f04a   0x0002f04a   0x0000003e   Code   RO         5495    i.rtc_irq           app_timer2.o
    0x0002f088   0x0002f088   0x0000007c   Code   RO         5496    i.rtc_schedule      app_timer2.o
    0x0002f104   0x0002f104   0x000000a4   Code   RO         5497    i.rtc_update        app_timer2.o
    0x0002f1a8   0x0002f1a8   0x0000003e   Code   RO         3489    i.rx_byte           nrfx_uart.o
    0x0002f1e6   0x0002f1e6   0x0000001c   Code   RO         3490    i.rx_done_event     nrfx_uart.o
    0x0002f202   0x0002f202   0x0000001c   Code   RO         3732    i.rx_done_event     nrfx_uarte.o
    0x0002f21e   0x0002f21e   0x00000022   Code   RO         3491    i.rx_enable         nrfx_uart.o
    0x0002f240   0x0002f240   0x00000098   Code   RO         7881    i.sd_nvic_EnableIRQ  nrf_sdh.o
    0x0002f2d8   0x0002f2d8   0x00000068   Code   RO         5733    i.sd_nvic_critical_region_enter  app_util_platform.o
    0x0002f340   0x0002f340   0x00000068   Code   RO         2583    i.sd_state_evt_handler  nrf_drv_clock.o
    0x0002f3a8   0x0002f3a8   0x0000003c   Code   RO         7882    i.sdh_request_observer_notify  nrf_sdh.o
    0x0002f3e4   0x0002f3e4   0x00000034   Code   RO         7883    i.sdh_state_observer_notify  nrf_sdh.o
    0x0002f418   0x0002f418   0x00000018   Code   RO         1834    i.send_error_evt    ble_conn_params.o
    0x0002f430   0x0002f430   0x00000024   Code   RO         1835    i.send_update_request  ble_conn_params.o
    0x0002f454   0x0002f454   0x00000096   Code   RO         1552    i.service_data_encode  ble_advdata.o
    0x0002f4ea   0x0002f4ea   0x00000002   PAD
    0x0002f4ec   0x0002f4ec   0x00000100   Code   RO           33    i.services_init     main.o
    0x0002f5ec   0x0002f5ec   0x00000030   Code   RO         1684    i.set_adv_mode_directed  ble_advertising.o
    0x0002f61c   0x0002f61c   0x00000024   Code   RO         1685    i.set_adv_mode_directed_high_duty  ble_advertising.o
    0x0002f640   0x0002f640   0x0000005c   Code   RO         1686    i.set_adv_mode_fast  ble_advertising.o
    0x0002f69c   0x0002f69c   0x0000005c   Code   RO         1687    i.set_adv_mode_slow  ble_advertising.o
    0x0002f6f8   0x0002f6f8   0x0000003c   Code   RO         8220    i.set_adv_name      ble_dfu_unbonded.o
    0x0002f734   0x0002f734   0x000000be   Code   RO         2150    i.set_security_req  ble_srv_common.o
    0x0002f7f2   0x0002f7f2   0x00000002   PAD
    0x0002f7f4   0x0002f7f4   0x000000b4   Code   RO         6551    i.shutdown_process  nrf_pwr_mgmt.o
    0x0002f8a8   0x0002f8a8   0x0000001c   Code   RO         2584    i.soc_evt_handler   nrf_drv_clock.o
    0x0002f8c4   0x0002f8c4   0x0000006c   Code   RO         7884    i.softdevice_evt_irq_disable  nrf_sdh.o
    0x0002f930   0x0002f930   0x0000001e   Code   RO         7885    i.softdevices_evt_irq_enable  nrf_sdh.o
    0x0002f94e   0x0002f94e   0x00000014   Code   RO         5498    i.sorted_list_stop_all  app_timer2.o
    0x0002f962   0x0002f962   0x00000002   PAD
    0x0002f964   0x0002f964   0x00000018   Code   RO         5499    i.sortlist_pop      app_timer2.o
    0x0002f97c   0x0002f97c   0x000000c8   Code   RO          844    i.spi_event_handler  spi_trans.o
    0x0002fa44   0x0002fa44   0x00000050   Code   RO          845    i.spi_init          spi_trans.o
    0x0002fa94   0x0002fa94   0x00000080   Code   RO          846    i.spi_read          spi_trans.o
    0x0002fb14   0x0002fb14   0x00000034   Code   RO          847    i.spi_test          spi_trans.o
    0x0002fb48   0x0002fb48   0x00000010   Code   RO          848    i.spi_uninit        spi_trans.o
    0x0002fb58   0x0002fb58   0x00000068   Code   RO          849    i.spi_update        spi_trans.o
    0x0002fbc0   0x0002fbc0   0x0000006c   Code   RO          850    i.spi_write         spi_trans.o
    0x0002fc2c   0x0002fc2c   0x00000040   Code   RO         4444    i.spim_evt_handler  nrf_drv_spi.o
    0x0002fc6c   0x0002fc6c   0x0000010e   Code   RO         4520    i.spim_xfer         nrfx_spim.o
    0x0002fd7a   0x0002fd7a   0x0000008c   Code   RO         2453    i.sys_id_encode     ble_dis.o
    0x0002fe06   0x0002fe06   0x0000000a   Code   RO         5834    i.ticks_sub         drv_rtc.o
    0x0002fe10   0x0002fe10   0x0000006c   Code   RO         5500    i.timer_expire      app_timer2.o
    0x0002fe7c   0x0002fe7c   0x00000094   Code   RO         5501    i.timer_req_process  app_timer2.o
    0x0002ff10   0x0002ff10   0x00000040   Code   RO         5502    i.timer_req_schedule  app_timer2.o
    0x0002ff50   0x0002ff50   0x0000008c   Code   RO           35    i.timers_init       main.o
    0x0002ffdc   0x0002ffdc   0x00000098   Code   RO         4650    i.twi_clear_bus     nrf_drv_twi.o
    0x00030074   0x00030074   0x00000048   Code   RO         4651    i.twi_evt_handler   nrf_drv_twi.o
    0x000300bc   0x000300bc   0x000000cc   Code   RO         4739    i.twi_irq_handler   nrfx_twi.o
    0x00030188   0x00030188   0x00000034   Code   RO         1076    i.twi_master_init   twi.o
    0x000301bc   0x000301bc   0x00000018   Code   RO         1077    i.twi_master_uninit  twi.o
    0x000301d4   0x000301d4   0x00000024   Code   RO         4740    i.twi_process_error  nrfx_twi.o
    0x000301f8   0x000301f8   0x00000058   Code   RO         1078    i.twi_read          twi.o
    0x00030250   0x00030250   0x0000007e   Code   RO         4741    i.twi_receive_byte  nrfx_twi.o
    0x000302ce   0x000302ce   0x00000002   PAD
    0x000302d0   0x000302d0   0x000000e4   Code   RO         4742    i.twi_rx_start_transfer  nrfx_twi.o
    0x000303b4   0x000303b4   0x0000005c   Code   RO         4743    i.twi_send_byte     nrfx_twi.o
    0x00030410   0x00030410   0x00000120   Code   RO         4744    i.twi_transfer      nrfx_twi.o
    0x00030530   0x00030530   0x000000d0   Code   RO         4745    i.twi_tx_start_transfer  nrfx_twi.o
    0x00030600   0x00030600   0x0000006c   Code   RO         1079    i.twi_update        twi.o
    0x0003066c   0x0003066c   0x00000068   Code   RO         1080    i.twi_write         twi.o
    0x000306d4   0x000306d4   0x000000c0   Code   RO         4746    i.twi_xfer          nrfx_twi.o
    0x00030794   0x00030794   0x00000050   Code   RO          984    i.twis_event_handler  eeprom_simulator.o
    0x000307e4   0x000307e4   0x00000036   Code   RO         3492    i.tx_blocking       nrfx_uart.o
    0x0003081a   0x0003081a   0x00000026   Code   RO         3493    i.tx_byte           nrfx_uart.o
    0x00030840   0x00030840   0x00000020   Code   RO         3494    i.tx_done_event     nrfx_uart.o
    0x00030860   0x00030860   0x00000020   Code   RO         3733    i.tx_done_event     nrfx_uarte.o
    0x00030880   0x00030880   0x00000036   Code   RO         1553    i.tx_power_level_encode  ble_advdata.o
    0x000308b6   0x000308b6   0x00000002   PAD
    0x000308b8   0x000308b8   0x00000078   Code   RO           36    i.uart_event_handle  main.o
    0x00030930   0x00030930   0x000000e4   Code   RO         5643    i.uart_event_handler  app_uart_fifo.o
    0x00030a14   0x00030a14   0x00000038   Code   RO         2731    i.uart_evt_handler  nrf_drv_uart.o
    0x00030a4c   0x00030a4c   0x000000a8   Code   RO           37    i.uart_init         main.o
    0x00030af4   0x00030af4   0x0000014e   Code   RO         3495    i.uart_irq_handler  nrfx_uart.o
    0x00030c42   0x00030c42   0x00000002   PAD
    0x00030c44   0x00030c44   0x00000038   Code   RO         2732    i.uarte_evt_handler  nrf_drv_uart.o
    0x00030c7c   0x00030c7c   0x00000134   Code   RO         3734    i.uarte_irq_handler  nrfx_uarte.o
    0x00030db0   0x00030db0   0x0000000c   Code   RO         2151    i.uint16_decode     ble_srv_common.o
    0x00030dbc   0x00030dbc   0x0000000c   Code   RO         1554    i.uint16_encode     ble_advdata.o
    0x00030dc8   0x00030dc8   0x0000000c   Code   RO         2454    i.uint16_encode     ble_dis.o
    0x00030dd4   0x00030dd4   0x00000024   Code   RO         6952    i.uninit            nrf_fstorage_sd.o
    0x00030df8   0x00030df8   0x00000074   Code   RO         1836    i.update_timeout_handler  ble_conn_params.o
    0x00030e6c   0x00030e6c   0x0000001e   Code   RO         1688    i.use_whitelist     ble_advertising.o
    0x00030e8a   0x00030e8a   0x0000002c   Code   RO         2338    i.user_mem_reply    nrf_ble_qwr.o
    0x00030eb6   0x00030eb6   0x0000004e   Code   RO         1555    i.uuid_list_encode  ble_advdata.o
    0x00030f04   0x00030f04   0x000000d6   Code   RO         1556    i.uuid_list_sized_encode  ble_advdata.o
    0x00030fda   0x00030fda   0x00000002   PAD
    0x00030fdc   0x00030fdc   0x00000018   Code   RO          757    i.wait_for_fds_ready  fds_mem.o
    0x00030ff4   0x00030ff4   0x00000008   Code   RO         1689    i.whitelist_has_entries  ble_advertising.o
    0x00030ffc   0x00030ffc   0x00000006   Code   RO         6953    i.wmap              nrf_fstorage_sd.o
    0x00031002   0x00031002   0x00000002   PAD
    0x00031004   0x00031004   0x00000054   Code   RO         6954    i.write             nrf_fstorage_sd.o
    0x00031058   0x00031058   0x000000e8   Code   RO         7145    i.write_enqueue     fds.o
    0x00031140   0x00031140   0x00000058   Code   RO         6955    i.write_execute     nrf_fstorage_sd.o
    0x00031198   0x00031198   0x000000c8   Code   RO         7146    i.write_execute     fds.o
    0x00031260   0x00031260   0x00000024   Code   RO         7147    i.write_space_free  fds.o
    0x00031284   0x00031284   0x0000007c   Code   RO         7148    i.write_space_reserve  fds.o
    0x00031300   0x00031300   0x00000034   Data   RO           39    .constdata          main.o
    0x00031334   0x00031334   0x00000004   Data   RO          619    .constdata          ppi_gpiote.o
    0x00031338   0x00031338   0x0000000c   Data   RO          758    .constdata          fds_mem.o
    0x00031344   0x00031344   0x00000030   Data   RO          851    .constdata          spi_trans.o
    0x00031374   0x00031374   0x0000001c   Data   RO          986    .constdata          eeprom_simulator.o
    0x00031390   0x00031390   0x00000020   Data   RO         1081    .constdata          twi.o
    0x000313b0   0x000313b0   0x00000008   Data   RO         1203    .constdata          boards.o
    0x000313b8   0x000313b8   0x0000002c   Data   RO         1318    .constdata          bsp.o
    0x000313e4   0x000313e4   0x00000016   Data   RO         2227    .constdata          nrf_ble_gatt.o
    0x000313fa   0x000313fa   0x00000002   PAD
    0x000313fc   0x000313fc   0x00000010   Data   RO         2397    .constdata          ble_nus.o
    0x0003140c   0x0003140c   0x0000003e   Data   RO         3140    .constdata          nrfx_gpiote.o
    0x0003144a   0x0003144a   0x00000002   PAD
    0x0003144c   0x0003144c   0x0000002e   Data   RO         3497    .constdata          nrfx_uart.o
    0x0003147a   0x0003147a   0x00000002   PAD
    0x0003147c   0x0003147c   0x00000030   Data   RO         3736    .constdata          nrfx_uarte.o
    0x000314ac   0x000314ac   0x00000004   PAD
    0x000314b0   0x000314b0   0x000000aa   Data   RO         4308    .constdata          nrfx_saadc.o
    0x0003155a   0x0003155a   0x00000002   PAD
    0x0003155c   0x0003155c   0x00000010   Data   RO         4446    .constdata          nrf_drv_spi.o
    0x0003156c   0x0003156c   0x0000002d   Data   RO         4522    .constdata          nrfx_spim.o
    0x00031599   0x00031599   0x00000007   PAD
    0x000315a0   0x000315a0   0x00000006   Data   RO         4653    .constdata          nrf_drv_twi.o
    0x000315a6   0x000315a6   0x00000002   PAD
    0x000315a8   0x000315a8   0x00000040   Data   RO         4748    .constdata          nrfx_twi.o
    0x000315e8   0x000315e8   0x0000003e   Data   RO         4963    .constdata          nrfx_twis.o
    0x00031626   0x00031626   0x00000002   PAD
    0x00031628   0x00031628   0x00000014   Data   RO         5504    .constdata          app_timer2.o
    0x0003163c   0x0003163c   0x00000020   Data   RO         5645    .constdata          app_uart_fifo.o
    0x0003165c   0x0003165c   0x00000004   PAD
    0x00031660   0x00031660   0x00000006   Data   RO         5835    .constdata          drv_rtc.o
    0x00031666   0x00031666   0x00000002   PAD
    0x00031668   0x00031668   0x00000024   Data   RO         6553    .constdata          nrf_pwr_mgmt.o
    0x0003168c   0x0003168c   0x00000030   Data   RO         6957    .constdata          nrf_fstorage_sd.o
    0x000316bc   0x000316bc   0x00000018   Data   RO         7150    .constdata          fds.o
    0x000316d4   0x000316d4   0x00000058   Data   RO         7886    .constdata          nrf_sdh.o
    0x0003172c   0x0003172c   0x00000030   Data   RO         7998    .constdata          nrf_sdh_ble.o
    0x0003175c   0x0003175c   0x0000001c   Data   RO         8050    .constdata          nrf_sdh_soc.o
    0x00031778   0x00031778   0x00000018   Data   RO         8091    .constdata          ble_dfu.o
    0x00031790   0x00031790   0x000001c5   Data   RO          759    .conststring        fds_mem.o
    0x00031955   0x00031955   0x00000003   PAD
    0x00031958   0x00031958   0x00000020   Data   RO         9229    Region$$Table       anon$$obj.o
    0x00031978   0x00031978   0x00000008   Data   RO         1955    sdh_ble_observers0  ble_conn_state.o
    0x00031980   0x00031980   0x00000010   Data   RO           41    sdh_ble_observers1  main.o
    0x00031990   0x00031990   0x00000008   Data   RO         1423    sdh_ble_observers1  bsp_btn_ble.o
    0x00031998   0x00031998   0x00000008   Data   RO         1839    sdh_ble_observers1  ble_conn_params.o
    0x000319a0   0x000319a0   0x00000018   Data   RO           42    sdh_ble_observers2  main.o
    0x000319b8   0x000319b8   0x00000008   Data   RO         8092    sdh_ble_observers2  ble_dfu.o
    0x000319c0   0x000319c0   0x00000008   Data   RO           43    sdh_ble_observers3  main.o
    0x000319c8   0x000319c8   0x00000008   Data   RO         6959    sdh_req_observers0  nrf_fstorage_sd.o
    0x000319d0   0x000319d0   0x00000008   Data   RO         2587    sdh_soc_observers0  nrf_drv_clock.o
    0x000319d8   0x000319d8   0x00000008   Data   RO         6960    sdh_soc_observers0  nrf_fstorage_sd.o
    0x000319e0   0x000319e0   0x00000008   Data   RO         8223    sdh_soc_observers1  ble_dfu_unbonded.o
    0x000319e8   0x000319e8   0x00000008   Data   RO         8000    sdh_stack_observers0  nrf_sdh_ble.o
    0x000319f0   0x000319f0   0x00000008   Data   RO         8051    sdh_stack_observers0  nrf_sdh_soc.o
    0x000319f8   0x000319f8   0x00000008   Data   RO         2588    sdh_state_observers0  nrf_drv_clock.o
    0x00031a00   0x00031a00   0x00000008   Data   RO         6961    sdh_state_observers0  nrf_fstorage_sd.o


    Execution Region RW_IRAM1 (Exec base: 0x20004178, Load base: 0x00031a08, Size: 0x00003188, Max: 0x0000b8e8, ABSOLUTE, COMPRESSED[0x0000007c])

    Exec Addr    Load Addr    Size         Type   Attr      Idx    E Section Name        Object

    0x20004178   COMPRESSED   0x00000039   Data   RW           40    .data               main.o
    0x200041b1   COMPRESSED   0x00000003   PAD
    0x200041b4   COMPRESSED   0x00000068   Data   RW          760    .data               fds_mem.o
    0x2000421c   COMPRESSED   0x00000015   Data   RW          852    .data               spi_trans.o
    0x20004231   COMPRESSED   0x00000003   PAD
    0x20004234   COMPRESSED   0x0000000c   Data   RW          987    .data               eeprom_simulator.o
    0x20004240   COMPRESSED   0x00000004   Data   RW         1082    .data               twi.o
    0x20004244   COMPRESSED   0x00000015   Data   RW         1319    .data               bsp.o
    0x20004259   COMPRESSED   0x00000003   PAD
    0x2000425c   COMPRESSED   0x00000008   Data   RW         1422    .data               bsp_btn_ble.o
    0x20004264   COMPRESSED   0x00000008   Data   RW         1838    .data               ble_conn_params.o
    0x2000426c   COMPRESSED   0x0000004a   Data   RW         2455    .data               ble_dis.o
    0x200042b6   COMPRESSED   0x00000002   PAD
    0x200042b8   COMPRESSED   0x00000009   Data   RW         2733    .data               nrf_drv_uart.o
    0x200042c1   COMPRESSED   0x00000003   PAD
    0x200042c4   COMPRESSED   0x00000008   Data   RW         2946    .data               nrfx_clock.o
    0x200042cc   COMPRESSED   0x00000008   Data   RW         3412    .data               nrfx_prs.o
    0x200042d4   COMPRESSED   0x00000010   Data   RW         4654    .data               nrf_drv_twi.o
    0x200042e4   COMPRESSED   0x00000004   PAD
    0x200042e8   COMPRESSED   0x00000024   Data   RW         5505    .data               app_timer2.o
    0x2000430c   COMPRESSED   0x0000001b   Data   RW         5646    .data               app_uart_fifo.o
    0x20004327   COMPRESSED   0x00000001   PAD
    0x20004328   COMPRESSED   0x0000000c   Data   RW         5836    .data               drv_rtc.o
    0x20004334   COMPRESSED   0x00000009   Data   RW         6554    .data               nrf_pwr_mgmt.o
    0x2000433d   COMPRESSED   0x00000003   PAD
    0x20004340   COMPRESSED   0x00000008   Data   RW         6958    .data               nrf_fstorage_sd.o
    0x20004348   COMPRESSED   0x00000030   Data   RW         7151    .data               fds.o
    0x20004378   COMPRESSED   0x00000003   Data   RW         7887    .data               nrf_sdh.o
    0x2000437b   COMPRESSED   0x00000001   Data   RW         7999    .data               nrf_sdh_ble.o
    0x2000437c   COMPRESSED   0x00000004   Data   RW         8222    .data               ble_dfu_unbonded.o
    0x20004380   COMPRESSED   0x00000004   Data   RW         8495    .data               system_nrf52.o
    0x20004384   COMPRESSED   0x00000014   Data   RW         7152    fs_data             fds.o
    0x20004398        -       0x000007e4   Zero   RW           38    .bss                main.o
    0x20004b7c   COMPRESSED   0x00000004   PAD
    0x20004b80        -       0x00000020   Zero   RW          618    .bss                ppi_gpiote.o
    0x20004ba0        -       0x0000020a   Zero   RW          985    .bss                eeprom_simulator.o
    0x20004daa   COMPRESSED   0x00000006   PAD
    0x20004db0        -       0x00000070   Zero   RW         1317    .bss                bsp.o
    0x20004e20        -       0x00000050   Zero   RW         1837    .bss                ble_conn_params.o
    0x20004e70        -       0x0000007c   Zero   RW         1954    .bss                ble_conn_state.o
    0x20004eec        -       0x00000014   Zero   RW         2585    .bss                nrf_drv_clock.o
    0x20004f00        -       0x0000005c   Zero   RW         3139    .bss                nrfx_gpiote.o
    0x20004f5c        -       0x0000002c   Zero   RW         3496    .bss                nrfx_uart.o
    0x20004f88        -       0x00000024   Zero   RW         3735    .bss                nrfx_uarte.o
    0x20004fac        -       0x00000018   Zero   RW         3944    .bss                nrfx_timer.o
    0x20004fc4        -       0x00000030   Zero   RW         4307    .bss                nrfx_saadc.o
    0x20004ff4        -       0x00000018   Zero   RW         4445    .bss                nrf_drv_spi.o
    0x2000500c        -       0x00000024   Zero   RW         4521    .bss                nrfx_spim.o
    0x20005030        -       0x0000003c   Zero   RW         4747    .bss                nrfx_twi.o
    0x2000506c        -       0x0000000c   Zero   RW         4962    .bss                nrfx_twis.o
    0x20005078        -       0x00000068   Zero   RW         5503    .bss                app_timer2.o
    0x200050e0        -       0x00000020   Zero   RW         5644    .bss                app_uart_fifo.o
    0x20005100        -       0x0000000c   Zero   RW         5734    .bss                app_util_platform.o
    0x2000510c        -       0x0000000c   Zero   RW         6552    .bss                nrf_pwr_mgmt.o
    0x20005118        -       0x000000b0   Zero   RW         6956    .bss                nrf_fstorage_sd.o
    0x200051c8        -       0x000000f0   Zero   RW         7149    .bss                fds.o
    0x200052b8        -       0x0000001c   Zero   RW         8090    .bss                ble_dfu.o
    0x200052d4        -       0x00000028   Zero   RW         8221    .bss                ble_dfu_unbonded.o
    0x200052fc   COMPRESSED   0x00000004   PAD
    0x20005300        -       0x00002000   Zero   RW         8318    STACK               arm_startup_nrf52.o


==============================================================================

Image component sizes


      Code (inc. data)   RO Data    RW Data    ZI Data      Debug   Object Name

        28          0          0          0          0       2477   app_error.o
        92         10          0          0          0      30717   app_error_weak.o
       170          0          0          0          0       6158   app_fifo.o
         0          0          0          0          0      37106   app_scheduler.o
      1122        124         20         36        104      18887   app_timer2.o
       786        108         32         27         32      23550   app_uart_fifo.o
       200         24          0          0         12      10582   app_util_platform.o
        36          8        512          0       8192        928   arm_startup_nrf52.o
      1756          0          0          0          0      55896   ble_advdata.o
      1408          6          0          0          0      23030   ble_advertising.o
       592          0          0          0          0       7947   ble_bas.o
       936         56          8          8         80      13155   ble_conn_params.o
       624         44          8          0        124      12682   ble_conn_state.o
       680         54         32          0         28      21320   ble_dfu.o
       622         48          8          4         40      15674   ble_dfu_unbonded.o
       844         48          0         74          0      43201   ble_dis.o
       108          0          0          0          0       1608   ble_link_ctx_manager.o
       786          4         16          0          0       6908   ble_nus.o
       962          6          0          0          0      44666   ble_srv_common.o
       270         20          8          0          0      10423   boards.o
      1264         80         44         21        112      10473   bsp.o
       288          8          8          8          0       4420   bsp_btn_ble.o
        72         28          0          0          0     129565   dev_info_service.o
       886         34          6         12          0      50965   drv_rtc.o
       424         80         28         12        522      14602   eeprom_simulator.o
      4994        470         24         68        240      56481   fds.o
       492         60        465        104          0       9723   fds_mem.o
      2846        266        100         57       2020     153898   main.o
       374          0          0          0          0       6816   nrf_atfifo.o
        90          0          0          0          0       3136   nrf_atflags.o
       394          0          0          0          0       8193   nrf_atomic.o
       786         16         22          0          0      39644   nrf_ble_gatt.o
       390          0          0          0          0       7797   nrf_ble_qwr.o
        76          6          0          0          0       1618   nrf_dfu_svci.o
       364         48         16          0         20      42614   nrf_drv_clock.o
       200         24         16          0         24       6363   nrf_drv_spi.o
       372         30          6         16          0      23211   nrf_drv_twi.o
       252         42          0          9          0      17848   nrf_drv_uart.o
       370          0          0          0          0       7957   nrf_fstorage.o
      1118        118         72          8        176      19375   nrf_fstorage_sd.o
       470         54         36          9         12      48213   nrf_pwr_mgmt.o
       804         86         88          3          0      41326   nrf_sdh.o
       366         18         56          1          0       5797   nrf_sdh_ble.o
        84          4         36          0          0       2604   nrf_sdh_soc.o
       112          0          0          0          0       2852   nrf_section_iter.o
       110          0          0          0          0       3708   nrf_sortlist.o
       400         34          0          8          0      44450   nrfx_clock.o
       764         30         62          0         92      55067   nrfx_gpiote.o
       140         14          0          8          0       4512   nrfx_prs.o
      1304         76        170          0         48      23257   nrfx_saadc.o
      1294         42         45          0         36      26523   nrfx_spim.o
       178         20          0          0         24      12120   nrfx_timer.o
      2196         74         64          0         60      33498   nrfx_twi.o
      2024         66         62          0         12      32100   nrfx_twis.o
      1682         46         46          0         44      35168   nrfx_uart.o
      1600         46         48          0         36      30909   nrfx_uarte.o
       294         30          4          0         32      43599   ppi_gpiote.o
       754        122         48         21          0      25724   spi_trans.o
      1552        158          0          4          0      10711   system_nrf52.o
       616         56         32          4          0      26700   twi.o

    ----------------------------------------------------------------------
     44888       2846       2312        544      12136    1510452   Object Totals
         0          0         32          0          0          0   (incl. Generated)
        70          0         32         22         14          0   (incl. Padding)

    ----------------------------------------------------------------------

      Code (inc. data)   RO Data    RW Data    ZI Data      Debug   Library Member Name

        86          0          0          0          0          0   __dczerorl2.o
         0          0          0          0          0          0   entry.o
         0          0          0          0          0          0   entry10a.o
         0          0          0          0          0          0   entry11a.o
         8          4          0          0          0          0   entry2.o
         4          0          0          0          0          0   entry5.o
         0          0          0          0          0          0   entry7b.o
         0          0          0          0          0          0   entry8b.o
         8          4          0          0          0          0   entry9a.o
        30          0          0          0          0          0   handlers.o
        36          8          0          0          0         68   init.o
        30          0          0          0          0         68   llshl.o
        32          0          0          0          0         68   llushr.o
        36          0          0          0          0         68   memcpya.o
        36          0          0          0          0        108   memseta.o
        14          0          0          0          0         68   strlen.o
        98          0          0          0          0         92   uldiv.o

    ----------------------------------------------------------------------
       424         16          0          0          0        540   Library Totals
         6          0          0          0          0          0   (incl. Padding)

    ----------------------------------------------------------------------

      Code (inc. data)   RO Data    RW Data    ZI Data      Debug   Library Name

       418         16          0          0          0        540   mc_w.l

    ----------------------------------------------------------------------
       424         16          0          0          0        540   Library Totals

    ----------------------------------------------------------------------

==============================================================================


      Code (inc. data)   RO Data    RW Data    ZI Data      Debug   

     45312       2862       2312        544      12136    1450120   Grand Totals
     45312       2862       2312        124      12136    1450120   ELF Image Totals (compressed)
     45312       2862       2312        124          0          0   ROM Totals

==============================================================================

    Total RO  Size (Code + RO Data)                47624 (  46.51kB)
    Total RW  Size (RW Data + ZI Data)             12680 (  12.38kB)
    Total ROM Size (Code + RO Data + RW Data)      47748 (  46.63kB)

==============================================================================

